main.c:89:6:HAL_GPIO_EXTI_Callback	16	static
main.c:95:6:HAL_UART_RxCpltCallback	16	static
main.c:98:6:set_cmd	40	static
main.c:122:6:set_res	16	static
main.c:125:6:Hebb_weight_update	24	static
main.c:167:5:main	56	dynamic
main.c:341:6:SystemClock_Config	96	static
main.c:390:13:MX_RTC_Init	24	static
main.c:452:13:MX_SPI1_Init	8	static
main.c:490:13:MX_SPI3_Init	8	static
main.c:528:13:MX_TIM1_Init	32	static
main.c:574:13:MX_USART1_UART_Init	8	static
main.c:607:13:MX_USART2_UART_Init	8	static
main.c:640:13:MX_GPIO_Init	48	static
main.c:718:6:HAL_TIM_PeriodElapsedCallback	16	static
main.c:742:6:Error_Handler	4	static,ignoring_inline_asm
