main.c:87:6:HAL_GPIO_EXTI_Callback	16	static
main.c:93:6:HAL_UART_RxCpltCallback	16	static
main.c:107:5:main	56	dynamic
main.c:272:6:SystemClock_Config	96	static
main.c:321:13:MX_RTC_Init	24	static
main.c:383:13:MX_SPI1_Init	8	static
main.c:421:13:MX_SPI3_Init	8	static
main.c:459:13:MX_TIM1_Init	32	static
main.c:505:13:MX_USART1_UART_Init	8	static
main.c:538:13:MX_USART2_UART_Init	8	static
main.c:569:13:MX_DMA_Init	16	static
main.c:591:13:MX_GPIO_Init	48	static
main.c:669:6:HAL_TIM_PeriodElapsedCallback	16	static
main.c:688:6:Error_Handler	4	static,ignoring_inline_asm
