Archive member included to satisfy reference by file (symbol)

c:/st/stm32cubeide_1.6.0/stm32cubeide/plugins/com.st.stm32cube.ide.mcu.externaltools.gnu-tools-for-stm32.9-2020-q2-update.win32_1.5.0.202011040924/tools/bin/../lib/gcc/arm-none-eabi/9.3.1/../../../../arm-none-eabi/lib/thumb/v7-m/nofp\libc_nano.a(lib_a-errno.o)
                              Core/Src/syscalls.o (__errno)
c:/st/stm32cubeide_1.6.0/stm32cubeide/plugins/com.st.stm32cube.ide.mcu.externaltools.gnu-tools-for-stm32.9-2020-q2-update.win32_1.5.0.202011040924/tools/bin/../lib/gcc/arm-none-eabi/9.3.1/../../../../arm-none-eabi/lib/thumb/v7-m/nofp\libc_nano.a(lib_a-exit.o)
                              c:/st/stm32cubeide_1.6.0/stm32cubeide/plugins/com.st.stm32cube.ide.mcu.externaltools.gnu-tools-for-stm32.9-2020-q2-update.win32_1.5.0.202011040924/tools/bin/../lib/gcc/arm-none-eabi/9.3.1/../../../../arm-none-eabi/lib/thumb/v7-m/nofp/crt0.o (exit)
c:/st/stm32cubeide_1.6.0/stm32cubeide/plugins/com.st.stm32cube.ide.mcu.externaltools.gnu-tools-for-stm32.9-2020-q2-update.win32_1.5.0.202011040924/tools/bin/../lib/gcc/arm-none-eabi/9.3.1/../../../../arm-none-eabi/lib/thumb/v7-m/nofp\libc_nano.a(lib_a-impure.o)
                              c:/st/stm32cubeide_1.6.0/stm32cubeide/plugins/com.st.stm32cube.ide.mcu.externaltools.gnu-tools-for-stm32.9-2020-q2-update.win32_1.5.0.202011040924/tools/bin/../lib/gcc/arm-none-eabi/9.3.1/../../../../arm-none-eabi/lib/thumb/v7-m/nofp\libc_nano.a(lib_a-exit.o) (_global_impure_ptr)
c:/st/stm32cubeide_1.6.0/stm32cubeide/plugins/com.st.stm32cube.ide.mcu.externaltools.gnu-tools-for-stm32.9-2020-q2-update.win32_1.5.0.202011040924/tools/bin/../lib/gcc/arm-none-eabi/9.3.1/../../../../arm-none-eabi/lib/thumb/v7-m/nofp\libc_nano.a(lib_a-init.o)
                              c:/st/stm32cubeide_1.6.0/stm32cubeide/plugins/com.st.stm32cube.ide.mcu.externaltools.gnu-tools-for-stm32.9-2020-q2-update.win32_1.5.0.202011040924/tools/bin/../lib/gcc/arm-none-eabi/9.3.1/../../../../arm-none-eabi/lib/thumb/v7-m/nofp/crt0.o (__libc_init_array)
c:/st/stm32cubeide_1.6.0/stm32cubeide/plugins/com.st.stm32cube.ide.mcu.externaltools.gnu-tools-for-stm32.9-2020-q2-update.win32_1.5.0.202011040924/tools/bin/../lib/gcc/arm-none-eabi/9.3.1/../../../../arm-none-eabi/lib/thumb/v7-m/nofp\libc_nano.a(lib_a-memset.o)
                              c:/st/stm32cubeide_1.6.0/stm32cubeide/plugins/com.st.stm32cube.ide.mcu.externaltools.gnu-tools-for-stm32.9-2020-q2-update.win32_1.5.0.202011040924/tools/bin/../lib/gcc/arm-none-eabi/9.3.1/../../../../arm-none-eabi/lib/thumb/v7-m/nofp/crt0.o (memset)
c:/st/stm32cubeide_1.6.0/stm32cubeide/plugins/com.st.stm32cube.ide.mcu.externaltools.gnu-tools-for-stm32.9-2020-q2-update.win32_1.5.0.202011040924/tools/bin/../lib/gcc/arm-none-eabi/9.3.1/thumb/v7-m/nofp\libgcc.a(_aeabi_uldivmod.o)
                              Drivers/STM32F2xx_HAL_Driver/Src/stm32f2xx_hal_rcc.o (__aeabi_uldivmod)
c:/st/stm32cubeide_1.6.0/stm32cubeide/plugins/com.st.stm32cube.ide.mcu.externaltools.gnu-tools-for-stm32.9-2020-q2-update.win32_1.5.0.202011040924/tools/bin/../lib/gcc/arm-none-eabi/9.3.1/thumb/v7-m/nofp\libgcc.a(_udivmoddi4.o)
                              c:/st/stm32cubeide_1.6.0/stm32cubeide/plugins/com.st.stm32cube.ide.mcu.externaltools.gnu-tools-for-stm32.9-2020-q2-update.win32_1.5.0.202011040924/tools/bin/../lib/gcc/arm-none-eabi/9.3.1/thumb/v7-m/nofp\libgcc.a(_aeabi_uldivmod.o) (__udivmoddi4)
c:/st/stm32cubeide_1.6.0/stm32cubeide/plugins/com.st.stm32cube.ide.mcu.externaltools.gnu-tools-for-stm32.9-2020-q2-update.win32_1.5.0.202011040924/tools/bin/../lib/gcc/arm-none-eabi/9.3.1/thumb/v7-m/nofp\libgcc.a(_dvmd_tls.o)
                              c:/st/stm32cubeide_1.6.0/stm32cubeide/plugins/com.st.stm32cube.ide.mcu.externaltools.gnu-tools-for-stm32.9-2020-q2-update.win32_1.5.0.202011040924/tools/bin/../lib/gcc/arm-none-eabi/9.3.1/thumb/v7-m/nofp\libgcc.a(_aeabi_uldivmod.o) (__aeabi_ldiv0)

Allocating common symbols
Common symbol       size              file

uwTick              0x4               Drivers/STM32F2xx_HAL_Driver/Src/stm32f2xx_hal.o
pFlash              0x20              Drivers/STM32F2xx_HAL_Driver/Src/stm32f2xx_hal_flash.o
hspi3               0x58              Core/Src/main.o
hdma_usart1_rx      0x60              Core/Src/main.o
hdma_usart2_tx      0x60              Core/Src/main.o
huart1              0x40              Core/Src/main.o
hrtc                0x20              Core/Src/main.o
htim1               0x48              Core/Src/main.o
hspi1               0x58              Core/Src/main.o
huart2              0x40              Core/Src/main.o
htim14              0x48              Core/Src/stm32f2xx_hal_timebase_tim.o

Discarded input sections

[...]
Memory Configuration

Name             Origin             Length             Attributes
RAM              0x0000000020000000 0x0000000000020000 xrw
FLASH            0x0000000008000000 0x0000000000080000 xr
*default*        0x0000000000000000 0xffffffffffffffff

Linker script and memory map

LOAD c:/st/stm32cubeide_1.6.0/stm32cubeide/plugins/com.st.stm32cube.ide.mcu.externaltools.gnu-tools-for-stm32.9-2020-q2-update.win32_1.5.0.202011040924/tools/bin/../lib/gcc/arm-none-eabi/9.3.1/thumb/v7-m/nofp/crti.o
LOAD c:/st/stm32cubeide_1.6.0/stm32cubeide/plugins/com.st.stm32cube.ide.mcu.externaltools.gnu-tools-for-stm32.9-2020-q2-update.win32_1.5.0.202011040924/tools/bin/../lib/gcc/arm-none-eabi/9.3.1/thumb/v7-m/nofp/crtbegin.o
LOAD c:/st/stm32cubeide_1.6.0/stm32cubeide/plugins/com.st.stm32cube.ide.mcu.externaltools.gnu-tools-for-stm32.9-2020-q2-update.win32_1.5.0.202011040924/tools/bin/../lib/gcc/arm-none-eabi/9.3.1/../../../../arm-none-eabi/lib/thumb/v7-m/nofp/crt0.o
LOAD Core/Src/main.o
LOAD Core/Src/stm32f2xx_hal_msp.o
LOAD Core/Src/stm32f2xx_hal_timebase_tim.o
LOAD Core/Src/stm32f2xx_it.o
LOAD Core/Src/syscalls.o
LOAD Core/Src/sysmem.o
LOAD Core/Src/system_stm32f2xx.o
LOAD Core/Startup/startup_stm32f205retx.o
LOAD Drivers/STM32F2xx_HAL_Driver/Src/stm32f2xx_hal.o
LOAD Drivers/STM32F2xx_HAL_Driver/Src/stm32f2xx_hal_cortex.o
LOAD Drivers/STM32F2xx_HAL_Driver/Src/stm32f2xx_hal_dma.o
LOAD Drivers/STM32F2xx_HAL_Driver/Src/stm32f2xx_hal_dma_ex.o
LOAD Drivers/STM32F2xx_HAL_Driver/Src/stm32f2xx_hal_exti.o
LOAD Drivers/STM32F2xx_HAL_Driver/Src/stm32f2xx_hal_flash.o
LOAD Drivers/STM32F2xx_HAL_Driver/Src/stm32f2xx_hal_flash_ex.o
LOAD Drivers/STM32F2xx_HAL_Driver/Src/stm32f2xx_hal_gpio.o
LOAD Drivers/STM32F2xx_HAL_Driver/Src/stm32f2xx_hal_pwr.o
LOAD Drivers/STM32F2xx_HAL_Driver/Src/stm32f2xx_hal_pwr_ex.o
LOAD Drivers/STM32F2xx_HAL_Driver/Src/stm32f2xx_hal_rcc.o
LOAD Drivers/STM32F2xx_HAL_Driver/Src/stm32f2xx_hal_rcc_ex.o
LOAD Drivers/STM32F2xx_HAL_Driver/Src/stm32f2xx_hal_rtc.o
LOAD Drivers/STM32F2xx_HAL_Driver/Src/stm32f2xx_hal_rtc_ex.o
LOAD Drivers/STM32F2xx_HAL_Driver/Src/stm32f2xx_hal_spi.o
LOAD Drivers/STM32F2xx_HAL_Driver/Src/stm32f2xx_hal_tim.o
LOAD Drivers/STM32F2xx_HAL_Driver/Src/stm32f2xx_hal_tim_ex.o
LOAD Drivers/STM32F2xx_HAL_Driver/Src/stm32f2xx_hal_uart.o
START GROUP
LOAD c:/st/stm32cubeide_1.6.0/stm32cubeide/plugins/com.st.stm32cube.ide.mcu.externaltools.gnu-tools-for-stm32.9-2020-q2-update.win32_1.5.0.202011040924/tools/bin/../lib/gcc/arm-none-eabi/9.3.1/../../../../arm-none-eabi/lib/thumb/v7-m/nofp\libstdc++_nano.a
LOAD c:/st/stm32cubeide_1.6.0/stm32cubeide/plugins/com.st.stm32cube.ide.mcu.externaltools.gnu-tools-for-stm32.9-2020-q2-update.win32_1.5.0.202011040924/tools/bin/../lib/gcc/arm-none-eabi/9.3.1/../../../../arm-none-eabi/lib/thumb/v7-m/nofp\libsupc++_nano.a
END GROUP
LOAD c:/st/stm32cubeide_1.6.0/stm32cubeide/plugins/com.st.stm32cube.ide.mcu.externaltools.gnu-tools-for-stm32.9-2020-q2-update.win32_1.5.0.202011040924/tools/bin/../lib/gcc/arm-none-eabi/9.3.1/../../../../arm-none-eabi/lib/thumb/v7-m/nofp\libstdc++_nano.a
LOAD c:/st/stm32cubeide_1.6.0/stm32cubeide/plugins/com.st.stm32cube.ide.mcu.externaltools.gnu-tools-for-stm32.9-2020-q2-update.win32_1.5.0.202011040924/tools/bin/../lib/gcc/arm-none-eabi/9.3.1/../../../../arm-none-eabi/lib/thumb/v7-m/nofp\libm.a
LOAD c:/st/stm32cubeide_1.6.0/stm32cubeide/plugins/com.st.stm32cube.ide.mcu.externaltools.gnu-tools-for-stm32.9-2020-q2-update.win32_1.5.0.202011040924/tools/bin/../lib/gcc/arm-none-eabi/9.3.1/../../../../arm-none-eabi/lib/thumb/v7-m/nofp\libc_nano.a
START GROUP
LOAD c:/st/stm32cubeide_1.6.0/stm32cubeide/plugins/com.st.stm32cube.ide.mcu.externaltools.gnu-tools-for-stm32.9-2020-q2-update.win32_1.5.0.202011040924/tools/bin/../lib/gcc/arm-none-eabi/9.3.1/thumb/v7-m/nofp\libgcc.a
LOAD c:/st/stm32cubeide_1.6.0/stm32cubeide/plugins/com.st.stm32cube.ide.mcu.externaltools.gnu-tools-for-stm32.9-2020-q2-update.win32_1.5.0.202011040924/tools/bin/../lib/gcc/arm-none-eabi/9.3.1/../../../../arm-none-eabi/lib/thumb/v7-m/nofp\libc_nano.a
END GROUP
START GROUP
LOAD c:/st/stm32cubeide_1.6.0/stm32cubeide/plugins/com.st.stm32cube.ide.mcu.externaltools.gnu-tools-for-stm32.9-2020-q2-update.win32_1.5.0.202011040924/tools/bin/../lib/gcc/arm-none-eabi/9.3.1/thumb/v7-m/nofp\libgcc.a
LOAD c:/st/stm32cubeide_1.6.0/stm32cubeide/plugins/com.st.stm32cube.ide.mcu.externaltools.gnu-tools-for-stm32.9-2020-q2-update.win32_1.5.0.202011040924/tools/bin/../lib/gcc/arm-none-eabi/9.3.1/../../../../arm-none-eabi/lib/thumb/v7-m/nofp\libc_nano.a
LOAD c:/st/stm32cubeide_1.6.0/stm32cubeide/plugins/com.st.stm32cube.ide.mcu.externaltools.gnu-tools-for-stm32.9-2020-q2-update.win32_1.5.0.202011040924/tools/bin/../lib/gcc/arm-none-eabi/9.3.1/../../../../arm-none-eabi/lib/thumb/v7-m/nofp\libnosys.a
END GROUP
START GROUP
LOAD c:/st/stm32cubeide_1.6.0/stm32cubeide/plugins/com.st.stm32cube.ide.mcu.externaltools.gnu-tools-for-stm32.9-2020-q2-update.win32_1.5.0.202011040924/tools/bin/../lib/gcc/arm-none-eabi/9.3.1/thumb/v7-m/nofp\libgcc.a
LOAD c:/st/stm32cubeide_1.6.0/stm32cubeide/plugins/com.st.stm32cube.ide.mcu.externaltools.gnu-tools-for-stm32.9-2020-q2-update.win32_1.5.0.202011040924/tools/bin/../lib/gcc/arm-none-eabi/9.3.1/../../../../arm-none-eabi/lib/thumb/v7-m/nofp\libc_nano.a
LOAD c:/st/stm32cubeide_1.6.0/stm32cubeide/plugins/com.st.stm32cube.ide.mcu.externaltools.gnu-tools-for-stm32.9-2020-q2-update.win32_1.5.0.202011040924/tools/bin/../lib/gcc/arm-none-eabi/9.3.1/../../../../arm-none-eabi/lib/thumb/v7-m/nofp\libnosys.a
END GROUP
LOAD c:/st/stm32cubeide_1.6.0/stm32cubeide/plugins/com.st.stm32cube.ide.mcu.externaltools.gnu-tools-for-stm32.9-2020-q2-update.win32_1.5.0.202011040924/tools/bin/../lib/gcc/arm-none-eabi/9.3.1/thumb/v7-m/nofp/crtend.o
LOAD c:/st/stm32cubeide_1.6.0/stm32cubeide/plugins/com.st.stm32cube.ide.mcu.externaltools.gnu-tools-for-stm32.9-2020-q2-update.win32_1.5.0.202011040924/tools/bin/../lib/gcc/arm-none-eabi/9.3.1/thumb/v7-m/nofp/crtn.o
                0x0000000020020000                _estack = (ORIGIN (RAM) + LENGTH (RAM))
                0x0000000000000200                _Min_Heap_Size = 0x200
                0x0000000000000400                _Min_Stack_Size = 0x400

.isr_vector     0x0000000008000000      0x184
                0x0000000008000000                . = ALIGN (0x4)
 *(.isr_vector)
 .isr_vector    0x0000000008000000      0x184 Core/Startup/startup_stm32f205retx.o
                0x0000000008000000                g_pfnVectors
                0x0000000008000184                . = ALIGN (0x4)

.text           0x0000000008000184     0x48c8
                0x0000000008000184                . = ALIGN (0x4)
 *(.text)
 .text          0x0000000008000184       0x40 c:/st/stm32cubeide_1.6.0/stm32cubeide/plugins/com.st.stm32cube.ide.mcu.externaltools.gnu-tools-for-stm32.9-2020-q2-update.win32_1.5.0.202011040924/tools/bin/../lib/gcc/arm-none-eabi/9.3.1/thumb/v7-m/nofp/crtbegin.o
 .text          0x00000000080001c4       0x30 c:/st/stm32cubeide_1.6.0/stm32cubeide/plugins/com.st.stm32cube.ide.mcu.externaltools.gnu-tools-for-stm32.9-2020-q2-update.win32_1.5.0.202011040924/tools/bin/../lib/gcc/arm-none-eabi/9.3.1/thumb/v7-m/nofp\libgcc.a(_aeabi_uldivmod.o)
                0x00000000080001c4                __aeabi_uldivmod
 .text          0x00000000080001f4      0x2c4 c:/st/stm32cubeide_1.6.0/stm32cubeide/plugins/com.st.stm32cube.ide.mcu.externaltools.gnu-tools-for-stm32.9-2020-q2-update.win32_1.5.0.202011040924/tools/bin/../lib/gcc/arm-none-eabi/9.3.1/thumb/v7-m/nofp\libgcc.a(_udivmoddi4.o)
                0x00000000080001f4                __udivmoddi4
 .text          0x00000000080004b8        0x4 c:/st/stm32cubeide_1.6.0/stm32cubeide/plugins/com.st.stm32cube.ide.mcu.externaltools.gnu-tools-for-stm32.9-2020-q2-update.win32_1.5.0.202011040924/tools/bin/../lib/gcc/arm-none-eabi/9.3.1/thumb/v7-m/nofp\libgcc.a(_dvmd_tls.o)
                0x00000000080004b8                __aeabi_idiv0
                0x00000000080004b8                __aeabi_ldiv0
 *(.text*)
 .text.main     0x00000000080004bc      0x1bc Core/Src/main.o
                0x00000000080004bc                main
 .text.SystemClock_Config
                0x0000000008000678       0xc0 Core/Src/main.o
                0x0000000008000678                SystemClock_Config
 .text.MX_RTC_Init
                0x0000000008000738       0xb0 Core/Src/main.o
 .text.MX_SPI1_Init
                0x00000000080007e8       0x6c Core/Src/main.o
 .text.MX_SPI3_Init
                0x0000000008000854       0x6c Core/Src/main.o
 .text.MX_TIM1_Init
                0x00000000080008c0       0xa0 Core/Src/main.o
 .text.MX_USART1_UART_Init
                0x0000000008000960       0x54 Core/Src/main.o
 .text.MX_USART2_UART_Init
                0x00000000080009b4       0x54 Core/Src/main.o
 .text.MX_DMA_Init
                0x0000000008000a08       0x6c Core/Src/main.o
 .text.MX_GPIO_Init
                0x0000000008000a74      0x140 Core/Src/main.o
 .text.HAL_TIM_PeriodElapsedCallback
                0x0000000008000bb4       0x44 Core/Src/main.o
                0x0000000008000bb4                HAL_TIM_PeriodElapsedCallback
 .text.Error_Handler
                0x0000000008000bf8        0xa Core/Src/main.o
                0x0000000008000bf8                Error_Handler
 *fill*         0x0000000008000c02        0x2 
 .text.HAL_MspInit
                0x0000000008000c04       0x4c Core/Src/stm32f2xx_hal_msp.o
                0x0000000008000c04                HAL_MspInit
 .text.HAL_RTC_MspInit
                0x0000000008000c50       0x2c Core/Src/stm32f2xx_hal_msp.o
                0x0000000008000c50                HAL_RTC_MspInit
 .text.HAL_SPI_MspInit
                0x0000000008000c7c       0xfc Core/Src/stm32f2xx_hal_msp.o
                0x0000000008000c7c                HAL_SPI_MspInit
 .text.HAL_TIM_Base_MspInit
                0x0000000008000d78       0x50 Core/Src/stm32f2xx_hal_msp.o
                0x0000000008000d78                HAL_TIM_Base_MspInit
 .text.HAL_UART_MspInit
                0x0000000008000dc8      0x1d0 Core/Src/stm32f2xx_hal_msp.o
                0x0000000008000dc8                HAL_UART_MspInit
 .text.HAL_InitTick
                0x0000000008000f98       0xb4 Core/Src/stm32f2xx_hal_timebase_tim.o
                0x0000000008000f98                HAL_InitTick
 .text.NMI_Handler
                0x000000000800104c        0x6 Core/Src/stm32f2xx_it.o
                0x000000000800104c                NMI_Handler
 .text.HardFault_Handler
                0x0000000008001052        0x6 Core/Src/stm32f2xx_it.o
                0x0000000008001052                HardFault_Handler
 .text.MemManage_Handler
                0x0000000008001058        0x6 Core/Src/stm32f2xx_it.o
                0x0000000008001058                MemManage_Handler
 .text.BusFault_Handler
                0x000000000800105e        0x6 Core/Src/stm32f2xx_it.o
                0x000000000800105e                BusFault_Handler
 .text.UsageFault_Handler
                0x0000000008001064        0x6 Core/Src/stm32f2xx_it.o
                0x0000000008001064                UsageFault_Handler
 .text.SVC_Handler
                0x000000000800106a        0xc Core/Src/stm32f2xx_it.o
                0x000000000800106a                SVC_Handler
 .text.DebugMon_Handler
                0x0000000008001076        0xc Core/Src/stm32f2xx_it.o
                0x0000000008001076                DebugMon_Handler
 .text.PendSV_Handler
                0x0000000008001082        0xc Core/Src/stm32f2xx_it.o
                0x0000000008001082                PendSV_Handler
 .text.SysTick_Handler
                0x000000000800108e        0xc Core/Src/stm32f2xx_it.o
                0x000000000800108e                SysTick_Handler
 *fill*         0x000000000800109a        0x2 
 .text.DMA1_Stream6_IRQHandler
                0x000000000800109c       0x14 Core/Src/stm32f2xx_it.o
                0x000000000800109c                DMA1_Stream6_IRQHandler
 .text.TIM1_UP_TIM10_IRQHandler
                0x00000000080010b0       0x14 Core/Src/stm32f2xx_it.o
                0x00000000080010b0                TIM1_UP_TIM10_IRQHandler
 .text.USART1_IRQHandler
                0x00000000080010c4       0x14 Core/Src/stm32f2xx_it.o
                0x00000000080010c4                USART1_IRQHandler
 .text.TIM8_TRG_COM_TIM14_IRQHandler
                0x00000000080010d8       0x14 Core/Src/stm32f2xx_it.o
                0x00000000080010d8                TIM8_TRG_COM_TIM14_IRQHandler
 .text.DMA2_Stream2_IRQHandler
                0x00000000080010ec       0x14 Core/Src/stm32f2xx_it.o
                0x00000000080010ec                DMA2_Stream2_IRQHandler
 .text.SystemInit
                0x0000000008001100        0xc Core/Src/system_stm32f2xx.o
                0x0000000008001100                SystemInit
 .text.Reset_Handler
                0x000000000800110c       0x50 Core/Startup/startup_stm32f205retx.o
                0x000000000800110c                Reset_Handler
 .text.Default_Handler
                0x000000000800115c        0x2 Core/Startup/startup_stm32f205retx.o
                0x000000000800115c                RTC_Alarm_IRQHandler
                0x000000000800115c                HASH_RNG_IRQHandler
                0x000000000800115c                EXTI2_IRQHandler
                0x000000000800115c                TIM8_CC_IRQHandler
                0x000000000800115c                TIM1_CC_IRQHandler
                0x000000000800115c                DMA2_Stream5_IRQHandler
                0x000000000800115c                DMA1_Stream5_IRQHandler
                0x000000000800115c                PVD_IRQHandler
                0x000000000800115c                SDIO_IRQHandler
                0x000000000800115c                TAMP_STAMP_IRQHandler
                0x000000000800115c                CAN2_RX1_IRQHandler
                0x000000000800115c                EXTI3_IRQHandler
                0x000000000800115c                TIM8_UP_TIM13_IRQHandler
                0x000000000800115c                I2C3_ER_IRQHandler
                0x000000000800115c                EXTI0_IRQHandler
                0x000000000800115c                I2C2_EV_IRQHandler
                0x000000000800115c                DMA1_Stream2_IRQHandler
                0x000000000800115c                CAN1_RX0_IRQHandler
                0x000000000800115c                OTG_HS_WKUP_IRQHandler
                0x000000000800115c                CAN2_SCE_IRQHandler
                0x000000000800115c                SPI1_IRQHandler
                0x000000000800115c                TIM6_DAC_IRQHandler
                0x000000000800115c                TIM1_BRK_TIM9_IRQHandler
                0x000000000800115c                CAN2_RX0_IRQHandler
                0x000000000800115c                DMA2_Stream3_IRQHandler
                0x000000000800115c                USART6_IRQHandler
                0x000000000800115c                USART3_IRQHandler
                0x000000000800115c                CAN1_RX1_IRQHandler
                0x000000000800115c                UART5_IRQHandler
                0x000000000800115c                DMA2_Stream0_IRQHandler
                0x000000000800115c                TIM4_IRQHandler
                0x000000000800115c                I2C1_EV_IRQHandler
                0x000000000800115c                DMA1_Stream1_IRQHandler
                0x000000000800115c                UART4_IRQHandler
                0x000000000800115c                TIM3_IRQHandler
                0x000000000800115c                RCC_IRQHandler
                0x000000000800115c                TIM8_BRK_TIM12_IRQHandler
                0x000000000800115c                Default_Handler
                0x000000000800115c                EXTI15_10_IRQHandler
                0x000000000800115c                ADC_IRQHandler
                0x000000000800115c                DMA1_Stream7_IRQHandler
                0x000000000800115c                TIM7_IRQHandler
                0x000000000800115c                CAN2_TX_IRQHandler
                0x000000000800115c                TIM5_IRQHandler
                0x000000000800115c                DMA2_Stream7_IRQHandler
                0x000000000800115c                I2C3_EV_IRQHandler
                0x000000000800115c                EXTI9_5_IRQHandler
                0x000000000800115c                RTC_WKUP_IRQHandler
                0x000000000800115c                SPI2_IRQHandler
                0x000000000800115c                OTG_HS_EP1_IN_IRQHandler
                0x000000000800115c                DMA1_Stream0_IRQHandler
                0x000000000800115c                CAN1_TX_IRQHandler
                0x000000000800115c                EXTI4_IRQHandler
                0x000000000800115c                FSMC_IRQHandler
                0x000000000800115c                OTG_HS_EP1_OUT_IRQHandler
                0x000000000800115c                WWDG_IRQHandler
                0x000000000800115c                TIM2_IRQHandler
                0x000000000800115c                OTG_FS_WKUP_IRQHandler
                0x000000000800115c                TIM1_TRG_COM_TIM11_IRQHandler
                0x000000000800115c                OTG_HS_IRQHandler
                0x000000000800115c                EXTI1_IRQHandler
                0x000000000800115c                USART2_IRQHandler
                0x000000000800115c                I2C2_ER_IRQHandler
                0x000000000800115c                DMA2_Stream1_IRQHandler
                0x000000000800115c                CAN1_SCE_IRQHandler
                0x000000000800115c                FLASH_IRQHandler
                0x000000000800115c                DMA2_Stream4_IRQHandler
                0x000000000800115c                OTG_FS_IRQHandler
                0x000000000800115c                SPI3_IRQHandler
                0x000000000800115c                DMA1_Stream4_IRQHandler
                0x000000000800115c                I2C1_ER_IRQHandler
                0x000000000800115c                DMA2_Stream6_IRQHandler
                0x000000000800115c                DMA1_Stream3_IRQHandler
 *fill*         0x000000000800115e        0x2 
 .text.HAL_Init
                0x0000000008001160       0x44 Drivers/STM32F2xx_HAL_Driver/Src/stm32f2xx_hal.o
                0x0000000008001160                HAL_Init
 .text.HAL_IncTick
                0x00000000080011a4       0x24 Drivers/STM32F2xx_HAL_Driver/Src/stm32f2xx_hal.o
                0x00000000080011a4                HAL_IncTick
 .text.HAL_GetTick
                0x00000000080011c8       0x14 Drivers/STM32F2xx_HAL_Driver/Src/stm32f2xx_hal.o
                0x00000000080011c8                HAL_GetTick
 .text.HAL_Delay
                0x00000000080011dc       0x48 Drivers/STM32F2xx_HAL_Driver/Src/stm32f2xx_hal.o
                0x00000000080011dc                HAL_Delay
 .text.__NVIC_SetPriorityGrouping
                0x0000000008001224       0x48 Drivers/STM32F2xx_HAL_Driver/Src/stm32f2xx_hal_cortex.o
 .text.__NVIC_GetPriorityGrouping
                0x000000000800126c       0x1c Drivers/STM32F2xx_HAL_Driver/Src/stm32f2xx_hal_cortex.o
 .text.__NVIC_EnableIRQ
                0x0000000008001288       0x38 Drivers/STM32F2xx_HAL_Driver/Src/stm32f2xx_hal_cortex.o
 .text.__NVIC_SetPriority
                0x00000000080012c0       0x54 Drivers/STM32F2xx_HAL_Driver/Src/stm32f2xx_hal_cortex.o
 .text.NVIC_EncodePriority
                0x0000000008001314       0x64 Drivers/STM32F2xx_HAL_Driver/Src/stm32f2xx_hal_cortex.o
 .text.HAL_NVIC_SetPriorityGrouping
                0x0000000008001378       0x16 Drivers/STM32F2xx_HAL_Driver/Src/stm32f2xx_hal_cortex.o
                0x0000000008001378                HAL_NVIC_SetPriorityGrouping
 .text.HAL_NVIC_SetPriority
                0x000000000800138e       0x38 Drivers/STM32F2xx_HAL_Driver/Src/stm32f2xx_hal_cortex.o
                0x000000000800138e                HAL_NVIC_SetPriority
 .text.HAL_NVIC_EnableIRQ
                0x00000000080013c6       0x1c Drivers/STM32F2xx_HAL_Driver/Src/stm32f2xx_hal_cortex.o
                0x00000000080013c6                HAL_NVIC_EnableIRQ
 *fill*         0x00000000080013e2        0x2 
 .text.HAL_DMA_Init
                0x00000000080013e4      0x15c Drivers/STM32F2xx_HAL_Driver/Src/stm32f2xx_hal_dma.o
                0x00000000080013e4                HAL_DMA_Init
 .text.HAL_DMA_Start_IT
                0x0000000008001540       0xb0 Drivers/STM32F2xx_HAL_Driver/Src/stm32f2xx_hal_dma.o
                0x0000000008001540                HAL_DMA_Start_IT
 .text.HAL_DMA_Abort_IT
                0x00000000080015f0       0x42 Drivers/STM32F2xx_HAL_Driver/Src/stm32f2xx_hal_dma.o
                0x00000000080015f0                HAL_DMA_Abort_IT
 *fill*         0x0000000008001632        0x2 
 .text.HAL_DMA_IRQHandler
                0x0000000008001634      0x314 Drivers/STM32F2xx_HAL_Driver/Src/stm32f2xx_hal_dma.o
                0x0000000008001634                HAL_DMA_IRQHandler
 .text.DMA_SetConfig
                0x0000000008001948       0x5a Drivers/STM32F2xx_HAL_Driver/Src/stm32f2xx_hal_dma.o
 *fill*         0x00000000080019a2        0x2 
 .text.DMA_CalcBaseAndBitshift
                0x00000000080019a4       0x68 Drivers/STM32F2xx_HAL_Driver/Src/stm32f2xx_hal_dma.o
 .text.DMA_CheckFifoParam
                0x0000000008001a0c       0xf4 Drivers/STM32F2xx_HAL_Driver/Src/stm32f2xx_hal_dma.o
 .text.HAL_GPIO_Init
                0x0000000008001b00      0x33c Drivers/STM32F2xx_HAL_Driver/Src/stm32f2xx_hal_gpio.o
                0x0000000008001b00                HAL_GPIO_Init
 .text.HAL_GPIO_WritePin
                0x0000000008001e3c       0x30 Drivers/STM32F2xx_HAL_Driver/Src/stm32f2xx_hal_gpio.o
                0x0000000008001e3c                HAL_GPIO_WritePin
 .text.HAL_GPIO_TogglePin
                0x0000000008001e6c       0x32 Drivers/STM32F2xx_HAL_Driver/Src/stm32f2xx_hal_gpio.o
                0x0000000008001e6c                HAL_GPIO_TogglePin
 *fill*         0x0000000008001e9e        0x2 
 .text.HAL_RCC_OscConfig
                0x0000000008001ea0      0x4a0 Drivers/STM32F2xx_HAL_Driver/Src/stm32f2xx_hal_rcc.o
                0x0000000008001ea0                HAL_RCC_OscConfig
 .text.HAL_RCC_ClockConfig
                0x0000000008002340      0x1d8 Drivers/STM32F2xx_HAL_Driver/Src/stm32f2xx_hal_rcc.o
                0x0000000008002340                HAL_RCC_ClockConfig
 .text.HAL_RCC_GetSysClockFreq
                0x0000000008002518      0x1c0 Drivers/STM32F2xx_HAL_Driver/Src/stm32f2xx_hal_rcc.o
                0x0000000008002518                HAL_RCC_GetSysClockFreq
 .text.HAL_RCC_GetHCLKFreq
                0x00000000080026d8       0x14 Drivers/STM32F2xx_HAL_Driver/Src/stm32f2xx_hal_rcc.o
                0x00000000080026d8                HAL_RCC_GetHCLKFreq
 .text.HAL_RCC_GetPCLK1Freq
                0x00000000080026ec       0x44 Drivers/STM32F2xx_HAL_Driver/Src/stm32f2xx_hal_rcc.o
                0x00000000080026ec                HAL_RCC_GetPCLK1Freq
 .text.HAL_RCC_GetPCLK2Freq
                0x0000000008002730       0x44 Drivers/STM32F2xx_HAL_Driver/Src/stm32f2xx_hal_rcc.o
                0x0000000008002730                HAL_RCC_GetPCLK2Freq
 .text.HAL_RCC_GetClockConfig
                0x0000000008002774       0x60 Drivers/STM32F2xx_HAL_Driver/Src/stm32f2xx_hal_rcc.o
                0x0000000008002774                HAL_RCC_GetClockConfig
 .text.HAL_RCCEx_PeriphCLKConfig
                0x00000000080027d4      0x1ec Drivers/STM32F2xx_HAL_Driver/Src/stm32f2xx_hal_rcc_ex.o
                0x00000000080027d4                HAL_RCCEx_PeriphCLKConfig
 .text.HAL_RTC_Init
                0x00000000080029c0      0x114 Drivers/STM32F2xx_HAL_Driver/Src/stm32f2xx_hal_rtc.o
                0x00000000080029c0                HAL_RTC_Init
 .text.HAL_RTC_SetTime
                0x0000000008002ad4      0x16c Drivers/STM32F2xx_HAL_Driver/Src/stm32f2xx_hal_rtc.o
                0x0000000008002ad4                HAL_RTC_SetTime
 .text.HAL_RTC_SetDate
                0x0000000008002c40      0x140 Drivers/STM32F2xx_HAL_Driver/Src/stm32f2xx_hal_rtc.o
                0x0000000008002c40                HAL_RTC_SetDate
 .text.HAL_RTC_WaitForSynchro
                0x0000000008002d80       0x50 Drivers/STM32F2xx_HAL_Driver/Src/stm32f2xx_hal_rtc.o
                0x0000000008002d80                HAL_RTC_WaitForSynchro
 .text.RTC_EnterInitMode
                0x0000000008002dd0       0x58 Drivers/STM32F2xx_HAL_Driver/Src/stm32f2xx_hal_rtc.o
                0x0000000008002dd0                RTC_EnterInitMode
 .text.RTC_ByteToBcd2
                0x0000000008002e28       0x3a Drivers/STM32F2xx_HAL_Driver/Src/stm32f2xx_hal_rtc.o
                0x0000000008002e28                RTC_ByteToBcd2
 .text.HAL_SPI_Init
                0x0000000008002e62      0x112 Drivers/STM32F2xx_HAL_Driver/Src/stm32f2xx_hal_spi.o
                0x0000000008002e62                HAL_SPI_Init
 .text.HAL_SPI_Transmit
                0x0000000008002f74      0x278 Drivers/STM32F2xx_HAL_Driver/Src/stm32f2xx_hal_spi.o
                0x0000000008002f74                HAL_SPI_Transmit
 .text.HAL_SPI_TransmitReceive
                0x00000000080031ec      0x344 Drivers/STM32F2xx_HAL_Driver/Src/stm32f2xx_hal_spi.o
                0x00000000080031ec                HAL_SPI_TransmitReceive
 .text.SPI_WaitFlagStateUntilTimeout
                0x0000000008003530      0x110 Drivers/STM32F2xx_HAL_Driver/Src/stm32f2xx_hal_spi.o
 .text.SPI_EndRxTxTransaction
                0x0000000008003640       0x3c Drivers/STM32F2xx_HAL_Driver/Src/stm32f2xx_hal_spi.o
 .text.HAL_TIM_Base_Init
                0x000000000800367c       0x9e Drivers/STM32F2xx_HAL_Driver/Src/stm32f2xx_hal_tim.o
                0x000000000800367c                HAL_TIM_Base_Init
 *fill*         0x000000000800371a        0x2 
 .text.HAL_TIM_Base_Start_IT
                0x000000000800371c       0xdc Drivers/STM32F2xx_HAL_Driver/Src/stm32f2xx_hal_tim.o
                0x000000000800371c                HAL_TIM_Base_Start_IT
 .text.HAL_TIM_IRQHandler
                0x00000000080037f8      0x210 Drivers/STM32F2xx_HAL_Driver/Src/stm32f2xx_hal_tim.o
                0x00000000080037f8                HAL_TIM_IRQHandler
 .text.HAL_TIM_ConfigClockSource
                0x0000000008003a08      0x188 Drivers/STM32F2xx_HAL_Driver/Src/stm32f2xx_hal_tim.o
                0x0000000008003a08                HAL_TIM_ConfigClockSource
 .text.HAL_TIM_OC_DelayElapsedCallback
                0x0000000008003b90       0x12 Drivers/STM32F2xx_HAL_Driver/Src/stm32f2xx_hal_tim.o
                0x0000000008003b90                HAL_TIM_OC_DelayElapsedCallback
 .text.HAL_TIM_IC_CaptureCallback
                0x0000000008003ba2       0x12 Drivers/STM32F2xx_HAL_Driver/Src/stm32f2xx_hal_tim.o
                0x0000000008003ba2                HAL_TIM_IC_CaptureCallback
 .text.HAL_TIM_PWM_PulseFinishedCallback
                0x0000000008003bb4       0x12 Drivers/STM32F2xx_HAL_Driver/Src/stm32f2xx_hal_tim.o
                0x0000000008003bb4                HAL_TIM_PWM_PulseFinishedCallback
 .text.HAL_TIM_TriggerCallback
                0x0000000008003bc6       0x12 Drivers/STM32F2xx_HAL_Driver/Src/stm32f2xx_hal_tim.o
                0x0000000008003bc6                HAL_TIM_TriggerCallback
 .text.TIM_Base_SetConfig
                0x0000000008003bd8      0x13c Drivers/STM32F2xx_HAL_Driver/Src/stm32f2xx_hal_tim.o
                0x0000000008003bd8                TIM_Base_SetConfig
 .text.TIM_TI1_ConfigInputStage
                0x0000000008003d14       0x5c Drivers/STM32F2xx_HAL_Driver/Src/stm32f2xx_hal_tim.o
 .text.TIM_TI2_ConfigInputStage
                0x0000000008003d70       0x5e Drivers/STM32F2xx_HAL_Driver/Src/stm32f2xx_hal_tim.o
 .text.TIM_ITRx_SetConfig
                0x0000000008003dce       0x34 Drivers/STM32F2xx_HAL_Driver/Src/stm32f2xx_hal_tim.o
 .text.TIM_ETR_SetConfig
                0x0000000008003e02       0x3e Drivers/STM32F2xx_HAL_Driver/Src/stm32f2xx_hal_tim.o
                0x0000000008003e02                TIM_ETR_SetConfig
 .text.HAL_TIMEx_MasterConfigSynchronization
                0x0000000008003e40       0xf4 Drivers/STM32F2xx_HAL_Driver/Src/stm32f2xx_hal_tim_ex.o
                0x0000000008003e40                HAL_TIMEx_MasterConfigSynchronization
 .text.HAL_TIMEx_CommutCallback
                0x0000000008003f34       0x12 Drivers/STM32F2xx_HAL_Driver/Src/stm32f2xx_hal_tim_ex.o
                0x0000000008003f34                HAL_TIMEx_CommutCallback
 .text.HAL_TIMEx_BreakCallback
                0x0000000008003f46       0x12 Drivers/STM32F2xx_HAL_Driver/Src/stm32f2xx_hal_tim_ex.o
                0x0000000008003f46                HAL_TIMEx_BreakCallback
 .text.HAL_UART_Init
                0x0000000008003f58       0x9a Drivers/STM32F2xx_HAL_Driver/Src/stm32f2xx_hal_uart.o
                0x0000000008003f58                HAL_UART_Init
 *fill*         0x0000000008003ff2        0x2 
 .text.HAL_UART_Transmit_DMA
                0x0000000008003ff4       0xd8 Drivers/STM32F2xx_HAL_Driver/Src/stm32f2xx_hal_uart.o
                0x0000000008003ff4                HAL_UART_Transmit_DMA
 .text.HAL_UART_Receive_DMA
                0x00000000080040cc      0x100 Drivers/STM32F2xx_HAL_Driver/Src/stm32f2xx_hal_uart.o
                0x00000000080040cc                HAL_UART_Receive_DMA
 .text.HAL_UART_IRQHandler
                0x00000000080041cc      0x200 Drivers/STM32F2xx_HAL_Driver/Src/stm32f2xx_hal_uart.o
                0x00000000080041cc                HAL_UART_IRQHandler
 .text.HAL_UART_TxCpltCallback
                0x00000000080043cc       0x12 Drivers/STM32F2xx_HAL_Driver/Src/stm32f2xx_hal_uart.o
                0x00000000080043cc                HAL_UART_TxCpltCallback
 .text.HAL_UART_TxHalfCpltCallback
                0x00000000080043de       0x12 Drivers/STM32F2xx_HAL_Driver/Src/stm32f2xx_hal_uart.o
                0x00000000080043de                HAL_UART_TxHalfCpltCallback
 .text.HAL_UART_RxCpltCallback
                0x00000000080043f0       0x12 Drivers/STM32F2xx_HAL_Driver/Src/stm32f2xx_hal_uart.o
                0x00000000080043f0                HAL_UART_RxCpltCallback
 .text.HAL_UART_RxHalfCpltCallback
                0x0000000008004402       0x12 Drivers/STM32F2xx_HAL_Driver/Src/stm32f2xx_hal_uart.o
                0x0000000008004402                HAL_UART_RxHalfCpltCallback
 .text.HAL_UART_ErrorCallback
                0x0000000008004414       0x12 Drivers/STM32F2xx_HAL_Driver/Src/stm32f2xx_hal_uart.o
                0x0000000008004414                HAL_UART_ErrorCallback
 .text.UART_DMATransmitCplt
                0x0000000008004426       0x52 Drivers/STM32F2xx_HAL_Driver/Src/stm32f2xx_hal_uart.o
 .text.UART_DMATxHalfCplt
                0x0000000008004478       0x1c Drivers/STM32F2xx_HAL_Driver/Src/stm32f2xx_hal_uart.o
 .text.UART_DMAReceiveCplt
                0x0000000008004494       0x68 Drivers/STM32F2xx_HAL_Driver/Src/stm32f2xx_hal_uart.o
 .text.UART_DMARxHalfCplt
                0x00000000080044fc       0x1c Drivers/STM32F2xx_HAL_Driver/Src/stm32f2xx_hal_uart.o
 .text.UART_DMAError
                0x0000000008004518       0x94 Drivers/STM32F2xx_HAL_Driver/Src/stm32f2xx_hal_uart.o
 .text.UART_EndTxTransfer
                0x00000000080045ac       0x2a Drivers/STM32F2xx_HAL_Driver/Src/stm32f2xx_hal_uart.o
 .text.UART_EndRxTransfer
                0x00000000080045d6       0x3a Drivers/STM32F2xx_HAL_Driver/Src/stm32f2xx_hal_uart.o
 .text.UART_DMAAbortOnError
                0x0000000008004610       0x28 Drivers/STM32F2xx_HAL_Driver/Src/stm32f2xx_hal_uart.o
 .text.UART_Transmit_IT
                0x0000000008004638       0x9e Drivers/STM32F2xx_HAL_Driver/Src/stm32f2xx_hal_uart.o
 .text.UART_EndTransmit_IT
                0x00000000080046d6       0x30 Drivers/STM32F2xx_HAL_Driver/Src/stm32f2xx_hal_uart.o
 .text.UART_Receive_IT
                0x0000000008004706      0x100 Drivers/STM32F2xx_HAL_Driver/Src/stm32f2xx_hal_uart.o
 *fill*         0x0000000008004806        0x2 
 .text.UART_SetConfig
                0x0000000008004808      0x1d4 Drivers/STM32F2xx_HAL_Driver/Src/stm32f2xx_hal_uart.o
 .text.__libc_init_array
                0x00000000080049dc       0x48 c:/st/stm32cubeide_1.6.0/stm32cubeide/plugins/com.st.stm32cube.ide.mcu.externaltools.gnu-tools-for-stm32.9-2020-q2-update.win32_1.5.0.202011040924/tools/bin/../lib/gcc/arm-none-eabi/9.3.1/../../../../arm-none-eabi/lib/thumb/v7-m/nofp\libc_nano.a(lib_a-init.o)
                0x00000000080049dc                __libc_init_array
 .text.memset   0x0000000008004a24       0x10 c:/st/stm32cubeide_1.6.0/stm32cubeide/plugins/com.st.stm32cube.ide.mcu.externaltools.gnu-tools-for-stm32.9-2020-q2-update.win32_1.5.0.202011040924/tools/bin/../lib/gcc/arm-none-eabi/9.3.1/../../../../arm-none-eabi/lib/thumb/v7-m/nofp\libc_nano.a(lib_a-memset.o)
                0x0000000008004a24                memset
 *(.glue_7)
 .glue_7        0x0000000008004a34        0x0 linker stubs
 *(.glue_7t)
 .glue_7t       0x0000000008004a34        0x0 linker stubs
 *(.eh_frame)
 .eh_frame      0x0000000008004a34        0x0 c:/st/stm32cubeide_1.6.0/stm32cubeide/plugins/com.st.stm32cube.ide.mcu.externaltools.gnu-tools-for-stm32.9-2020-q2-update.win32_1.5.0.202011040924/tools/bin/../lib/gcc/arm-none-eabi/9.3.1/thumb/v7-m/nofp/crtbegin.o
 *(.init)
 .init          0x0000000008004a34        0x4 c:/st/stm32cubeide_1.6.0/stm32cubeide/plugins/com.st.stm32cube.ide.mcu.externaltools.gnu-tools-for-stm32.9-2020-q2-update.win32_1.5.0.202011040924/tools/bin/../lib/gcc/arm-none-eabi/9.3.1/thumb/v7-m/nofp/crti.o
                0x0000000008004a34                _init
 .init          0x0000000008004a38        0x8 c:/st/stm32cubeide_1.6.0/stm32cubeide/plugins/com.st.stm32cube.ide.mcu.externaltools.gnu-tools-for-stm32.9-2020-q2-update.win32_1.5.0.202011040924/tools/bin/../lib/gcc/arm-none-eabi/9.3.1/thumb/v7-m/nofp/crtn.o
 *(.fini)
 .fini          0x0000000008004a40        0x4 c:/st/stm32cubeide_1.6.0/stm32cubeide/plugins/com.st.stm32cube.ide.mcu.externaltools.gnu-tools-for-stm32.9-2020-q2-update.win32_1.5.0.202011040924/tools/bin/../lib/gcc/arm-none-eabi/9.3.1/thumb/v7-m/nofp/crti.o
                0x0000000008004a40                _fini
 .fini          0x0000000008004a44        0x8 c:/st/stm32cubeide_1.6.0/stm32cubeide/plugins/com.st.stm32cube.ide.mcu.externaltools.gnu-tools-for-stm32.9-2020-q2-update.win32_1.5.0.202011040924/tools/bin/../lib/gcc/arm-none-eabi/9.3.1/thumb/v7-m/nofp/crtn.o
                0x0000000008004a4c                . = ALIGN (0x4)
                0x0000000008004a4c                _etext = .

.vfp11_veneer   0x0000000008004a4c        0x0
 .vfp11_veneer  0x0000000008004a4c        0x0 linker stubs

.v4_bx          0x0000000008004a4c        0x0
 .v4_bx         0x0000000008004a4c        0x0 linker stubs

.iplt           0x0000000008004a4c        0x0
 .iplt          0x0000000008004a4c        0x0 c:/st/stm32cubeide_1.6.0/stm32cubeide/plugins/com.st.stm32cube.ide.mcu.externaltools.gnu-tools-for-stm32.9-2020-q2-update.win32_1.5.0.202011040924/tools/bin/../lib/gcc/arm-none-eabi/9.3.1/thumb/v7-m/nofp/crtbegin.o

.rodata         0x0000000008004a4c       0x2c
                0x0000000008004a4c                . = ALIGN (0x4)
 *(.rodata)
 .rodata        0x0000000008004a4c        0x9 Core/Src/main.o
 *(.rodata*)
 *fill*         0x0000000008004a55        0x3 
 .rodata.AHBPrescTable
                0x0000000008004a58       0x10 Core/Src/system_stm32f2xx.o
                0x0000000008004a58                AHBPrescTable
 .rodata.APBPrescTable
                0x0000000008004a68        0x8 Core/Src/system_stm32f2xx.o
                0x0000000008004a68                APBPrescTable
 .rodata.flagBitshiftOffset.6815
                0x0000000008004a70        0x8 Drivers/STM32F2xx_HAL_Driver/Src/stm32f2xx_hal_dma.o
                0x0000000008004a78                . = ALIGN (0x4)

.ARM.extab      0x0000000008004a78        0x0
                0x0000000008004a78                . = ALIGN (0x4)
 *(.ARM.extab* .gnu.linkonce.armextab.*)
                0x0000000008004a78                . = ALIGN (0x4)

.ARM            0x0000000008004a78        0x8
                0x0000000008004a78                . = ALIGN (0x4)
                0x0000000008004a78                __exidx_start = .
 *(.ARM.exidx*)
 .ARM.exidx     0x0000000008004a78        0x8 c:/st/stm32cubeide_1.6.0/stm32cubeide/plugins/com.st.stm32cube.ide.mcu.externaltools.gnu-tools-for-stm32.9-2020-q2-update.win32_1.5.0.202011040924/tools/bin/../lib/gcc/arm-none-eabi/9.3.1/thumb/v7-m/nofp\libgcc.a(_udivmoddi4.o)
                0x0000000008004a80                __exidx_end = .
                0x0000000008004a80                . = ALIGN (0x4)

.rel.dyn        0x0000000008004a80        0x0
 .rel.iplt      0x0000000008004a80        0x0 c:/st/stm32cubeide_1.6.0/stm32cubeide/plugins/com.st.stm32cube.ide.mcu.externaltools.gnu-tools-for-stm32.9-2020-q2-update.win32_1.5.0.202011040924/tools/bin/../lib/gcc/arm-none-eabi/9.3.1/thumb/v7-m/nofp/crtbegin.o

.preinit_array  0x0000000008004a80        0x0
                0x0000000008004a80                . = ALIGN (0x4)
                0x0000000008004a80                PROVIDE (__preinit_array_start = .)
 *(.preinit_array*)
                0x0000000008004a80                PROVIDE (__preinit_array_end = .)
                0x0000000008004a80                . = ALIGN (0x4)

.init_array     0x0000000008004a80        0x4
                0x0000000008004a80                . = ALIGN (0x4)
                0x0000000008004a80                PROVIDE (__init_array_start = .)
 *(SORT_BY_NAME(.init_array.*))
 *(.init_array*)
 .init_array    0x0000000008004a80        0x4 c:/st/stm32cubeide_1.6.0/stm32cubeide/plugins/com.st.stm32cube.ide.mcu.externaltools.gnu-tools-for-stm32.9-2020-q2-update.win32_1.5.0.202011040924/tools/bin/../lib/gcc/arm-none-eabi/9.3.1/thumb/v7-m/nofp/crtbegin.o
                0x0000000008004a84                PROVIDE (__init_array_end = .)
                0x0000000008004a84                . = ALIGN (0x4)

.fini_array     0x0000000008004a84        0x4
                0x0000000008004a84                . = ALIGN (0x4)
                [!provide]                        PROVIDE (__fini_array_start = .)
 *(SORT_BY_NAME(.fini_array.*))
 *(.fini_array*)
 .fini_array    0x0000000008004a84        0x4 c:/st/stm32cubeide_1.6.0/stm32cubeide/plugins/com.st.stm32cube.ide.mcu.externaltools.gnu-tools-for-stm32.9-2020-q2-update.win32_1.5.0.202011040924/tools/bin/../lib/gcc/arm-none-eabi/9.3.1/thumb/v7-m/nofp/crtbegin.o
                [!provide]                        PROVIDE (__fini_array_end = .)
                0x0000000008004a88                . = ALIGN (0x4)
                0x0000000008004a88                _sidata = LOADADDR (.data)

.data           0x0000000020000000        0xc load address 0x0000000008004a88
                0x0000000020000000                . = ALIGN (0x4)
                0x0000000020000000                _sdata = .
 *(.data)
 *(.data*)
 .data.SystemCoreClock
                0x0000000020000000        0x4 Core/Src/system_stm32f2xx.o
                0x0000000020000000                SystemCoreClock
 .data.uwTickPrio
                0x0000000020000004        0x4 Drivers/STM32F2xx_HAL_Driver/Src/stm32f2xx_hal.o
                0x0000000020000004                uwTickPrio
 .data.uwTickFreq
                0x0000000020000008        0x1 Drivers/STM32F2xx_HAL_Driver/Src/stm32f2xx_hal.o
                0x0000000020000008                uwTickFreq
 *(.RamFunc)
 *(.RamFunc*)
                0x000000002000000c                . = ALIGN (0x4)
 *fill*         0x0000000020000009        0x3 
                0x000000002000000c                _edata = .

.igot.plt       0x000000002000000c        0x0 load address 0x0000000008004a94
 .igot.plt      0x000000002000000c        0x0 c:/st/stm32cubeide_1.6.0/stm32cubeide/plugins/com.st.stm32cube.ide.mcu.externaltools.gnu-tools-for-stm32.9-2020-q2-update.win32_1.5.0.202011040924/tools/bin/../lib/gcc/arm-none-eabi/9.3.1/thumb/v7-m/nofp/crtbegin.o
                0x000000002000000c                . = ALIGN (0x4)

.bss            0x000000002000000c      0x2c4 load address 0x0000000008004a94
                0x000000002000000c                _sbss = .
                0x000000002000000c                __bss_start__ = _sbss
 *(.bss)
 .bss           0x000000002000000c       0x1c c:/st/stm32cubeide_1.6.0/stm32cubeide/plugins/com.st.stm32cube.ide.mcu.externaltools.gnu-tools-for-stm32.9-2020-q2-update.win32_1.5.0.202011040924/tools/bin/../lib/gcc/arm-none-eabi/9.3.1/thumb/v7-m/nofp/crtbegin.o
 *(.bss*)
 .bss.flags     0x0000000020000028        0x1 Core/Src/main.o
                0x0000000020000028                flags
 *(COMMON)
 *fill*         0x0000000020000029        0x3 
 COMMON         0x000000002000002c      0x258 Core/Src/main.o
                0x000000002000002c                hspi3
                0x0000000020000084                hdma_usart1_rx
                0x00000000200000e4                hdma_usart2_tx
                0x0000000020000144                huart1
                0x0000000020000184                hrtc
                0x00000000200001a4                htim1
                0x00000000200001ec                hspi1
                0x0000000020000244                huart2
 COMMON         0x0000000020000284       0x48 Core/Src/stm32f2xx_hal_timebase_tim.o
                0x0000000020000284                htim14
 COMMON         0x00000000200002cc        0x4 Drivers/STM32F2xx_HAL_Driver/Src/stm32f2xx_hal.o
                0x00000000200002cc                uwTick
                0x00000000200002d0                . = ALIGN (0x4)
                0x00000000200002d0                _ebss = .
                0x00000000200002d0                __bss_end__ = _ebss

._user_heap_stack
                0x00000000200002d0      0x600 load address 0x0000000008004a94
                0x00000000200002d0                . = ALIGN (0x8)
                [!provide]                        PROVIDE (end = .)
                0x00000000200002d0                PROVIDE (_end = .)
                0x00000000200004d0                . = (. + _Min_Heap_Size)
 *fill*         0x00000000200002d0      0x200 
                0x00000000200008d0                . = (. + _Min_Stack_Size)
 *fill*         0x00000000200004d0      0x400 
                0x00000000200008d0                . = ALIGN (0x8)

/DISCARD/
 libc.a(*)
 libm.a(*)
 libgcc.a(*)

.ARM.attributes
                0x0000000000000000       0x29
 *(.ARM.attributes)
 .ARM.attributes
                0x0000000000000000       0x1d c:/st/stm32cubeide_1.6.0/stm32cubeide/plugins/com.st.stm32cube.ide.mcu.externaltools.gnu-tools-for-stm32.9-2020-q2-update.win32_1.5.0.202011040924/tools/bin/../lib/gcc/arm-none-eabi/9.3.1/thumb/v7-m/nofp/crti.o
 .ARM.attributes
                0x000000000000001d       0x2d c:/st/stm32cubeide_1.6.0/stm32cubeide/plugins/com.st.stm32cube.ide.mcu.externaltools.gnu-tools-for-stm32.9-2020-q2-update.win32_1.5.0.202011040924/tools/bin/../lib/gcc/arm-none-eabi/9.3.1/thumb/v7-m/nofp/crtbegin.o
 .ARM.attributes
                0x000000000000004a       0x2d Core/Src/main.o
 .ARM.attributes
                0x0000000000000077       0x2d Core/Src/stm32f2xx_hal_msp.o
 .ARM.attributes
                0x00000000000000a4       0x2d Core/Src/stm32f2xx_hal_timebase_tim.o
 .ARM.attributes
                0x00000000000000d1       0x2d Core/Src/stm32f2xx_it.o
 .ARM.attributes
                0x00000000000000fe       0x2d Core/Src/system_stm32f2xx.o
 .ARM.attributes
                0x000000000000012b       0x21 Core/Startup/startup_stm32f205retx.o
 .ARM.attributes
                0x000000000000014c       0x2d Drivers/STM32F2xx_HAL_Driver/Src/stm32f2xx_hal.o
 .ARM.attributes
                0x0000000000000179       0x2d Drivers/STM32F2xx_HAL_Driver/Src/stm32f2xx_hal_cortex.o
 .ARM.attributes
                0x00000000000001a6       0x2d Drivers/STM32F2xx_HAL_Driver/Src/stm32f2xx_hal_dma.o
 .ARM.attributes
                0x00000000000001d3       0x2d Drivers/STM32F2xx_HAL_Driver/Src/stm32f2xx_hal_gpio.o
 .ARM.attributes
                0x0000000000000200       0x2d Drivers/STM32F2xx_HAL_Driver/Src/stm32f2xx_hal_rcc.o
 .ARM.attributes
                0x000000000000022d       0x2d Drivers/STM32F2xx_HAL_Driver/Src/stm32f2xx_hal_rcc_ex.o
 .ARM.attributes
                0x000000000000025a       0x2d Drivers/STM32F2xx_HAL_Driver/Src/stm32f2xx_hal_rtc.o
 .ARM.attributes
                0x0000000000000287       0x2d Drivers/STM32F2xx_HAL_Driver/Src/stm32f2xx_hal_spi.o
 .ARM.attributes
                0x00000000000002b4       0x2d Drivers/STM32F2xx_HAL_Driver/Src/stm32f2xx_hal_tim.o
 .ARM.attributes
                0x00000000000002e1       0x2d Drivers/STM32F2xx_HAL_Driver/Src/stm32f2xx_hal_tim_ex.o
 .ARM.attributes
                0x000000000000030e       0x2d Drivers/STM32F2xx_HAL_Driver/Src/stm32f2xx_hal_uart.o
 .ARM.attributes
                0x000000000000033b       0x2d c:/st/stm32cubeide_1.6.0/stm32cubeide/plugins/com.st.stm32cube.ide.mcu.externaltools.gnu-tools-for-stm32.9-2020-q2-update.win32_1.5.0.202011040924/tools/bin/../lib/gcc/arm-none-eabi/9.3.1/../../../../arm-none-eabi/lib/thumb/v7-m/nofp\libc_nano.a(lib_a-init.o)
 .ARM.attributes
                0x0000000000000368       0x2d c:/st/stm32cubeide_1.6.0/stm32cubeide/plugins/com.st.stm32cube.ide.mcu.externaltools.gnu-tools-for-stm32.9-2020-q2-update.win32_1.5.0.202011040924/tools/bin/../lib/gcc/arm-none-eabi/9.3.1/../../../../arm-none-eabi/lib/thumb/v7-m/nofp\libc_nano.a(lib_a-memset.o)
 .ARM.attributes
                0x0000000000000395       0x1d c:/st/stm32cubeide_1.6.0/stm32cubeide/plugins/com.st.stm32cube.ide.mcu.externaltools.gnu-tools-for-stm32.9-2020-q2-update.win32_1.5.0.202011040924/tools/bin/../lib/gcc/arm-none-eabi/9.3.1/thumb/v7-m/nofp\libgcc.a(_aeabi_uldivmod.o)
 .ARM.attributes
                0x00000000000003b2       0x2d c:/st/stm32cubeide_1.6.0/stm32cubeide/plugins/com.st.stm32cube.ide.mcu.externaltools.gnu-tools-for-stm32.9-2020-q2-update.win32_1.5.0.202011040924/tools/bin/../lib/gcc/arm-none-eabi/9.3.1/thumb/v7-m/nofp\libgcc.a(_udivmoddi4.o)
 .ARM.attributes
                0x00000000000003df       0x1d c:/st/stm32cubeide_1.6.0/stm32cubeide/plugins/com.st.stm32cube.ide.mcu.externaltools.gnu-tools-for-stm32.9-2020-q2-update.win32_1.5.0.202011040924/tools/bin/../lib/gcc/arm-none-eabi/9.3.1/thumb/v7-m/nofp\libgcc.a(_dvmd_tls.o)
 .ARM.attributes
                0x00000000000003fc       0x1d c:/st/stm32cubeide_1.6.0/stm32cubeide/plugins/com.st.stm32cube.ide.mcu.externaltools.gnu-tools-for-stm32.9-2020-q2-update.win32_1.5.0.202011040924/tools/bin/../lib/gcc/arm-none-eabi/9.3.1/thumb/v7-m/nofp/crtn.o
OUTPUT(mem_neuro_adv_stm32f205.elf elf32-littlearm)
LOAD linker stubs
LOAD c:/st/stm32cubeide_1.6.0/stm32cubeide/plugins/com.st.stm32cube.ide.mcu.externaltools.gnu-tools-for-stm32.9-2020-q2-update.win32_1.5.0.202011040924/tools/bin/../lib/gcc/arm-none-eabi/9.3.1/../../../../arm-none-eabi/lib/thumb/v7-m/nofp\libc.a
LOAD c:/st/stm32cubeide_1.6.0/stm32cubeide/plugins/com.st.stm32cube.ide.mcu.externaltools.gnu-tools-for-stm32.9-2020-q2-update.win32_1.5.0.202011040924/tools/bin/../lib/gcc/arm-none-eabi/9.3.1/../../../../arm-none-eabi/lib/thumb/v7-m/nofp\libm.a
LOAD c:/st/stm32cubeide_1.6.0/stm32cubeide/plugins/com.st.stm32cube.ide.mcu.externaltools.gnu-tools-for-stm32.9-2020-q2-update.win32_1.5.0.202011040924/tools/bin/../lib/gcc/arm-none-eabi/9.3.1/thumb/v7-m/nofp\libgcc.a

.debug_info     0x0000000000000000     0xffbf
 .debug_info    0x0000000000000000     0x1aa2 Core/Src/main.o
 .debug_info    0x0000000000001aa2     0x171a Core/Src/stm32f2xx_hal_msp.o
 .debug_info    0x00000000000031bc      0xc5a Core/Src/stm32f2xx_hal_timebase_tim.o
 .debug_info    0x0000000000003e16      0xaac Core/Src/stm32f2xx_it.o
 .debug_info    0x00000000000048c2      0x3e9 Core/Src/system_stm32f2xx.o
 .debug_info    0x0000000000004cab       0x22 Core/Startup/startup_stm32f205retx.o
 .debug_info    0x0000000000004ccd      0xa09 Drivers/STM32F2xx_HAL_Driver/Src/stm32f2xx_hal.o
 .debug_info    0x00000000000056d6      0xec5 Drivers/STM32F2xx_HAL_Driver/Src/stm32f2xx_hal_cortex.o
 .debug_info    0x000000000000659b      0x9f1 Drivers/STM32F2xx_HAL_Driver/Src/stm32f2xx_hal_dma.o
 .debug_info    0x0000000000006f8c      0x804 Drivers/STM32F2xx_HAL_Driver/Src/stm32f2xx_hal_gpio.o
 .debug_info    0x0000000000007790      0xb27 Drivers/STM32F2xx_HAL_Driver/Src/stm32f2xx_hal_rcc.o
 .debug_info    0x00000000000082b7      0x669 Drivers/STM32F2xx_HAL_Driver/Src/stm32f2xx_hal_rcc_ex.o
 .debug_info    0x0000000000008920      0xc1e Drivers/STM32F2xx_HAL_Driver/Src/stm32f2xx_hal_rtc.o
 .debug_info    0x000000000000953e     0x17a0 Drivers/STM32F2xx_HAL_Driver/Src/stm32f2xx_hal_spi.o
 .debug_info    0x000000000000acde     0x2a90 Drivers/STM32F2xx_HAL_Driver/Src/stm32f2xx_hal_tim.o
 .debug_info    0x000000000000d76e     0x14e2 Drivers/STM32F2xx_HAL_Driver/Src/stm32f2xx_hal_tim_ex.o
 .debug_info    0x000000000000ec50     0x136f Drivers/STM32F2xx_HAL_Driver/Src/stm32f2xx_hal_uart.o

.debug_abbrev   0x0000000000000000     0x2382
 .debug_abbrev  0x0000000000000000      0x296 Core/Src/main.o
 .debug_abbrev  0x0000000000000296      0x222 Core/Src/stm32f2xx_hal_msp.o
 .debug_abbrev  0x00000000000004b8      0x1bf Core/Src/stm32f2xx_hal_timebase_tim.o
 .debug_abbrev  0x0000000000000677      0x190 Core/Src/stm32f2xx_it.o
 .debug_abbrev  0x0000000000000807      0x145 Core/Src/system_stm32f2xx.o
 .debug_abbrev  0x000000000000094c       0x12 Core/Startup/startup_stm32f205retx.o
 .debug_abbrev  0x000000000000095e      0x25d Drivers/STM32F2xx_HAL_Driver/Src/stm32f2xx_hal.o
 .debug_abbrev  0x0000000000000bbb      0x33c Drivers/STM32F2xx_HAL_Driver/Src/stm32f2xx_hal_cortex.o
 .debug_abbrev  0x0000000000000ef7      0x259 Drivers/STM32F2xx_HAL_Driver/Src/stm32f2xx_hal_dma.o
 .debug_abbrev  0x0000000000001150      0x1e8 Drivers/STM32F2xx_HAL_Driver/Src/stm32f2xx_hal_gpio.o
 .debug_abbrev  0x0000000000001338      0x293 Drivers/STM32F2xx_HAL_Driver/Src/stm32f2xx_hal_rcc.o
 .debug_abbrev  0x00000000000015cb      0x231 Drivers/STM32F2xx_HAL_Driver/Src/stm32f2xx_hal_rcc_ex.o
 .debug_abbrev  0x00000000000017fc      0x1e4 Drivers/STM32F2xx_HAL_Driver/Src/stm32f2xx_hal_rtc.o
 .debug_abbrev  0x00000000000019e0      0x26e Drivers/STM32F2xx_HAL_Driver/Src/stm32f2xx_hal_spi.o
 .debug_abbrev  0x0000000000001c4e      0x25e Drivers/STM32F2xx_HAL_Driver/Src/stm32f2xx_hal_tim.o
 .debug_abbrev  0x0000000000001eac      0x266 Drivers/STM32F2xx_HAL_Driver/Src/stm32f2xx_hal_tim_ex.o
 .debug_abbrev  0x0000000000002112      0x270 Drivers/STM32F2xx_HAL_Driver/Src/stm32f2xx_hal_uart.o

.debug_aranges  0x0000000000000000      0xf20
 .debug_aranges
                0x0000000000000000       0x78 Core/Src/main.o
 .debug_aranges
                0x0000000000000078       0x60 Core/Src/stm32f2xx_hal_msp.o
 .debug_aranges
                0x00000000000000d8       0x30 Core/Src/stm32f2xx_hal_timebase_tim.o
 .debug_aranges
                0x0000000000000108       0x88 Core/Src/stm32f2xx_it.o
 .debug_aranges
                0x0000000000000190       0x28 Core/Src/system_stm32f2xx.o
 .debug_aranges
                0x00000000000001b8       0x28 Core/Startup/startup_stm32f205retx.o
 .debug_aranges
                0x00000000000001e0       0xf0 Drivers/STM32F2xx_HAL_Driver/Src/stm32f2xx_hal.o
 .debug_aranges
                0x00000000000002d0      0x118 Drivers/STM32F2xx_HAL_Driver/Src/stm32f2xx_hal_cortex.o
 .debug_aranges
                0x00000000000003e8       0x90 Drivers/STM32F2xx_HAL_Driver/Src/stm32f2xx_hal_dma.o
 .debug_aranges
                0x0000000000000478       0x58 Drivers/STM32F2xx_HAL_Driver/Src/stm32f2xx_hal_gpio.o
 .debug_aranges
                0x00000000000004d0       0x88 Drivers/STM32F2xx_HAL_Driver/Src/stm32f2xx_hal_rcc.o
 .debug_aranges
                0x0000000000000558       0x38 Drivers/STM32F2xx_HAL_Driver/Src/stm32f2xx_hal_rcc_ex.o
 .debug_aranges
                0x0000000000000590       0xb8 Drivers/STM32F2xx_HAL_Driver/Src/stm32f2xx_hal_rtc.o
 .debug_aranges
                0x0000000000000648      0x1d0 Drivers/STM32F2xx_HAL_Driver/Src/stm32f2xx_hal_spi.o
 .debug_aranges
                0x0000000000000818      0x3d0 Drivers/STM32F2xx_HAL_Driver/Src/stm32f2xx_hal_tim.o
 .debug_aranges
                0x0000000000000be8      0x168 Drivers/STM32F2xx_HAL_Driver/Src/stm32f2xx_hal_tim_ex.o
 .debug_aranges
                0x0000000000000d50      0x1d0 Drivers/STM32F2xx_HAL_Driver/Src/stm32f2xx_hal_uart.o

.debug_ranges   0x0000000000000000      0xe18
 .debug_ranges  0x0000000000000000       0x68 Core/Src/main.o
 .debug_ranges  0x0000000000000068       0x50 Core/Src/stm32f2xx_hal_msp.o
 .debug_ranges  0x00000000000000b8       0x20 Core/Src/stm32f2xx_hal_timebase_tim.o
 .debug_ranges  0x00000000000000d8       0x78 Core/Src/stm32f2xx_it.o
 .debug_ranges  0x0000000000000150       0x18 Core/Src/system_stm32f2xx.o
 .debug_ranges  0x0000000000000168       0x20 Core/Startup/startup_stm32f205retx.o
 .debug_ranges  0x0000000000000188       0xe0 Drivers/STM32F2xx_HAL_Driver/Src/stm32f2xx_hal.o
 .debug_ranges  0x0000000000000268      0x108 Drivers/STM32F2xx_HAL_Driver/Src/stm32f2xx_hal_cortex.o
 .debug_ranges  0x0000000000000370       0x80 Drivers/STM32F2xx_HAL_Driver/Src/stm32f2xx_hal_dma.o
 .debug_ranges  0x00000000000003f0       0x48 Drivers/STM32F2xx_HAL_Driver/Src/stm32f2xx_hal_gpio.o
 .debug_ranges  0x0000000000000438       0x78 Drivers/STM32F2xx_HAL_Driver/Src/stm32f2xx_hal_rcc.o
 .debug_ranges  0x00000000000004b0       0x28 Drivers/STM32F2xx_HAL_Driver/Src/stm32f2xx_hal_rcc_ex.o
 .debug_ranges  0x00000000000004d8       0xa8 Drivers/STM32F2xx_HAL_Driver/Src/stm32f2xx_hal_rtc.o
 .debug_ranges  0x0000000000000580      0x1c0 Drivers/STM32F2xx_HAL_Driver/Src/stm32f2xx_hal_spi.o
 .debug_ranges  0x0000000000000740      0x3c0 Drivers/STM32F2xx_HAL_Driver/Src/stm32f2xx_hal_tim.o
 .debug_ranges  0x0000000000000b00      0x158 Drivers/STM32F2xx_HAL_Driver/Src/stm32f2xx_hal_tim_ex.o
 .debug_ranges  0x0000000000000c58      0x1c0 Drivers/STM32F2xx_HAL_Driver/Src/stm32f2xx_hal_uart.o

.debug_macro    0x0000000000000000    0x1e33a
 .debug_macro   0x0000000000000000      0x1f9 Core/Src/main.o
 .debug_macro   0x00000000000001f9      0xa9c Core/Src/main.o
 .debug_macro   0x0000000000000c95      0x24a Core/Src/main.o
 .debug_macro   0x0000000000000edf       0x2e Core/Src/main.o
 .debug_macro   0x0000000000000f0d       0x22 Core/Src/main.o
 .debug_macro   0x0000000000000f2f       0x22 Core/Src/main.o
 .debug_macro   0x0000000000000f51       0x8e Core/Src/main.o
 .debug_macro   0x0000000000000fdf       0x51 Core/Src/main.o
 .debug_macro   0x0000000000001030      0x103 Core/Src/main.o
 .debug_macro   0x0000000000001133       0x6a Core/Src/main.o
 .debug_macro   0x000000000000119d      0x1df Core/Src/main.o
 .debug_macro   0x000000000000137c       0x1c Core/Src/main.o
 .debug_macro   0x0000000000001398       0x22 Core/Src/main.o
 .debug_macro   0x00000000000013ba       0xc3 Core/Src/main.o
 .debug_macro   0x000000000000147d      0xe49 Core/Src/main.o
 .debug_macro   0x00000000000022c6      0x11f Core/Src/main.o
 .debug_macro   0x00000000000023e5    0x133f6 Core/Src/main.o
 .debug_macro   0x00000000000157db       0x43 Core/Src/main.o
 .debug_macro   0x000000000001581e     0x3580 Core/Src/main.o
 .debug_macro   0x0000000000018d9e      0x174 Core/Src/main.o
 .debug_macro   0x0000000000018f12       0x55 Core/Src/main.o
 .debug_macro   0x0000000000018f67     0x1057 Core/Src/main.o
 .debug_macro   0x0000000000019fbe       0x4a Core/Src/main.o
 .debug_macro   0x000000000001a008      0x170 Core/Src/main.o
 .debug_macro   0x000000000001a178      0x117 Core/Src/main.o
 .debug_macro   0x000000000001a28f       0xfa Core/Src/main.o
 .debug_macro   0x000000000001a389       0x27 Core/Src/main.o
 .debug_macro   0x000000000001a3b0      0x16a Core/Src/main.o
 .debug_macro   0x000000000001a51a      0x287 Core/Src/main.o
 .debug_macro   0x000000000001a7a1       0x5f Core/Src/main.o
 .debug_macro   0x000000000001a800      0x236 Core/Src/main.o
 .debug_macro   0x000000000001aa36      0x126 Core/Src/main.o
 .debug_macro   0x000000000001ab5c      0x216 Core/Src/main.o
 .debug_macro   0x000000000001ad72       0x2e Core/Src/main.o
 .debug_macro   0x000000000001ada0      0x113 Core/Src/main.o
 .debug_macro   0x000000000001aeb3       0x22 Core/Src/main.o
 .debug_macro   0x000000000001aed5       0x82 Core/Src/main.o
 .debug_macro   0x000000000001af57      0x28e Core/Src/main.o
 .debug_macro   0x000000000001b1e5      0x2c0 Core/Src/main.o
 .debug_macro   0x000000000001b4a5       0xd6 Core/Src/main.o
 .debug_macro   0x000000000001b57b      0x225 Core/Src/main.o
 .debug_macro   0x000000000001b7a0      0x8d1 Core/Src/main.o
 .debug_macro   0x000000000001c071       0x4c Core/Src/main.o
 .debug_macro   0x000000000001c0bd      0x287 Core/Src/main.o
 .debug_macro   0x000000000001c344      0x12d Core/Src/main.o
 .debug_macro   0x000000000001c471      0x12a Core/Src/main.o
 .debug_macro   0x000000000001c59b      0x1f9 Core/Src/stm32f2xx_hal_msp.o
 .debug_macro   0x000000000001c794      0x1ea Core/Src/stm32f2xx_hal_timebase_tim.o
 .debug_macro   0x000000000001c97e      0x203 Core/Src/stm32f2xx_it.o
 .debug_macro   0x000000000001cb81      0x1ea Core/Src/system_stm32f2xx.o
 .debug_macro   0x000000000001cd6b      0x238 Drivers/STM32F2xx_HAL_Driver/Src/stm32f2xx_hal.o
 .debug_macro   0x000000000001cfa3      0x1ea Drivers/STM32F2xx_HAL_Driver/Src/stm32f2xx_hal_cortex.o
 .debug_macro   0x000000000001d18d      0x1f0 Drivers/STM32F2xx_HAL_Driver/Src/stm32f2xx_hal_dma.o
 .debug_macro   0x000000000001d37d      0x222 Drivers/STM32F2xx_HAL_Driver/Src/stm32f2xx_hal_gpio.o
 .debug_macro   0x000000000001d59f      0x214 Drivers/STM32F2xx_HAL_Driver/Src/stm32f2xx_hal_rcc.o
 .debug_macro   0x000000000001d7b3      0x1ea Drivers/STM32F2xx_HAL_Driver/Src/stm32f2xx_hal_rcc_ex.o
 .debug_macro   0x000000000001d99d      0x1eb Drivers/STM32F2xx_HAL_Driver/Src/stm32f2xx_hal_rtc.o
 .debug_macro   0x000000000001db88      0x1f2 Drivers/STM32F2xx_HAL_Driver/Src/stm32f2xx_hal_spi.o
 .debug_macro   0x000000000001dd7a      0x1eb Drivers/STM32F2xx_HAL_Driver/Src/stm32f2xx_hal_tim.o
 .debug_macro   0x000000000001df65      0x1ea Drivers/STM32F2xx_HAL_Driver/Src/stm32f2xx_hal_tim_ex.o
 .debug_macro   0x000000000001e14f      0x1eb Drivers/STM32F2xx_HAL_Driver/Src/stm32f2xx_hal_uart.o

.debug_line     0x0000000000000000    0x10814
 .debug_line    0x0000000000000000      0xa0b Core/Src/main.o
 .debug_line    0x0000000000000a0b      0x8b0 Core/Src/stm32f2xx_hal_msp.o
 .debug_line    0x00000000000012bb      0x74d Core/Src/stm32f2xx_hal_timebase_tim.o
 .debug_line    0x0000000000001a08      0x823 Core/Src/stm32f2xx_it.o
 .debug_line    0x000000000000222b      0x76a Core/Src/system_stm32f2xx.o
 .debug_line    0x0000000000002995       0x85 Core/Startup/startup_stm32f205retx.o
 .debug_line    0x0000000000002a1a      0xa01 Drivers/STM32F2xx_HAL_Driver/Src/stm32f2xx_hal.o
 .debug_line    0x000000000000341b      0xc84 Drivers/STM32F2xx_HAL_Driver/Src/stm32f2xx_hal_cortex.o
 .debug_line    0x000000000000409f      0xf3e Drivers/STM32F2xx_HAL_Driver/Src/stm32f2xx_hal_dma.o
 .debug_line    0x0000000000004fdd      0xb5b Drivers/STM32F2xx_HAL_Driver/Src/stm32f2xx_hal_gpio.o
 .debug_line    0x0000000000005b38      0xe89 Drivers/STM32F2xx_HAL_Driver/Src/stm32f2xx_hal_rcc.o
 .debug_line    0x00000000000069c1      0x926 Drivers/STM32F2xx_HAL_Driver/Src/stm32f2xx_hal_rcc_ex.o
 .debug_line    0x00000000000072e7     0x102e Drivers/STM32F2xx_HAL_Driver/Src/stm32f2xx_hal_rtc.o
 .debug_line    0x0000000000008315     0x1c0b Drivers/STM32F2xx_HAL_Driver/Src/stm32f2xx_hal_spi.o
 .debug_line    0x0000000000009f20     0x3601 Drivers/STM32F2xx_HAL_Driver/Src/stm32f2xx_hal_tim.o
 .debug_line    0x000000000000d521     0x1b24 Drivers/STM32F2xx_HAL_Driver/Src/stm32f2xx_hal_tim_ex.o
 .debug_line    0x000000000000f045     0x17cf Drivers/STM32F2xx_HAL_Driver/Src/stm32f2xx_hal_uart.o

.debug_str      0x0000000000000000    0xb9c02
 .debug_str     0x0000000000000000    0xb68ac Core/Src/main.o
                                      0xb6c48 (size before relaxing)
 .debug_str     0x00000000000b68ac       0xd5 Core/Src/stm32f2xx_hal_msp.o
                                      0xb691f (size before relaxing)
 .debug_str     0x00000000000b6981       0xab Core/Src/stm32f2xx_hal_timebase_tim.o
                                      0xb5fa0 (size before relaxing)
 .debug_str     0x00000000000b6a2c      0x136 Core/Src/stm32f2xx_it.o
                                      0xb5feb (size before relaxing)
 .debug_str     0x00000000000b6b62       0x5b Core/Src/system_stm32f2xx.o
                                      0xb54d9 (size before relaxing)
 .debug_str     0x00000000000b6bbd       0x36 Core/Startup/startup_stm32f205retx.o
                                         0x8a (size before relaxing)
 .debug_str     0x00000000000b6bf3      0x48e Drivers/STM32F2xx_HAL_Driver/Src/stm32f2xx_hal.o
                                      0xb5f50 (size before relaxing)
 .debug_str     0x00000000000b7081      0x3ed Drivers/STM32F2xx_HAL_Driver/Src/stm32f2xx_hal_cortex.o
                                      0xb5de3 (size before relaxing)
 .debug_str     0x00000000000b746e      0x315 Drivers/STM32F2xx_HAL_Driver/Src/stm32f2xx_hal_dma.o
                                      0xb5957 (size before relaxing)
 .debug_str     0x00000000000b7783      0x20a Drivers/STM32F2xx_HAL_Driver/Src/stm32f2xx_hal_gpio.o
                                      0xb5770 (size before relaxing)
 .debug_str     0x00000000000b798d      0x278 Drivers/STM32F2xx_HAL_Driver/Src/stm32f2xx_hal_rcc.o
                                      0xb5959 (size before relaxing)
 .debug_str     0x00000000000b7c05       0xca Drivers/STM32F2xx_HAL_Driver/Src/stm32f2xx_hal_rcc_ex.o
                                      0xb5644 (size before relaxing)
 .debug_str     0x00000000000b7ccf      0x1ed Drivers/STM32F2xx_HAL_Driver/Src/stm32f2xx_hal_rtc.o
                                      0xb58ca (size before relaxing)
 .debug_str     0x00000000000b7ebc      0x554 Drivers/STM32F2xx_HAL_Driver/Src/stm32f2xx_hal_spi.o
                                      0xb5da4 (size before relaxing)
 .debug_str     0x00000000000b8410      0xdbd Drivers/STM32F2xx_HAL_Driver/Src/stm32f2xx_hal_tim.o
                                      0xb6855 (size before relaxing)
 .debug_str     0x00000000000b91cd      0x517 Drivers/STM32F2xx_HAL_Driver/Src/stm32f2xx_hal_tim_ex.o
                                      0xb602f (size before relaxing)
 .debug_str     0x00000000000b96e4      0x51e Drivers/STM32F2xx_HAL_Driver/Src/stm32f2xx_hal_uart.o
                                      0xb5d91 (size before relaxing)

.comment        0x0000000000000000       0x53
 .comment       0x0000000000000000       0x53 Core/Src/main.o
                                         0x54 (size before relaxing)
 .comment       0x0000000000000053       0x54 Core/Src/stm32f2xx_hal_msp.o
 .comment       0x0000000000000053       0x54 Core/Src/stm32f2xx_hal_timebase_tim.o
 .comment       0x0000000000000053       0x54 Core/Src/stm32f2xx_it.o
 .comment       0x0000000000000053       0x54 Core/Src/system_stm32f2xx.o
 .comment       0x0000000000000053       0x54 Drivers/STM32F2xx_HAL_Driver/Src/stm32f2xx_hal.o
 .comment       0x0000000000000053       0x54 Drivers/STM32F2xx_HAL_Driver/Src/stm32f2xx_hal_cortex.o
 .comment       0x0000000000000053       0x54 Drivers/STM32F2xx_HAL_Driver/Src/stm32f2xx_hal_dma.o
 .comment       0x0000000000000053       0x54 Drivers/STM32F2xx_HAL_Driver/Src/stm32f2xx_hal_gpio.o
 .comment       0x0000000000000053       0x54 Drivers/STM32F2xx_HAL_Driver/Src/stm32f2xx_hal_rcc.o
 .comment       0x0000000000000053       0x54 Drivers/STM32F2xx_HAL_Driver/Src/stm32f2xx_hal_rcc_ex.o
 .comment       0x0000000000000053       0x54 Drivers/STM32F2xx_HAL_Driver/Src/stm32f2xx_hal_rtc.o
 .comment       0x0000000000000053       0x54 Drivers/STM32F2xx_HAL_Driver/Src/stm32f2xx_hal_spi.o
 .comment       0x0000000000000053       0x54 Drivers/STM32F2xx_HAL_Driver/Src/stm32f2xx_hal_tim.o
 .comment       0x0000000000000053       0x54 Drivers/STM32F2xx_HAL_Driver/Src/stm32f2xx_hal_tim_ex.o
 .comment       0x0000000000000053       0x54 Drivers/STM32F2xx_HAL_Driver/Src/stm32f2xx_hal_uart.o

.debug_frame    0x0000000000000000     0x3fac
 .debug_frame   0x0000000000000000      0x190 Core/Src/main.o
 .debug_frame   0x0000000000000190      0x160 Core/Src/stm32f2xx_hal_msp.o
 .debug_frame   0x00000000000002f0       0x74 Core/Src/stm32f2xx_hal_timebase_tim.o
 .debug_frame   0x0000000000000364      0x194 Core/Src/stm32f2xx_it.o
 .debug_frame   0x00000000000004f8       0x58 Core/Src/system_stm32f2xx.o
 .debug_frame   0x0000000000000550      0x384 Drivers/STM32F2xx_HAL_Driver/Src/stm32f2xx_hal.o
 .debug_frame   0x00000000000008d4      0x498 Drivers/STM32F2xx_HAL_Driver/Src/stm32f2xx_hal_cortex.o
 .debug_frame   0x0000000000000d6c      0x250 Drivers/STM32F2xx_HAL_Driver/Src/stm32f2xx_hal_dma.o
 .debug_frame   0x0000000000000fbc      0x14c Drivers/STM32F2xx_HAL_Driver/Src/stm32f2xx_hal_gpio.o
 .debug_frame   0x0000000000001108      0x204 Drivers/STM32F2xx_HAL_Driver/Src/stm32f2xx_hal_rcc.o
 .debug_frame   0x000000000000130c       0xa4 Drivers/STM32F2xx_HAL_Driver/Src/stm32f2xx_hal_rcc_ex.o
 .debug_frame   0x00000000000013b0      0x308 Drivers/STM32F2xx_HAL_Driver/Src/stm32f2xx_hal_rtc.o
 .debug_frame   0x00000000000016b8      0x820 Drivers/STM32F2xx_HAL_Driver/Src/stm32f2xx_hal_spi.o
 .debug_frame   0x0000000000001ed8     0x11bc Drivers/STM32F2xx_HAL_Driver/Src/stm32f2xx_hal_tim.o
 .debug_frame   0x0000000000003094      0x638 Drivers/STM32F2xx_HAL_Driver/Src/stm32f2xx_hal_tim_ex.o
 .debug_frame   0x00000000000036cc      0x834 Drivers/STM32F2xx_HAL_Driver/Src/stm32f2xx_hal_uart.o
 .debug_frame   0x0000000000003f00       0x2c c:/st/stm32cubeide_1.6.0/stm32cubeide/plugins/com.st.stm32cube.ide.mcu.externaltools.gnu-tools-for-stm32.9-2020-q2-update.win32_1.5.0.202011040924/tools/bin/../lib/gcc/arm-none-eabi/9.3.1/../../../../arm-none-eabi/lib/thumb/v7-m/nofp\libc_nano.a(lib_a-init.o)
 .debug_frame   0x0000000000003f2c       0x20 c:/st/stm32cubeide_1.6.0/stm32cubeide/plugins/com.st.stm32cube.ide.mcu.externaltools.gnu-tools-for-stm32.9-2020-q2-update.win32_1.5.0.202011040924/tools/bin/../lib/gcc/arm-none-eabi/9.3.1/../../../../arm-none-eabi/lib/thumb/v7-m/nofp\libc_nano.a(lib_a-memset.o)
 .debug_frame   0x0000000000003f4c       0x2c c:/st/stm32cubeide_1.6.0/stm32cubeide/plugins/com.st.stm32cube.ide.mcu.externaltools.gnu-tools-for-stm32.9-2020-q2-update.win32_1.5.0.202011040924/tools/bin/../lib/gcc/arm-none-eabi/9.3.1/thumb/v7-m/nofp\libgcc.a(_aeabi_uldivmod.o)
 .debug_frame   0x0000000000003f78       0x34 c:/st/stm32cubeide_1.6.0/stm32cubeide/plugins/com.st.stm32cube.ide.mcu.externaltools.gnu-tools-for-stm32.9-2020-q2-update.win32_1.5.0.202011040924/tools/bin/../lib/gcc/arm-none-eabi/9.3.1/thumb/v7-m/nofp\libgcc.a(_udivmoddi4.o)
