Archive member included to satisfy reference by file (symbol)

/opt/st/stm32cubeide_1.5.1/plugins/com.st.stm32cube.ide.mcu.externaltools.gnu-tools-for-stm32.7-2018-q2-update.linux64_1.5.0.202011040924/tools/bin/../lib/gcc/arm-none-eabi/7.3.1/../../../../arm-none-eabi/lib/thumb/v7-m/libc_nano.a(lib_a-errno.o)
                              Core/Src/syscalls.o (__errno)
/opt/st/stm32cubeide_1.5.1/plugins/com.st.stm32cube.ide.mcu.externaltools.gnu-tools-for-stm32.7-2018-q2-update.linux64_1.5.0.202011040924/tools/bin/../lib/gcc/arm-none-eabi/7.3.1/../../../../arm-none-eabi/lib/thumb/v7-m/libc_nano.a(lib_a-exit.o)
                              /opt/st/stm32cubeide_1.5.1/plugins/com.st.stm32cube.ide.mcu.externaltools.gnu-tools-for-stm32.7-2018-q2-update.linux64_1.5.0.202011040924/tools/bin/../lib/gcc/arm-none-eabi/7.3.1/../../../../arm-none-eabi/lib/thumb/v7-m/crt0.o (exit)
/opt/st/stm32cubeide_1.5.1/plugins/com.st.stm32cube.ide.mcu.externaltools.gnu-tools-for-stm32.7-2018-q2-update.linux64_1.5.0.202011040924/tools/bin/../lib/gcc/arm-none-eabi/7.3.1/../../../../arm-none-eabi/lib/thumb/v7-m/libc_nano.a(lib_a-impure.o)
                              /opt/st/stm32cubeide_1.5.1/plugins/com.st.stm32cube.ide.mcu.externaltools.gnu-tools-for-stm32.7-2018-q2-update.linux64_1.5.0.202011040924/tools/bin/../lib/gcc/arm-none-eabi/7.3.1/../../../../arm-none-eabi/lib/thumb/v7-m/libc_nano.a(lib_a-exit.o) (_global_impure_ptr)
/opt/st/stm32cubeide_1.5.1/plugins/com.st.stm32cube.ide.mcu.externaltools.gnu-tools-for-stm32.7-2018-q2-update.linux64_1.5.0.202011040924/tools/bin/../lib/gcc/arm-none-eabi/7.3.1/../../../../arm-none-eabi/lib/thumb/v7-m/libc_nano.a(lib_a-init.o)
                              /opt/st/stm32cubeide_1.5.1/plugins/com.st.stm32cube.ide.mcu.externaltools.gnu-tools-for-stm32.7-2018-q2-update.linux64_1.5.0.202011040924/tools/bin/../lib/gcc/arm-none-eabi/7.3.1/../../../../arm-none-eabi/lib/thumb/v7-m/crt0.o (__libc_init_array)
/opt/st/stm32cubeide_1.5.1/plugins/com.st.stm32cube.ide.mcu.externaltools.gnu-tools-for-stm32.7-2018-q2-update.linux64_1.5.0.202011040924/tools/bin/../lib/gcc/arm-none-eabi/7.3.1/../../../../arm-none-eabi/lib/thumb/v7-m/libc_nano.a(lib_a-memset.o)
                              /opt/st/stm32cubeide_1.5.1/plugins/com.st.stm32cube.ide.mcu.externaltools.gnu-tools-for-stm32.7-2018-q2-update.linux64_1.5.0.202011040924/tools/bin/../lib/gcc/arm-none-eabi/7.3.1/../../../../arm-none-eabi/lib/thumb/v7-m/crt0.o (memset)
/opt/st/stm32cubeide_1.5.1/plugins/com.st.stm32cube.ide.mcu.externaltools.gnu-tools-for-stm32.7-2018-q2-update.linux64_1.5.0.202011040924/tools/bin/../lib/gcc/arm-none-eabi/7.3.1/thumb/v7-m/libgcc.a(_aeabi_uldivmod.o)
                              Drivers/STM32F2xx_HAL_Driver/Src/stm32f2xx_hal_rcc.o (__aeabi_uldivmod)
/opt/st/stm32cubeide_1.5.1/plugins/com.st.stm32cube.ide.mcu.externaltools.gnu-tools-for-stm32.7-2018-q2-update.linux64_1.5.0.202011040924/tools/bin/../lib/gcc/arm-none-eabi/7.3.1/thumb/v7-m/libgcc.a(_udivmoddi4.o)
                              /opt/st/stm32cubeide_1.5.1/plugins/com.st.stm32cube.ide.mcu.externaltools.gnu-tools-for-stm32.7-2018-q2-update.linux64_1.5.0.202011040924/tools/bin/../lib/gcc/arm-none-eabi/7.3.1/thumb/v7-m/libgcc.a(_aeabi_uldivmod.o) (__udivmoddi4)
/opt/st/stm32cubeide_1.5.1/plugins/com.st.stm32cube.ide.mcu.externaltools.gnu-tools-for-stm32.7-2018-q2-update.linux64_1.5.0.202011040924/tools/bin/../lib/gcc/arm-none-eabi/7.3.1/thumb/v7-m/libgcc.a(_dvmd_tls.o)
                              /opt/st/stm32cubeide_1.5.1/plugins/com.st.stm32cube.ide.mcu.externaltools.gnu-tools-for-stm32.7-2018-q2-update.linux64_1.5.0.202011040924/tools/bin/../lib/gcc/arm-none-eabi/7.3.1/thumb/v7-m/libgcc.a(_aeabi_uldivmod.o) (__aeabi_ldiv0)

Allocating common symbols
Common symbol       size              file

uwTick              0x4               Drivers/STM32F2xx_HAL_Driver/Src/stm32f2xx_hal.o
pFlash              0x20              Drivers/STM32F2xx_HAL_Driver/Src/stm32f2xx_hal_flash.o
hspi3               0x58              Core/Src/main.o
huart1              0x40              Core/Src/main.o
hrtc                0x20              Core/Src/main.o
hspi1               0x58              Core/Src/main.o
huart2              0x40              Core/Src/main.o
htim14              0x48              Core/Src/stm32f2xx_hal_timebase_tim.o

Discarded input sections

 .text          0x0000000000000000        0x0 /opt/st/stm32cubeide_1.5.1/plugins/com.st.stm32cube.ide.mcu.externaltools.gnu-tools-for-stm32.7-2018-q2-update.linux64_1.5.0.202011040924/tools/bin/../lib/gcc/arm-none-eabi/7.3.1/thumb/v7-m/crti.o
 .data          0x0000000000000000        0x0 /opt/st/stm32cubeide_1.5.1/plugins/com.st.stm32cube.ide.mcu.externaltools.gnu-tools-for-stm32.7-2018-q2-update.linux64_1.5.0.202011040924/tools/bin/../lib/gcc/arm-none-eabi/7.3.1/thumb/v7-m/crti.o
[...]
Memory Configuration

Name             Origin             Length             Attributes
RAM              0x0000000020000000 0x0000000000020000 xrw
FLASH            0x0000000008000000 0x0000000000080000 xr
*default*        0x0000000000000000 0xffffffffffffffff

Linker script and memory map

LOAD /opt/st/stm32cubeide_1.5.1/plugins/com.st.stm32cube.ide.mcu.externaltools.gnu-tools-for-stm32.7-2018-q2-update.linux64_1.5.0.202011040924/tools/bin/../lib/gcc/arm-none-eabi/7.3.1/thumb/v7-m/crti.o
LOAD /opt/st/stm32cubeide_1.5.1/plugins/com.st.stm32cube.ide.mcu.externaltools.gnu-tools-for-stm32.7-2018-q2-update.linux64_1.5.0.202011040924/tools/bin/../lib/gcc/arm-none-eabi/7.3.1/thumb/v7-m/crtbegin.o
LOAD /opt/st/stm32cubeide_1.5.1/plugins/com.st.stm32cube.ide.mcu.externaltools.gnu-tools-for-stm32.7-2018-q2-update.linux64_1.5.0.202011040924/tools/bin/../lib/gcc/arm-none-eabi/7.3.1/../../../../arm-none-eabi/lib/thumb/v7-m/crt0.o
LOAD Core/Src/main.o
LOAD Core/Src/stm32f2xx_hal_msp.o
LOAD Core/Src/stm32f2xx_hal_timebase_tim.o
LOAD Core/Src/stm32f2xx_it.o
LOAD Core/Src/syscalls.o
LOAD Core/Src/sysmem.o
LOAD Core/Src/system_stm32f2xx.o
LOAD Core/Startup/startup_stm32f205retx.o
LOAD Drivers/STM32F2xx_HAL_Driver/Src/stm32f2xx_hal.o
LOAD Drivers/STM32F2xx_HAL_Driver/Src/stm32f2xx_hal_cortex.o
LOAD Drivers/STM32F2xx_HAL_Driver/Src/stm32f2xx_hal_dma.o
LOAD Drivers/STM32F2xx_HAL_Driver/Src/stm32f2xx_hal_dma_ex.o
LOAD Drivers/STM32F2xx_HAL_Driver/Src/stm32f2xx_hal_exti.o
LOAD Drivers/STM32F2xx_HAL_Driver/Src/stm32f2xx_hal_flash.o
LOAD Drivers/STM32F2xx_HAL_Driver/Src/stm32f2xx_hal_flash_ex.o
LOAD Drivers/STM32F2xx_HAL_Driver/Src/stm32f2xx_hal_gpio.o
LOAD Drivers/STM32F2xx_HAL_Driver/Src/stm32f2xx_hal_pwr.o
LOAD Drivers/STM32F2xx_HAL_Driver/Src/stm32f2xx_hal_pwr_ex.o
LOAD Drivers/STM32F2xx_HAL_Driver/Src/stm32f2xx_hal_rcc.o
LOAD Drivers/STM32F2xx_HAL_Driver/Src/stm32f2xx_hal_rcc_ex.o
LOAD Drivers/STM32F2xx_HAL_Driver/Src/stm32f2xx_hal_rtc.o
LOAD Drivers/STM32F2xx_HAL_Driver/Src/stm32f2xx_hal_rtc_ex.o
LOAD Drivers/STM32F2xx_HAL_Driver/Src/stm32f2xx_hal_spi.o
LOAD Drivers/STM32F2xx_HAL_Driver/Src/stm32f2xx_hal_tim.o
LOAD Drivers/STM32F2xx_HAL_Driver/Src/stm32f2xx_hal_tim_ex.o
LOAD Drivers/STM32F2xx_HAL_Driver/Src/stm32f2xx_hal_uart.o
START GROUP
LOAD /opt/st/stm32cubeide_1.5.1/plugins/com.st.stm32cube.ide.mcu.externaltools.gnu-tools-for-stm32.7-2018-q2-update.linux64_1.5.0.202011040924/tools/bin/../lib/gcc/arm-none-eabi/7.3.1/../../../../arm-none-eabi/lib/thumb/v7-m/libstdc++_nano.a
LOAD /opt/st/stm32cubeide_1.5.1/plugins/com.st.stm32cube.ide.mcu.externaltools.gnu-tools-for-stm32.7-2018-q2-update.linux64_1.5.0.202011040924/tools/bin/../lib/gcc/arm-none-eabi/7.3.1/../../../../arm-none-eabi/lib/thumb/v7-m/libsupc++_nano.a
END GROUP
LOAD /opt/st/stm32cubeide_1.5.1/plugins/com.st.stm32cube.ide.mcu.externaltools.gnu-tools-for-stm32.7-2018-q2-update.linux64_1.5.0.202011040924/tools/bin/../lib/gcc/arm-none-eabi/7.3.1/../../../../arm-none-eabi/lib/thumb/v7-m/libstdc++_nano.a
LOAD /opt/st/stm32cubeide_1.5.1/plugins/com.st.stm32cube.ide.mcu.externaltools.gnu-tools-for-stm32.7-2018-q2-update.linux64_1.5.0.202011040924/tools/bin/../lib/gcc/arm-none-eabi/7.3.1/../../../../arm-none-eabi/lib/thumb/v7-m/libm.a
LOAD /opt/st/stm32cubeide_1.5.1/plugins/com.st.stm32cube.ide.mcu.externaltools.gnu-tools-for-stm32.7-2018-q2-update.linux64_1.5.0.202011040924/tools/bin/../lib/gcc/arm-none-eabi/7.3.1/../../../../arm-none-eabi/lib/thumb/v7-m/libc_nano.a
START GROUP
LOAD /opt/st/stm32cubeide_1.5.1/plugins/com.st.stm32cube.ide.mcu.externaltools.gnu-tools-for-stm32.7-2018-q2-update.linux64_1.5.0.202011040924/tools/bin/../lib/gcc/arm-none-eabi/7.3.1/thumb/v7-m/libgcc.a
LOAD /opt/st/stm32cubeide_1.5.1/plugins/com.st.stm32cube.ide.mcu.externaltools.gnu-tools-for-stm32.7-2018-q2-update.linux64_1.5.0.202011040924/tools/bin/../lib/gcc/arm-none-eabi/7.3.1/../../../../arm-none-eabi/lib/thumb/v7-m/libc_nano.a
END GROUP
START GROUP
LOAD /opt/st/stm32cubeide_1.5.1/plugins/com.st.stm32cube.ide.mcu.externaltools.gnu-tools-for-stm32.7-2018-q2-update.linux64_1.5.0.202011040924/tools/bin/../lib/gcc/arm-none-eabi/7.3.1/thumb/v7-m/libgcc.a
LOAD /opt/st/stm32cubeide_1.5.1/plugins/com.st.stm32cube.ide.mcu.externaltools.gnu-tools-for-stm32.7-2018-q2-update.linux64_1.5.0.202011040924/tools/bin/../lib/gcc/arm-none-eabi/7.3.1/../../../../arm-none-eabi/lib/thumb/v7-m/libc_nano.a
LOAD /opt/st/stm32cubeide_1.5.1/plugins/com.st.stm32cube.ide.mcu.externaltools.gnu-tools-for-stm32.7-2018-q2-update.linux64_1.5.0.202011040924/tools/bin/../lib/gcc/arm-none-eabi/7.3.1/../../../../arm-none-eabi/lib/thumb/v7-m/libnosys.a
END GROUP
START GROUP
LOAD /opt/st/stm32cubeide_1.5.1/plugins/com.st.stm32cube.ide.mcu.externaltools.gnu-tools-for-stm32.7-2018-q2-update.linux64_1.5.0.202011040924/tools/bin/../lib/gcc/arm-none-eabi/7.3.1/thumb/v7-m/libgcc.a
LOAD /opt/st/stm32cubeide_1.5.1/plugins/com.st.stm32cube.ide.mcu.externaltools.gnu-tools-for-stm32.7-2018-q2-update.linux64_1.5.0.202011040924/tools/bin/../lib/gcc/arm-none-eabi/7.3.1/../../../../arm-none-eabi/lib/thumb/v7-m/libc_nano.a
LOAD /opt/st/stm32cubeide_1.5.1/plugins/com.st.stm32cube.ide.mcu.externaltools.gnu-tools-for-stm32.7-2018-q2-update.linux64_1.5.0.202011040924/tools/bin/../lib/gcc/arm-none-eabi/7.3.1/../../../../arm-none-eabi/lib/thumb/v7-m/libnosys.a
END GROUP
LOAD /opt/st/stm32cubeide_1.5.1/plugins/com.st.stm32cube.ide.mcu.externaltools.gnu-tools-for-stm32.7-2018-q2-update.linux64_1.5.0.202011040924/tools/bin/../lib/gcc/arm-none-eabi/7.3.1/thumb/v7-m/crtend.o
LOAD /opt/st/stm32cubeide_1.5.1/plugins/com.st.stm32cube.ide.mcu.externaltools.gnu-tools-for-stm32.7-2018-q2-update.linux64_1.5.0.202011040924/tools/bin/../lib/gcc/arm-none-eabi/7.3.1/thumb/v7-m/crtn.o
                0x0000000020020000                _estack = (ORIGIN (RAM) + LENGTH (RAM))
                0x0000000000000200                _Min_Heap_Size = 0x200
                0x0000000000000400                _Min_Stack_Size = 0x400

.isr_vector     0x0000000008000000      0x184
                0x0000000008000000                . = ALIGN (0x4)
 *(.isr_vector)
 .isr_vector    0x0000000008000000      0x184 Core/Startup/startup_stm32f205retx.o
                0x0000000008000000                g_pfnVectors
                0x0000000008000184                . = ALIGN (0x4)

.text           0x0000000008000184     0x32e4
                0x0000000008000184                . = ALIGN (0x4)
 *(.text)
 .text          0x0000000008000184       0x40 /opt/st/stm32cubeide_1.5.1/plugins/com.st.stm32cube.ide.mcu.externaltools.gnu-tools-for-stm32.7-2018-q2-update.linux64_1.5.0.202011040924/tools/bin/../lib/gcc/arm-none-eabi/7.3.1/thumb/v7-m/crtbegin.o
 .text          0x00000000080001c4       0x30 /opt/st/stm32cubeide_1.5.1/plugins/com.st.stm32cube.ide.mcu.externaltools.gnu-tools-for-stm32.7-2018-q2-update.linux64_1.5.0.202011040924/tools/bin/../lib/gcc/arm-none-eabi/7.3.1/thumb/v7-m/libgcc.a(_aeabi_uldivmod.o)
                0x00000000080001c4                __aeabi_uldivmod
 .text          0x00000000080001f4      0x2d0 /opt/st/stm32cubeide_1.5.1/plugins/com.st.stm32cube.ide.mcu.externaltools.gnu-tools-for-stm32.7-2018-q2-update.linux64_1.5.0.202011040924/tools/bin/../lib/gcc/arm-none-eabi/7.3.1/thumb/v7-m/libgcc.a(_udivmoddi4.o)
                0x00000000080001f4                __udivmoddi4
 .text          0x00000000080004c4        0x4 /opt/st/stm32cubeide_1.5.1/plugins/com.st.stm32cube.ide.mcu.externaltools.gnu-tools-for-stm32.7-2018-q2-update.linux64_1.5.0.202011040924/tools/bin/../lib/gcc/arm-none-eabi/7.3.1/thumb/v7-m/libgcc.a(_dvmd_tls.o)
                0x00000000080004c4                __aeabi_ldiv0
                0x00000000080004c4                __aeabi_idiv0
 *(.text*)
 .text.main     0x00000000080004c8      0x154 Core/Src/main.o
                0x00000000080004c8                main
 .text.SystemClock_Config
                0x000000000800061c       0xc0 Core/Src/main.o
                0x000000000800061c                SystemClock_Config
 .text.MX_RTC_Init
                0x00000000080006dc       0xb0 Core/Src/main.o
 .text.MX_SPI1_Init
                0x000000000800078c       0x6c Core/Src/main.o
 .text.MX_SPI3_Init
                0x00000000080007f8       0x6c Core/Src/main.o
 .text.MX_USART1_UART_Init
                0x0000000008000864       0x54 Core/Src/main.o
 .text.MX_USART2_UART_Init
                0x00000000080008b8       0x54 Core/Src/main.o
 .text.MX_GPIO_Init
                0x000000000800090c      0x140 Core/Src/main.o
 .text.HAL_TIM_PeriodElapsedCallback
                0x0000000008000a4c       0x24 Core/Src/main.o
                0x0000000008000a4c                HAL_TIM_PeriodElapsedCallback
 .text.Error_Handler
                0x0000000008000a70        0x8 Core/Src/main.o
                0x0000000008000a70                Error_Handler
 .text.HAL_MspInit
                0x0000000008000a78       0x4c Core/Src/stm32f2xx_hal_msp.o
                0x0000000008000a78                HAL_MspInit
 .text.HAL_RTC_MspInit
                0x0000000008000ac4       0x2c Core/Src/stm32f2xx_hal_msp.o
                0x0000000008000ac4                HAL_RTC_MspInit
 .text.HAL_SPI_MspInit
                0x0000000008000af0       0xfc Core/Src/stm32f2xx_hal_msp.o
                0x0000000008000af0                HAL_SPI_MspInit
 .text.HAL_UART_MspInit
                0x0000000008000bec       0xf8 Core/Src/stm32f2xx_hal_msp.o
                0x0000000008000bec                HAL_UART_MspInit
 .text.HAL_InitTick
                0x0000000008000ce4       0xb4 Core/Src/stm32f2xx_hal_timebase_tim.o
                0x0000000008000ce4                HAL_InitTick
 .text.NMI_Handler
                0x0000000008000d98        0x6 Core/Src/stm32f2xx_it.o
                0x0000000008000d98                NMI_Handler
 .text.HardFault_Handler
                0x0000000008000d9e        0x6 Core/Src/stm32f2xx_it.o
                0x0000000008000d9e                HardFault_Handler
 .text.MemManage_Handler
                0x0000000008000da4        0x6 Core/Src/stm32f2xx_it.o
                0x0000000008000da4                MemManage_Handler
 .text.BusFault_Handler
                0x0000000008000daa        0x6 Core/Src/stm32f2xx_it.o
                0x0000000008000daa                BusFault_Handler
 .text.UsageFault_Handler
                0x0000000008000db0        0x6 Core/Src/stm32f2xx_it.o
                0x0000000008000db0                UsageFault_Handler
 .text.SVC_Handler
                0x0000000008000db6        0xc Core/Src/stm32f2xx_it.o
                0x0000000008000db6                SVC_Handler
 .text.DebugMon_Handler
                0x0000000008000dc2        0xc Core/Src/stm32f2xx_it.o
                0x0000000008000dc2                DebugMon_Handler
 .text.PendSV_Handler
                0x0000000008000dce        0xc Core/Src/stm32f2xx_it.o
                0x0000000008000dce                PendSV_Handler
 .text.SysTick_Handler
                0x0000000008000dda        0xc Core/Src/stm32f2xx_it.o
                0x0000000008000dda                SysTick_Handler
 *fill*         0x0000000008000de6        0x2 
 .text.TIM8_TRG_COM_TIM14_IRQHandler
                0x0000000008000de8       0x14 Core/Src/stm32f2xx_it.o
                0x0000000008000de8                TIM8_TRG_COM_TIM14_IRQHandler
 .text.SystemInit
                0x0000000008000dfc        0xc Core/Src/system_stm32f2xx.o
                0x0000000008000dfc                SystemInit
 .text.Reset_Handler
                0x0000000008000e08       0x50 Core/Startup/startup_stm32f205retx.o
                0x0000000008000e08                Reset_Handler
 .text.Default_Handler
                0x0000000008000e58        0x2 Core/Startup/startup_stm32f205retx.o
                0x0000000008000e58                RTC_Alarm_IRQHandler
                0x0000000008000e58                HASH_RNG_IRQHandler
                0x0000000008000e58                EXTI2_IRQHandler
                0x0000000008000e58                TIM8_CC_IRQHandler
                0x0000000008000e58                TIM1_CC_IRQHandler
                0x0000000008000e58                DMA2_Stream5_IRQHandler
                0x0000000008000e58                DMA1_Stream5_IRQHandler
                0x0000000008000e58                PVD_IRQHandler
                0x0000000008000e58                SDIO_IRQHandler
                0x0000000008000e58                TAMP_STAMP_IRQHandler
                0x0000000008000e58                CAN2_RX1_IRQHandler
                0x0000000008000e58                EXTI3_IRQHandler
                0x0000000008000e58                TIM1_UP_TIM10_IRQHandler
                0x0000000008000e58                TIM8_UP_TIM13_IRQHandler
                0x0000000008000e58                I2C3_ER_IRQHandler
                0x0000000008000e58                EXTI0_IRQHandler
                0x0000000008000e58                I2C2_EV_IRQHandler
                0x0000000008000e58                DMA1_Stream2_IRQHandler
                0x0000000008000e58                CAN1_RX0_IRQHandler
                0x0000000008000e58                OTG_HS_WKUP_IRQHandler
                0x0000000008000e58                CAN2_SCE_IRQHandler
                0x0000000008000e58                DMA2_Stream2_IRQHandler
                0x0000000008000e58                SPI1_IRQHandler
                0x0000000008000e58                TIM6_DAC_IRQHandler
                0x0000000008000e58                TIM1_BRK_TIM9_IRQHandler
                0x0000000008000e58                CAN2_RX0_IRQHandler
                0x0000000008000e58                DMA2_Stream3_IRQHandler
                0x0000000008000e58                USART6_IRQHandler
                0x0000000008000e58                USART3_IRQHandler
                0x0000000008000e58                CAN1_RX1_IRQHandler
                0x0000000008000e58                UART5_IRQHandler
                0x0000000008000e58                DMA2_Stream0_IRQHandler
                0x0000000008000e58                TIM4_IRQHandler
                0x0000000008000e58                I2C1_EV_IRQHandler
                0x0000000008000e58                DMA1_Stream6_IRQHandler
                0x0000000008000e58                DMA1_Stream1_IRQHandler
                0x0000000008000e58                UART4_IRQHandler
                0x0000000008000e58                TIM3_IRQHandler
                0x0000000008000e58                RCC_IRQHandler
                0x0000000008000e58                TIM8_BRK_TIM12_IRQHandler
                0x0000000008000e58                Default_Handler
                0x0000000008000e58                EXTI15_10_IRQHandler
                0x0000000008000e58                ADC_IRQHandler
                0x0000000008000e58                DMA1_Stream7_IRQHandler
                0x0000000008000e58                TIM7_IRQHandler
                0x0000000008000e58                CAN2_TX_IRQHandler
                0x0000000008000e58                TIM5_IRQHandler
                0x0000000008000e58                DMA2_Stream7_IRQHandler
                0x0000000008000e58                I2C3_EV_IRQHandler
                0x0000000008000e58                EXTI9_5_IRQHandler
                0x0000000008000e58                RTC_WKUP_IRQHandler
                0x0000000008000e58                SPI2_IRQHandler
                0x0000000008000e58                OTG_HS_EP1_IN_IRQHandler
                0x0000000008000e58                DMA1_Stream0_IRQHandler
                0x0000000008000e58                CAN1_TX_IRQHandler
                0x0000000008000e58                EXTI4_IRQHandler
                0x0000000008000e58                FSMC_IRQHandler
                0x0000000008000e58                OTG_HS_EP1_OUT_IRQHandler
                0x0000000008000e58                WWDG_IRQHandler
                0x0000000008000e58                TIM2_IRQHandler
                0x0000000008000e58                OTG_FS_WKUP_IRQHandler
                0x0000000008000e58                TIM1_TRG_COM_TIM11_IRQHandler
                0x0000000008000e58                OTG_HS_IRQHandler
                0x0000000008000e58                EXTI1_IRQHandler
                0x0000000008000e58                USART2_IRQHandler
                0x0000000008000e58                I2C2_ER_IRQHandler
                0x0000000008000e58                DMA2_Stream1_IRQHandler
                0x0000000008000e58                CAN1_SCE_IRQHandler
                0x0000000008000e58                FLASH_IRQHandler
                0x0000000008000e58                DMA2_Stream4_IRQHandler
                0x0000000008000e58                USART1_IRQHandler
                0x0000000008000e58                OTG_FS_IRQHandler
                0x0000000008000e58                SPI3_IRQHandler
                0x0000000008000e58                DMA1_Stream4_IRQHandler
                0x0000000008000e58                I2C1_ER_IRQHandler
                0x0000000008000e58                DMA2_Stream6_IRQHandler
                0x0000000008000e58                DMA1_Stream3_IRQHandler
 *fill*         0x0000000008000e5a        0x2 
 .text.HAL_Init
                0x0000000008000e5c       0x44 Drivers/STM32F2xx_HAL_Driver/Src/stm32f2xx_hal.o
                0x0000000008000e5c                HAL_Init
 .text.HAL_IncTick
                0x0000000008000ea0       0x24 Drivers/STM32F2xx_HAL_Driver/Src/stm32f2xx_hal.o
                0x0000000008000ea0                HAL_IncTick
 .text.HAL_GetTick
                0x0000000008000ec4       0x14 Drivers/STM32F2xx_HAL_Driver/Src/stm32f2xx_hal.o
                0x0000000008000ec4                HAL_GetTick
 .text.HAL_Delay
                0x0000000008000ed8       0x44 Drivers/STM32F2xx_HAL_Driver/Src/stm32f2xx_hal.o
                0x0000000008000ed8                HAL_Delay
 .text.__NVIC_SetPriorityGrouping
                0x0000000008000f1c       0x48 Drivers/STM32F2xx_HAL_Driver/Src/stm32f2xx_hal_cortex.o
 .text.__NVIC_GetPriorityGrouping
                0x0000000008000f64       0x1c Drivers/STM32F2xx_HAL_Driver/Src/stm32f2xx_hal_cortex.o
 .text.__NVIC_EnableIRQ
                0x0000000008000f80       0x38 Drivers/STM32F2xx_HAL_Driver/Src/stm32f2xx_hal_cortex.o
 .text.__NVIC_SetPriority
                0x0000000008000fb8       0x54 Drivers/STM32F2xx_HAL_Driver/Src/stm32f2xx_hal_cortex.o
 .text.NVIC_EncodePriority
                0x000000000800100c       0x64 Drivers/STM32F2xx_HAL_Driver/Src/stm32f2xx_hal_cortex.o
 .text.HAL_NVIC_SetPriorityGrouping
                0x0000000008001070       0x16 Drivers/STM32F2xx_HAL_Driver/Src/stm32f2xx_hal_cortex.o
                0x0000000008001070                HAL_NVIC_SetPriorityGrouping
 .text.HAL_NVIC_SetPriority
                0x0000000008001086       0x38 Drivers/STM32F2xx_HAL_Driver/Src/stm32f2xx_hal_cortex.o
                0x0000000008001086                HAL_NVIC_SetPriority
 .text.HAL_NVIC_EnableIRQ
                0x00000000080010be       0x1c Drivers/STM32F2xx_HAL_Driver/Src/stm32f2xx_hal_cortex.o
                0x00000000080010be                HAL_NVIC_EnableIRQ
 *fill*         0x00000000080010da        0x2 
 .text.HAL_GPIO_Init
                0x00000000080010dc      0x33c Drivers/STM32F2xx_HAL_Driver/Src/stm32f2xx_hal_gpio.o
                0x00000000080010dc                HAL_GPIO_Init
 .text.HAL_GPIO_WritePin
                0x0000000008001418       0x30 Drivers/STM32F2xx_HAL_Driver/Src/stm32f2xx_hal_gpio.o
                0x0000000008001418                HAL_GPIO_WritePin
 .text.HAL_GPIO_TogglePin
                0x0000000008001448       0x32 Drivers/STM32F2xx_HAL_Driver/Src/stm32f2xx_hal_gpio.o
                0x0000000008001448                HAL_GPIO_TogglePin
 *fill*         0x000000000800147a        0x2 
 .text.HAL_RCC_OscConfig
                0x000000000800147c      0x4a0 Drivers/STM32F2xx_HAL_Driver/Src/stm32f2xx_hal_rcc.o
                0x000000000800147c                HAL_RCC_OscConfig
 .text.HAL_RCC_ClockConfig
                0x000000000800191c      0x1d8 Drivers/STM32F2xx_HAL_Driver/Src/stm32f2xx_hal_rcc.o
                0x000000000800191c                HAL_RCC_ClockConfig
 .text.HAL_RCC_GetSysClockFreq
                0x0000000008001af4      0x1ac Drivers/STM32F2xx_HAL_Driver/Src/stm32f2xx_hal_rcc.o
                0x0000000008001af4                HAL_RCC_GetSysClockFreq
 .text.HAL_RCC_GetHCLKFreq
                0x0000000008001ca0       0x14 Drivers/STM32F2xx_HAL_Driver/Src/stm32f2xx_hal_rcc.o
                0x0000000008001ca0                HAL_RCC_GetHCLKFreq
 .text.HAL_RCC_GetPCLK1Freq
                0x0000000008001cb4       0x44 Drivers/STM32F2xx_HAL_Driver/Src/stm32f2xx_hal_rcc.o
                0x0000000008001cb4                HAL_RCC_GetPCLK1Freq
 .text.HAL_RCC_GetPCLK2Freq
                0x0000000008001cf8       0x44 Drivers/STM32F2xx_HAL_Driver/Src/stm32f2xx_hal_rcc.o
                0x0000000008001cf8                HAL_RCC_GetPCLK2Freq
 .text.HAL_RCC_GetClockConfig
                0x0000000008001d3c       0x60 Drivers/STM32F2xx_HAL_Driver/Src/stm32f2xx_hal_rcc.o
                0x0000000008001d3c                HAL_RCC_GetClockConfig
 .text.HAL_RCCEx_PeriphCLKConfig
                0x0000000008001d9c      0x1ec Drivers/STM32F2xx_HAL_Driver/Src/stm32f2xx_hal_rcc_ex.o
                0x0000000008001d9c                HAL_RCCEx_PeriphCLKConfig
 .text.HAL_RTC_Init
                0x0000000008001f88      0x114 Drivers/STM32F2xx_HAL_Driver/Src/stm32f2xx_hal_rtc.o
                0x0000000008001f88                HAL_RTC_Init
 .text.HAL_RTC_SetTime
                0x000000000800209c      0x16c Drivers/STM32F2xx_HAL_Driver/Src/stm32f2xx_hal_rtc.o
                0x000000000800209c                HAL_RTC_SetTime
 .text.HAL_RTC_SetDate
                0x0000000008002208      0x140 Drivers/STM32F2xx_HAL_Driver/Src/stm32f2xx_hal_rtc.o
                0x0000000008002208                HAL_RTC_SetDate
 .text.HAL_RTC_WaitForSynchro
                0x0000000008002348       0x50 Drivers/STM32F2xx_HAL_Driver/Src/stm32f2xx_hal_rtc.o
                0x0000000008002348                HAL_RTC_WaitForSynchro
 .text.RTC_EnterInitMode
                0x0000000008002398       0x58 Drivers/STM32F2xx_HAL_Driver/Src/stm32f2xx_hal_rtc.o
                0x0000000008002398                RTC_EnterInitMode
 .text.RTC_ByteToBcd2
                0x00000000080023f0       0x3a Drivers/STM32F2xx_HAL_Driver/Src/stm32f2xx_hal_rtc.o
                0x00000000080023f0                RTC_ByteToBcd2
 .text.HAL_SPI_Init
                0x000000000800242a      0x112 Drivers/STM32F2xx_HAL_Driver/Src/stm32f2xx_hal_spi.o
                0x000000000800242a                HAL_SPI_Init
 .text.HAL_SPI_Transmit
                0x000000000800253c      0x278 Drivers/STM32F2xx_HAL_Driver/Src/stm32f2xx_hal_spi.o
                0x000000000800253c                HAL_SPI_Transmit
 .text.HAL_SPI_TransmitReceive
                0x00000000080027b4      0x344 Drivers/STM32F2xx_HAL_Driver/Src/stm32f2xx_hal_spi.o
                0x00000000080027b4                HAL_SPI_TransmitReceive
 .text.SPI_WaitFlagStateUntilTimeout
                0x0000000008002af8      0x110 Drivers/STM32F2xx_HAL_Driver/Src/stm32f2xx_hal_spi.o
 .text.SPI_EndRxTxTransaction
                0x0000000008002c08       0x3c Drivers/STM32F2xx_HAL_Driver/Src/stm32f2xx_hal_spi.o
 .text.HAL_TIM_Base_Init
                0x0000000008002c44       0x9e Drivers/STM32F2xx_HAL_Driver/Src/stm32f2xx_hal_tim.o
                0x0000000008002c44                HAL_TIM_Base_Init
 .text.HAL_TIM_Base_MspInit
                0x0000000008002ce2       0x12 Drivers/STM32F2xx_HAL_Driver/Src/stm32f2xx_hal_tim.o
                0x0000000008002ce2                HAL_TIM_Base_MspInit
 .text.HAL_TIM_Base_Start_IT
                0x0000000008002cf4       0xdc Drivers/STM32F2xx_HAL_Driver/Src/stm32f2xx_hal_tim.o
                0x0000000008002cf4                HAL_TIM_Base_Start_IT
 .text.HAL_TIM_IRQHandler
                0x0000000008002dd0      0x210 Drivers/STM32F2xx_HAL_Driver/Src/stm32f2xx_hal_tim.o
                0x0000000008002dd0                HAL_TIM_IRQHandler
 .text.HAL_TIM_OC_DelayElapsedCallback
                0x0000000008002fe0       0x12 Drivers/STM32F2xx_HAL_Driver/Src/stm32f2xx_hal_tim.o
                0x0000000008002fe0                HAL_TIM_OC_DelayElapsedCallback
 .text.HAL_TIM_IC_CaptureCallback
                0x0000000008002ff2       0x12 Drivers/STM32F2xx_HAL_Driver/Src/stm32f2xx_hal_tim.o
                0x0000000008002ff2                HAL_TIM_IC_CaptureCallback
 .text.HAL_TIM_PWM_PulseFinishedCallback
                0x0000000008003004       0x12 Drivers/STM32F2xx_HAL_Driver/Src/stm32f2xx_hal_tim.o
                0x0000000008003004                HAL_TIM_PWM_PulseFinishedCallback
 .text.HAL_TIM_TriggerCallback
                0x0000000008003016       0x12 Drivers/STM32F2xx_HAL_Driver/Src/stm32f2xx_hal_tim.o
                0x0000000008003016                HAL_TIM_TriggerCallback
 .text.TIM_Base_SetConfig
                0x0000000008003028      0x13c Drivers/STM32F2xx_HAL_Driver/Src/stm32f2xx_hal_tim.o
                0x0000000008003028                TIM_Base_SetConfig
 .text.HAL_TIMEx_CommutCallback
                0x0000000008003164       0x12 Drivers/STM32F2xx_HAL_Driver/Src/stm32f2xx_hal_tim_ex.o
                0x0000000008003164                HAL_TIMEx_CommutCallback
 .text.HAL_TIMEx_BreakCallback
                0x0000000008003176       0x12 Drivers/STM32F2xx_HAL_Driver/Src/stm32f2xx_hal_tim_ex.o
                0x0000000008003176                HAL_TIMEx_BreakCallback
 .text.HAL_UART_Init
                0x0000000008003188       0x9a Drivers/STM32F2xx_HAL_Driver/Src/stm32f2xx_hal_uart.o
                0x0000000008003188                HAL_UART_Init
 *fill*         0x0000000008003222        0x2 
 .text.UART_SetConfig
                0x0000000008003224      0x1d4 Drivers/STM32F2xx_HAL_Driver/Src/stm32f2xx_hal_uart.o
 .text.__libc_init_array
                0x00000000080033f8       0x48 /opt/st/stm32cubeide_1.5.1/plugins/com.st.stm32cube.ide.mcu.externaltools.gnu-tools-for-stm32.7-2018-q2-update.linux64_1.5.0.202011040924/tools/bin/../lib/gcc/arm-none-eabi/7.3.1/../../../../arm-none-eabi/lib/thumb/v7-m/libc_nano.a(lib_a-init.o)
                0x00000000080033f8                __libc_init_array
 .text.memset   0x0000000008003440       0x10 /opt/st/stm32cubeide_1.5.1/plugins/com.st.stm32cube.ide.mcu.externaltools.gnu-tools-for-stm32.7-2018-q2-update.linux64_1.5.0.202011040924/tools/bin/../lib/gcc/arm-none-eabi/7.3.1/../../../../arm-none-eabi/lib/thumb/v7-m/libc_nano.a(lib_a-memset.o)
                0x0000000008003440                memset
 *(.glue_7)
 .glue_7        0x0000000008003450        0x0 linker stubs
 *(.glue_7t)
 .glue_7t       0x0000000008003450        0x0 linker stubs
 *(.eh_frame)
 .eh_frame      0x0000000008003450        0x0 /opt/st/stm32cubeide_1.5.1/plugins/com.st.stm32cube.ide.mcu.externaltools.gnu-tools-for-stm32.7-2018-q2-update.linux64_1.5.0.202011040924/tools/bin/../lib/gcc/arm-none-eabi/7.3.1/thumb/v7-m/crtbegin.o
 *(.init)
 .init          0x0000000008003450        0x4 /opt/st/stm32cubeide_1.5.1/plugins/com.st.stm32cube.ide.mcu.externaltools.gnu-tools-for-stm32.7-2018-q2-update.linux64_1.5.0.202011040924/tools/bin/../lib/gcc/arm-none-eabi/7.3.1/thumb/v7-m/crti.o
                0x0000000008003450                _init
 .init          0x0000000008003454        0x8 /opt/st/stm32cubeide_1.5.1/plugins/com.st.stm32cube.ide.mcu.externaltools.gnu-tools-for-stm32.7-2018-q2-update.linux64_1.5.0.202011040924/tools/bin/../lib/gcc/arm-none-eabi/7.3.1/thumb/v7-m/crtn.o
 *(.fini)
 .fini          0x000000000800345c        0x4 /opt/st/stm32cubeide_1.5.1/plugins/com.st.stm32cube.ide.mcu.externaltools.gnu-tools-for-stm32.7-2018-q2-update.linux64_1.5.0.202011040924/tools/bin/../lib/gcc/arm-none-eabi/7.3.1/thumb/v7-m/crti.o
                0x000000000800345c                _fini
 .fini          0x0000000008003460        0x8 /opt/st/stm32cubeide_1.5.1/plugins/com.st.stm32cube.ide.mcu.externaltools.gnu-tools-for-stm32.7-2018-q2-update.linux64_1.5.0.202011040924/tools/bin/../lib/gcc/arm-none-eabi/7.3.1/thumb/v7-m/crtn.o
                0x0000000008003468                . = ALIGN (0x4)
                0x0000000008003468                _etext = .

.vfp11_veneer   0x0000000008003468        0x0
 .vfp11_veneer  0x0000000008003468        0x0 linker stubs

.v4_bx          0x0000000008003468        0x0
 .v4_bx         0x0000000008003468        0x0 linker stubs

.iplt           0x0000000008003468        0x0
 .iplt          0x0000000008003468        0x0 /opt/st/stm32cubeide_1.5.1/plugins/com.st.stm32cube.ide.mcu.externaltools.gnu-tools-for-stm32.7-2018-q2-update.linux64_1.5.0.202011040924/tools/bin/../lib/gcc/arm-none-eabi/7.3.1/thumb/v7-m/crtbegin.o

.rodata         0x0000000008003468       0x1c
                0x0000000008003468                . = ALIGN (0x4)
 *(.rodata)
 .rodata        0x0000000008003468        0x3 Core/Src/main.o
 *(.rodata*)
 *fill*         0x000000000800346b        0x1 
 .rodata.AHBPrescTable
                0x000000000800346c       0x10 Core/Src/system_stm32f2xx.o
                0x000000000800346c                AHBPrescTable
 .rodata.APBPrescTable
                0x000000000800347c        0x8 Core/Src/system_stm32f2xx.o
                0x000000000800347c                APBPrescTable
                0x0000000008003484                . = ALIGN (0x4)

.ARM.extab      0x0000000008003484        0x0
                0x0000000008003484                . = ALIGN (0x4)
 *(.ARM.extab* .gnu.linkonce.armextab.*)
                0x0000000008003484                . = ALIGN (0x4)

.ARM            0x0000000008003484        0x8
                0x0000000008003484                . = ALIGN (0x4)
                0x0000000008003484                __exidx_start = .
 *(.ARM.exidx*)
 .ARM.exidx     0x0000000008003484        0x8 /opt/st/stm32cubeide_1.5.1/plugins/com.st.stm32cube.ide.mcu.externaltools.gnu-tools-for-stm32.7-2018-q2-update.linux64_1.5.0.202011040924/tools/bin/../lib/gcc/arm-none-eabi/7.3.1/thumb/v7-m/libgcc.a(_udivmoddi4.o)
                0x000000000800348c                __exidx_end = .
                0x000000000800348c                . = ALIGN (0x4)

.rel.dyn        0x000000000800348c        0x0
 .rel.iplt      0x000000000800348c        0x0 /opt/st/stm32cubeide_1.5.1/plugins/com.st.stm32cube.ide.mcu.externaltools.gnu-tools-for-stm32.7-2018-q2-update.linux64_1.5.0.202011040924/tools/bin/../lib/gcc/arm-none-eabi/7.3.1/thumb/v7-m/crtbegin.o

.preinit_array  0x000000000800348c        0x0
                0x000000000800348c                . = ALIGN (0x4)
                0x000000000800348c                PROVIDE (__preinit_array_start = .)
 *(.preinit_array*)
                0x000000000800348c                PROVIDE (__preinit_array_end = .)
                0x000000000800348c                . = ALIGN (0x4)

.init_array     0x000000000800348c        0x4
                0x000000000800348c                . = ALIGN (0x4)
                0x000000000800348c                PROVIDE (__init_array_start = .)
 *(SORT_BY_NAME(.init_array.*))
 *(.init_array*)
 .init_array    0x000000000800348c        0x4 /opt/st/stm32cubeide_1.5.1/plugins/com.st.stm32cube.ide.mcu.externaltools.gnu-tools-for-stm32.7-2018-q2-update.linux64_1.5.0.202011040924/tools/bin/../lib/gcc/arm-none-eabi/7.3.1/thumb/v7-m/crtbegin.o
                0x0000000008003490                PROVIDE (__init_array_end = .)
                0x0000000008003490                . = ALIGN (0x4)

.fini_array     0x0000000008003490        0x4
                0x0000000008003490                . = ALIGN (0x4)
                [!provide]                        PROVIDE (__fini_array_start = .)
 *(SORT_BY_NAME(.fini_array.*))
 *(.fini_array*)
 .fini_array    0x0000000008003490        0x4 /opt/st/stm32cubeide_1.5.1/plugins/com.st.stm32cube.ide.mcu.externaltools.gnu-tools-for-stm32.7-2018-q2-update.linux64_1.5.0.202011040924/tools/bin/../lib/gcc/arm-none-eabi/7.3.1/thumb/v7-m/crtbegin.o
                [!provide]                        PROVIDE (__fini_array_end = .)
                0x0000000008003494                . = ALIGN (0x4)
                0x0000000008003494                _sidata = LOADADDR (.data)

.data           0x0000000020000000        0xc load address 0x0000000008003494
                0x0000000020000000                . = ALIGN (0x4)
                0x0000000020000000                _sdata = .
 *(.data)
 *(.data*)
 .data.SystemCoreClock
                0x0000000020000000        0x4 Core/Src/system_stm32f2xx.o
                0x0000000020000000                SystemCoreClock
 .data.uwTickPrio
                0x0000000020000004        0x4 Drivers/STM32F2xx_HAL_Driver/Src/stm32f2xx_hal.o
                0x0000000020000004                uwTickPrio
 .data.uwTickFreq
                0x0000000020000008        0x1 Drivers/STM32F2xx_HAL_Driver/Src/stm32f2xx_hal.o
                0x0000000020000008                uwTickFreq
 *(.RamFunc)
 *(.RamFunc*)
                0x000000002000000c                . = ALIGN (0x4)
 *fill*         0x0000000020000009        0x3 
                0x000000002000000c                _edata = .

.igot.plt       0x000000002000000c        0x0 load address 0x00000000080034a0
 .igot.plt      0x000000002000000c        0x0 /opt/st/stm32cubeide_1.5.1/plugins/com.st.stm32cube.ide.mcu.externaltools.gnu-tools-for-stm32.7-2018-q2-update.linux64_1.5.0.202011040924/tools/bin/../lib/gcc/arm-none-eabi/7.3.1/thumb/v7-m/crtbegin.o
                0x000000002000000c                . = ALIGN (0x4)

.bss            0x000000002000000c      0x1b8 load address 0x00000000080034a0
                0x000000002000000c                _sbss = .
                0x000000002000000c                __bss_start__ = _sbss
 *(.bss)
 .bss           0x000000002000000c       0x1c /opt/st/stm32cubeide_1.5.1/plugins/com.st.stm32cube.ide.mcu.externaltools.gnu-tools-for-stm32.7-2018-q2-update.linux64_1.5.0.202011040924/tools/bin/../lib/gcc/arm-none-eabi/7.3.1/thumb/v7-m/crtbegin.o
 *(.bss*)
 *(COMMON)
 COMMON         0x0000000020000028      0x150 Core/Src/main.o
                0x0000000020000028                hspi3
                0x0000000020000080                huart1
                0x00000000200000c0                hrtc
                0x00000000200000e0                hspi1
                0x0000000020000138                huart2
 COMMON         0x0000000020000178       0x48 Core/Src/stm32f2xx_hal_timebase_tim.o
                0x0000000020000178                htim14
 COMMON         0x00000000200001c0        0x4 Drivers/STM32F2xx_HAL_Driver/Src/stm32f2xx_hal.o
                0x00000000200001c0                uwTick
                0x00000000200001c4                . = ALIGN (0x4)
                0x00000000200001c4                _ebss = .
                0x00000000200001c4                __bss_end__ = _ebss

._user_heap_stack
                0x00000000200001c4      0x604 load address 0x00000000080034a0
                0x00000000200001c8                . = ALIGN (0x8)
 *fill*         0x00000000200001c4        0x4 
                [!provide]                        PROVIDE (end = .)
                0x00000000200001c8                PROVIDE (_end = .)
                0x00000000200003c8                . = (. + _Min_Heap_Size)
 *fill*         0x00000000200001c8      0x200 
                0x00000000200007c8                . = (. + _Min_Stack_Size)
 *fill*         0x00000000200003c8      0x400 
                0x00000000200007c8                . = ALIGN (0x8)

/DISCARD/
 libc.a(*)
 libm.a(*)
 libgcc.a(*)

.ARM.attributes
                0x0000000000000000       0x29
 *(.ARM.attributes)
 .ARM.attributes
                0x0000000000000000       0x1d /opt/st/stm32cubeide_1.5.1/plugins/com.st.stm32cube.ide.mcu.externaltools.gnu-tools-for-stm32.7-2018-q2-update.linux64_1.5.0.202011040924/tools/bin/../lib/gcc/arm-none-eabi/7.3.1/thumb/v7-m/crti.o
 .ARM.attributes
                0x000000000000001d       0x2d /opt/st/stm32cubeide_1.5.1/plugins/com.st.stm32cube.ide.mcu.externaltools.gnu-tools-for-stm32.7-2018-q2-update.linux64_1.5.0.202011040924/tools/bin/../lib/gcc/arm-none-eabi/7.3.1/thumb/v7-m/crtbegin.o
 .ARM.attributes
                0x000000000000004a       0x33 Core/Src/main.o
 .ARM.attributes
                0x000000000000007d       0x33 Core/Src/stm32f2xx_hal_msp.o
 .ARM.attributes
                0x00000000000000b0       0x33 Core/Src/stm32f2xx_hal_timebase_tim.o
 .ARM.attributes
                0x00000000000000e3       0x33 Core/Src/stm32f2xx_it.o
 .ARM.attributes
                0x0000000000000116       0x33 Core/Src/system_stm32f2xx.o
 .ARM.attributes
                0x0000000000000149       0x21 Core/Startup/startup_stm32f205retx.o
 .ARM.attributes
                0x000000000000016a       0x33 Drivers/STM32F2xx_HAL_Driver/Src/stm32f2xx_hal.o
 .ARM.attributes
                0x000000000000019d       0x33 Drivers/STM32F2xx_HAL_Driver/Src/stm32f2xx_hal_cortex.o
 .ARM.attributes
                0x00000000000001d0       0x33 Drivers/STM32F2xx_HAL_Driver/Src/stm32f2xx_hal_gpio.o
 .ARM.attributes
                0x0000000000000203       0x33 Drivers/STM32F2xx_HAL_Driver/Src/stm32f2xx_hal_rcc.o
 .ARM.attributes
                0x0000000000000236       0x33 Drivers/STM32F2xx_HAL_Driver/Src/stm32f2xx_hal_rcc_ex.o
 .ARM.attributes
                0x0000000000000269       0x33 Drivers/STM32F2xx_HAL_Driver/Src/stm32f2xx_hal_rtc.o
 .ARM.attributes
                0x000000000000029c       0x33 Drivers/STM32F2xx_HAL_Driver/Src/stm32f2xx_hal_spi.o
 .ARM.attributes
                0x00000000000002cf       0x33 Drivers/STM32F2xx_HAL_Driver/Src/stm32f2xx_hal_tim.o
 .ARM.attributes
                0x0000000000000302       0x33 Drivers/STM32F2xx_HAL_Driver/Src/stm32f2xx_hal_tim_ex.o
 .ARM.attributes
                0x0000000000000335       0x33 Drivers/STM32F2xx_HAL_Driver/Src/stm32f2xx_hal_uart.o
 .ARM.attributes
                0x0000000000000368       0x2d /opt/st/stm32cubeide_1.5.1/plugins/com.st.stm32cube.ide.mcu.externaltools.gnu-tools-for-stm32.7-2018-q2-update.linux64_1.5.0.202011040924/tools/bin/../lib/gcc/arm-none-eabi/7.3.1/../../../../arm-none-eabi/lib/thumb/v7-m/libc_nano.a(lib_a-init.o)
 .ARM.attributes
                0x0000000000000395       0x2d /opt/st/stm32cubeide_1.5.1/plugins/com.st.stm32cube.ide.mcu.externaltools.gnu-tools-for-stm32.7-2018-q2-update.linux64_1.5.0.202011040924/tools/bin/../lib/gcc/arm-none-eabi/7.3.1/../../../../arm-none-eabi/lib/thumb/v7-m/libc_nano.a(lib_a-memset.o)
 .ARM.attributes
                0x00000000000003c2       0x1d /opt/st/stm32cubeide_1.5.1/plugins/com.st.stm32cube.ide.mcu.externaltools.gnu-tools-for-stm32.7-2018-q2-update.linux64_1.5.0.202011040924/tools/bin/../lib/gcc/arm-none-eabi/7.3.1/thumb/v7-m/libgcc.a(_aeabi_uldivmod.o)
 .ARM.attributes
                0x00000000000003df       0x2d /opt/st/stm32cubeide_1.5.1/plugins/com.st.stm32cube.ide.mcu.externaltools.gnu-tools-for-stm32.7-2018-q2-update.linux64_1.5.0.202011040924/tools/bin/../lib/gcc/arm-none-eabi/7.3.1/thumb/v7-m/libgcc.a(_udivmoddi4.o)
 .ARM.attributes
                0x000000000000040c       0x1d /opt/st/stm32cubeide_1.5.1/plugins/com.st.stm32cube.ide.mcu.externaltools.gnu-tools-for-stm32.7-2018-q2-update.linux64_1.5.0.202011040924/tools/bin/../lib/gcc/arm-none-eabi/7.3.1/thumb/v7-m/libgcc.a(_dvmd_tls.o)
 .ARM.attributes
                0x0000000000000429       0x1d /opt/st/stm32cubeide_1.5.1/plugins/com.st.stm32cube.ide.mcu.externaltools.gnu-tools-for-stm32.7-2018-q2-update.linux64_1.5.0.202011040924/tools/bin/../lib/gcc/arm-none-eabi/7.3.1/thumb/v7-m/crtn.o
OUTPUT(mem_neuro_adv_stm32f205.elf elf32-littlearm)

.debug_info     0x0000000000000000     0xdd49
 .debug_info    0x0000000000000000     0x159c Core/Src/main.o
 .debug_info    0x000000000000159c     0x1002 Core/Src/stm32f2xx_hal_msp.o
 .debug_info    0x000000000000259e      0xbbb Core/Src/stm32f2xx_hal_timebase_tim.o
 .debug_info    0x0000000000003159      0x78b Core/Src/stm32f2xx_it.o
 .debug_info    0x00000000000038e4      0x3b0 Core/Src/system_stm32f2xx.o
 .debug_info    0x0000000000003c94       0x22 Core/Startup/startup_stm32f205retx.o
 .debug_info    0x0000000000003cb6      0x9ac Drivers/STM32F2xx_HAL_Driver/Src/stm32f2xx_hal.o
 .debug_info    0x0000000000004662      0xe16 Drivers/STM32F2xx_HAL_Driver/Src/stm32f2xx_hal_cortex.o
 .debug_info    0x0000000000005478      0x78d Drivers/STM32F2xx_HAL_Driver/Src/stm32f2xx_hal_gpio.o
 .debug_info    0x0000000000005c05      0xae3 Drivers/STM32F2xx_HAL_Driver/Src/stm32f2xx_hal_rcc.o
 .debug_info    0x00000000000066e8      0x64e Drivers/STM32F2xx_HAL_Driver/Src/stm32f2xx_hal_rcc_ex.o
 .debug_info    0x0000000000006d36      0xb6a Drivers/STM32F2xx_HAL_Driver/Src/stm32f2xx_hal_rtc.o
 .debug_info    0x00000000000078a0     0x1658 Drivers/STM32F2xx_HAL_Driver/Src/stm32f2xx_hal_spi.o
 .debug_info    0x0000000000008ef8     0x2837 Drivers/STM32F2xx_HAL_Driver/Src/stm32f2xx_hal_tim.o
 .debug_info    0x000000000000b72f     0x13b7 Drivers/STM32F2xx_HAL_Driver/Src/stm32f2xx_hal_tim_ex.o
 .debug_info    0x000000000000cae6     0x1263 Drivers/STM32F2xx_HAL_Driver/Src/stm32f2xx_hal_uart.o

.debug_abbrev   0x0000000000000000     0x1e6c
 .debug_abbrev  0x0000000000000000      0x259 Core/Src/main.o
 .debug_abbrev  0x0000000000000259      0x1de Core/Src/stm32f2xx_hal_msp.o
 .debug_abbrev  0x0000000000000437      0x19d Core/Src/stm32f2xx_hal_timebase_tim.o
 .debug_abbrev  0x00000000000005d4      0x15a Core/Src/stm32f2xx_it.o
 .debug_abbrev  0x000000000000072e      0x12b Core/Src/system_stm32f2xx.o
 .debug_abbrev  0x0000000000000859       0x12 Core/Startup/startup_stm32f205retx.o
 .debug_abbrev  0x000000000000086b      0x236 Drivers/STM32F2xx_HAL_Driver/Src/stm32f2xx_hal.o
 .debug_abbrev  0x0000000000000aa1      0x2fa Drivers/STM32F2xx_HAL_Driver/Src/stm32f2xx_hal_cortex.o
 .debug_abbrev  0x0000000000000d9b      0x1c0 Drivers/STM32F2xx_HAL_Driver/Src/stm32f2xx_hal_gpio.o
 .debug_abbrev  0x0000000000000f5b      0x25f Drivers/STM32F2xx_HAL_Driver/Src/stm32f2xx_hal_rcc.o
 .debug_abbrev  0x00000000000011ba      0x20c Drivers/STM32F2xx_HAL_Driver/Src/stm32f2xx_hal_rcc_ex.o
 .debug_abbrev  0x00000000000013c6      0x1be Drivers/STM32F2xx_HAL_Driver/Src/stm32f2xx_hal_rtc.o
 .debug_abbrev  0x0000000000001584      0x240 Drivers/STM32F2xx_HAL_Driver/Src/stm32f2xx_hal_spi.o
 .debug_abbrev  0x00000000000017c4      0x230 Drivers/STM32F2xx_HAL_Driver/Src/stm32f2xx_hal_tim.o
 .debug_abbrev  0x00000000000019f4      0x236 Drivers/STM32F2xx_HAL_Driver/Src/stm32f2xx_hal_tim_ex.o
 .debug_abbrev  0x0000000000001c2a      0x242 Drivers/STM32F2xx_HAL_Driver/Src/stm32f2xx_hal_uart.o

.debug_aranges  0x0000000000000000      0xe50
 .debug_aranges
                0x0000000000000000       0x68 Core/Src/main.o
 .debug_aranges
                0x0000000000000068       0x50 Core/Src/stm32f2xx_hal_msp.o
 .debug_aranges
                0x00000000000000b8       0x30 Core/Src/stm32f2xx_hal_timebase_tim.o
 .debug_aranges
                0x00000000000000e8       0x68 Core/Src/stm32f2xx_it.o
 .debug_aranges
                0x0000000000000150       0x28 Core/Src/system_stm32f2xx.o
 .debug_aranges
                0x0000000000000178       0x28 Core/Startup/startup_stm32f205retx.o
 .debug_aranges
                0x00000000000001a0       0xf0 Drivers/STM32F2xx_HAL_Driver/Src/stm32f2xx_hal.o
 .debug_aranges
                0x0000000000000290      0x118 Drivers/STM32F2xx_HAL_Driver/Src/stm32f2xx_hal_cortex.o
 .debug_aranges
                0x00000000000003a8       0x58 Drivers/STM32F2xx_HAL_Driver/Src/stm32f2xx_hal_gpio.o
 .debug_aranges
                0x0000000000000400       0x88 Drivers/STM32F2xx_HAL_Driver/Src/stm32f2xx_hal_rcc.o
 .debug_aranges
                0x0000000000000488       0x38 Drivers/STM32F2xx_HAL_Driver/Src/stm32f2xx_hal_rcc_ex.o
 .debug_aranges
                0x00000000000004c0       0xb8 Drivers/STM32F2xx_HAL_Driver/Src/stm32f2xx_hal_rtc.o
 .debug_aranges
                0x0000000000000578      0x1d0 Drivers/STM32F2xx_HAL_Driver/Src/stm32f2xx_hal_spi.o
 .debug_aranges
                0x0000000000000748      0x3d0 Drivers/STM32F2xx_HAL_Driver/Src/stm32f2xx_hal_tim.o
 .debug_aranges
                0x0000000000000b18      0x168 Drivers/STM32F2xx_HAL_Driver/Src/stm32f2xx_hal_tim_ex.o
 .debug_aranges
                0x0000000000000c80      0x1d0 Drivers/STM32F2xx_HAL_Driver/Src/stm32f2xx_hal_uart.o

.debug_ranges   0x0000000000000000      0xd58
 .debug_ranges  0x0000000000000000       0x58 Core/Src/main.o
 .debug_ranges  0x0000000000000058       0x40 Core/Src/stm32f2xx_hal_msp.o
 .debug_ranges  0x0000000000000098       0x20 Core/Src/stm32f2xx_hal_timebase_tim.o
 .debug_ranges  0x00000000000000b8       0x58 Core/Src/stm32f2xx_it.o
 .debug_ranges  0x0000000000000110       0x18 Core/Src/system_stm32f2xx.o
 .debug_ranges  0x0000000000000128       0x20 Core/Startup/startup_stm32f205retx.o
 .debug_ranges  0x0000000000000148       0xe0 Drivers/STM32F2xx_HAL_Driver/Src/stm32f2xx_hal.o
 .debug_ranges  0x0000000000000228      0x108 Drivers/STM32F2xx_HAL_Driver/Src/stm32f2xx_hal_cortex.o
 .debug_ranges  0x0000000000000330       0x48 Drivers/STM32F2xx_HAL_Driver/Src/stm32f2xx_hal_gpio.o
 .debug_ranges  0x0000000000000378       0x78 Drivers/STM32F2xx_HAL_Driver/Src/stm32f2xx_hal_rcc.o
 .debug_ranges  0x00000000000003f0       0x28 Drivers/STM32F2xx_HAL_Driver/Src/stm32f2xx_hal_rcc_ex.o
 .debug_ranges  0x0000000000000418       0xa8 Drivers/STM32F2xx_HAL_Driver/Src/stm32f2xx_hal_rtc.o
 .debug_ranges  0x00000000000004c0      0x1c0 Drivers/STM32F2xx_HAL_Driver/Src/stm32f2xx_hal_spi.o
 .debug_ranges  0x0000000000000680      0x3c0 Drivers/STM32F2xx_HAL_Driver/Src/stm32f2xx_hal_tim.o
 .debug_ranges  0x0000000000000a40      0x158 Drivers/STM32F2xx_HAL_Driver/Src/stm32f2xx_hal_tim_ex.o
 .debug_ranges  0x0000000000000b98      0x1c0 Drivers/STM32F2xx_HAL_Driver/Src/stm32f2xx_hal_uart.o

.debug_macro    0x0000000000000000    0x1e0e2
 .debug_macro   0x0000000000000000      0x1f9 Core/Src/main.o
 .debug_macro   0x00000000000001f9      0xa5a Core/Src/main.o
 .debug_macro   0x0000000000000c53      0x24a Core/Src/main.o
 .debug_macro   0x0000000000000e9d       0x2e Core/Src/main.o
 .debug_macro   0x0000000000000ecb       0x22 Core/Src/main.o
 .debug_macro   0x0000000000000eed       0x22 Core/Src/main.o
 .debug_macro   0x0000000000000f0f       0x8e Core/Src/main.o
 .debug_macro   0x0000000000000f9d       0x51 Core/Src/main.o
 .debug_macro   0x0000000000000fee       0xef Core/Src/main.o
 .debug_macro   0x00000000000010dd       0x6a Core/Src/main.o
 .debug_macro   0x0000000000001147      0x1df Core/Src/main.o
 .debug_macro   0x0000000000001326       0x1c Core/Src/main.o
 .debug_macro   0x0000000000001342       0x22 Core/Src/main.o
 .debug_macro   0x0000000000001364       0xc3 Core/Src/main.o
 .debug_macro   0x0000000000001427      0xe49 Core/Src/main.o
 .debug_macro   0x0000000000002270      0x11f Core/Src/main.o
 .debug_macro   0x000000000000238f    0x133f6 Core/Src/main.o
 .debug_macro   0x0000000000015785       0x43 Core/Src/main.o
 .debug_macro   0x00000000000157c8     0x3580 Core/Src/main.o
 .debug_macro   0x0000000000018d48      0x174 Core/Src/main.o
 .debug_macro   0x0000000000018ebc       0x55 Core/Src/main.o
 .debug_macro   0x0000000000018f11     0x1057 Core/Src/main.o
 .debug_macro   0x0000000000019f68       0x4a Core/Src/main.o
 .debug_macro   0x0000000000019fb2      0x170 Core/Src/main.o
 .debug_macro   0x000000000001a122      0x117 Core/Src/main.o
 .debug_macro   0x000000000001a239       0xfa Core/Src/main.o
 .debug_macro   0x000000000001a333       0x27 Core/Src/main.o
 .debug_macro   0x000000000001a35a      0x16a Core/Src/main.o
 .debug_macro   0x000000000001a4c4      0x287 Core/Src/main.o
 .debug_macro   0x000000000001a74b       0x5f Core/Src/main.o
 .debug_macro   0x000000000001a7aa      0x236 Core/Src/main.o
 .debug_macro   0x000000000001a9e0      0x126 Core/Src/main.o
 .debug_macro   0x000000000001ab06      0x216 Core/Src/main.o
 .debug_macro   0x000000000001ad1c       0x2e Core/Src/main.o
 .debug_macro   0x000000000001ad4a      0x113 Core/Src/main.o
 .debug_macro   0x000000000001ae5d       0x22 Core/Src/main.o
 .debug_macro   0x000000000001ae7f       0x82 Core/Src/main.o
 .debug_macro   0x000000000001af01      0x28e Core/Src/main.o
 .debug_macro   0x000000000001b18f      0x2c0 Core/Src/main.o
 .debug_macro   0x000000000001b44f       0xd6 Core/Src/main.o
 .debug_macro   0x000000000001b525      0x225 Core/Src/main.o
 .debug_macro   0x000000000001b74a      0x8d1 Core/Src/main.o
 .debug_macro   0x000000000001c01b       0x4c Core/Src/main.o
 .debug_macro   0x000000000001c067      0x287 Core/Src/main.o
 .debug_macro   0x000000000001c2ee      0x12d Core/Src/main.o
 .debug_macro   0x000000000001c41b      0x118 Core/Src/main.o
 .debug_macro   0x000000000001c533      0x1f9 Core/Src/stm32f2xx_hal_msp.o
 .debug_macro   0x000000000001c72c      0x1ea Core/Src/stm32f2xx_hal_timebase_tim.o
 .debug_macro   0x000000000001c916      0x203 Core/Src/stm32f2xx_it.o
 .debug_macro   0x000000000001cb19      0x1ea Core/Src/system_stm32f2xx.o
 .debug_macro   0x000000000001cd03      0x238 Drivers/STM32F2xx_HAL_Driver/Src/stm32f2xx_hal.o
 .debug_macro   0x000000000001cf3b      0x1ea Drivers/STM32F2xx_HAL_Driver/Src/stm32f2xx_hal_cortex.o
 .debug_macro   0x000000000001d125      0x222 Drivers/STM32F2xx_HAL_Driver/Src/stm32f2xx_hal_gpio.o
 .debug_macro   0x000000000001d347      0x214 Drivers/STM32F2xx_HAL_Driver/Src/stm32f2xx_hal_rcc.o
 .debug_macro   0x000000000001d55b      0x1ea Drivers/STM32F2xx_HAL_Driver/Src/stm32f2xx_hal_rcc_ex.o
 .debug_macro   0x000000000001d745      0x1eb Drivers/STM32F2xx_HAL_Driver/Src/stm32f2xx_hal_rtc.o
 .debug_macro   0x000000000001d930      0x1f2 Drivers/STM32F2xx_HAL_Driver/Src/stm32f2xx_hal_spi.o
 .debug_macro   0x000000000001db22      0x1eb Drivers/STM32F2xx_HAL_Driver/Src/stm32f2xx_hal_tim.o
 .debug_macro   0x000000000001dd0d      0x1ea Drivers/STM32F2xx_HAL_Driver/Src/stm32f2xx_hal_tim_ex.o
 .debug_macro   0x000000000001def7      0x1eb Drivers/STM32F2xx_HAL_Driver/Src/stm32f2xx_hal_uart.o

.debug_line     0x0000000000000000     0xb3ae
 .debug_line    0x0000000000000000      0x819 Core/Src/main.o
 .debug_line    0x0000000000000819      0x774 Core/Src/stm32f2xx_hal_msp.o
 .debug_line    0x0000000000000f8d      0x6f8 Core/Src/stm32f2xx_hal_timebase_tim.o
 .debug_line    0x0000000000001685      0x77d Core/Src/stm32f2xx_it.o
 .debug_line    0x0000000000001e02      0x6dd Core/Src/system_stm32f2xx.o
 .debug_line    0x00000000000024df       0x85 Core/Startup/startup_stm32f205retx.o
 .debug_line    0x0000000000002564      0x8e5 Drivers/STM32F2xx_HAL_Driver/Src/stm32f2xx_hal.o
 .debug_line    0x0000000000002e49      0x9ed Drivers/STM32F2xx_HAL_Driver/Src/stm32f2xx_hal_cortex.o
 .debug_line    0x0000000000003836      0x8a2 Drivers/STM32F2xx_HAL_Driver/Src/stm32f2xx_hal_gpio.o
 .debug_line    0x00000000000040d8      0x9a1 Drivers/STM32F2xx_HAL_Driver/Src/stm32f2xx_hal_rcc.o
 .debug_line    0x0000000000004a79      0x7ce Drivers/STM32F2xx_HAL_Driver/Src/stm32f2xx_hal_rcc_ex.o
 .debug_line    0x0000000000005247      0xa46 Drivers/STM32F2xx_HAL_Driver/Src/stm32f2xx_hal_rtc.o
 .debug_line    0x0000000000005c8d     0x108b Drivers/STM32F2xx_HAL_Driver/Src/stm32f2xx_hal_spi.o
 .debug_line    0x0000000000006d18     0x22c8 Drivers/STM32F2xx_HAL_Driver/Src/stm32f2xx_hal_tim.o
 .debug_line    0x0000000000008fe0     0x13e9 Drivers/STM32F2xx_HAL_Driver/Src/stm32f2xx_hal_tim_ex.o
 .debug_line    0x000000000000a3c9      0xfe5 Drivers/STM32F2xx_HAL_Driver/Src/stm32f2xx_hal_uart.o

.debug_str      0x0000000000000000    0xb9735
 .debug_str     0x0000000000000000    0xb619f Core/Src/main.o
                                      0xb651a (size before relaxing)
 .debug_str     0x00000000000b619f       0x9f Core/Src/stm32f2xx_hal_msp.o
                                      0xb5f9e (size before relaxing)
 .debug_str     0x00000000000b623e      0x574 Core/Src/stm32f2xx_hal_timebase_tim.o
                                      0xb5ecd (size before relaxing)
 .debug_str     0x00000000000b67b2       0xdb Core/Src/stm32f2xx_it.o
                                      0xb5c42 (size before relaxing)
 .debug_str     0x00000000000b688d       0x5b Core/Src/system_stm32f2xx.o
                                      0xb5406 (size before relaxing)
 .debug_str     0x00000000000b68e8       0x7f Core/Startup/startup_stm32f205retx.o
 .debug_str     0x00000000000b6967      0x48e Drivers/STM32F2xx_HAL_Driver/Src/stm32f2xx_hal.o
                                      0xb5e7d (size before relaxing)
 .debug_str     0x00000000000b6df5      0x3ed Drivers/STM32F2xx_HAL_Driver/Src/stm32f2xx_hal_cortex.o
                                      0xb5d10 (size before relaxing)
 .debug_str     0x00000000000b71e2      0x20a Drivers/STM32F2xx_HAL_Driver/Src/stm32f2xx_hal_gpio.o
                                      0xb569d (size before relaxing)
 .debug_str     0x00000000000b73ec      0x278 Drivers/STM32F2xx_HAL_Driver/Src/stm32f2xx_hal_rcc.o
                                      0xb5886 (size before relaxing)
 .debug_str     0x00000000000b7664       0xca Drivers/STM32F2xx_HAL_Driver/Src/stm32f2xx_hal_rcc_ex.o
                                      0xb5571 (size before relaxing)
 .debug_str     0x00000000000b772e      0x1ed Drivers/STM32F2xx_HAL_Driver/Src/stm32f2xx_hal_rtc.o
                                      0xb57f7 (size before relaxing)
 .debug_str     0x00000000000b791b      0x554 Drivers/STM32F2xx_HAL_Driver/Src/stm32f2xx_hal_spi.o
                                      0xb5cd1 (size before relaxing)
 .debug_str     0x00000000000b7e6f      0xe47 Drivers/STM32F2xx_HAL_Driver/Src/stm32f2xx_hal_tim.o
                                      0xb6782 (size before relaxing)
 .debug_str     0x00000000000b8cb6      0x561 Drivers/STM32F2xx_HAL_Driver/Src/stm32f2xx_hal_tim_ex.o
                                      0xb5f5c (size before relaxing)
 .debug_str     0x00000000000b9217      0x51e Drivers/STM32F2xx_HAL_Driver/Src/stm32f2xx_hal_uart.o
                                      0xb5cbe (size before relaxing)

.comment        0x0000000000000000       0x7b
 .comment       0x0000000000000000       0x7b Core/Src/main.o
                                         0x7c (size before relaxing)
 .comment       0x000000000000007b       0x7c Core/Src/stm32f2xx_hal_msp.o
 .comment       0x000000000000007b       0x7c Core/Src/stm32f2xx_hal_timebase_tim.o
 .comment       0x000000000000007b       0x7c Core/Src/stm32f2xx_it.o
 .comment       0x000000000000007b       0x7c Core/Src/system_stm32f2xx.o
 .comment       0x000000000000007b       0x7c Drivers/STM32F2xx_HAL_Driver/Src/stm32f2xx_hal.o
 .comment       0x000000000000007b       0x7c Drivers/STM32F2xx_HAL_Driver/Src/stm32f2xx_hal_cortex.o
 .comment       0x000000000000007b       0x7c Drivers/STM32F2xx_HAL_Driver/Src/stm32f2xx_hal_gpio.o
 .comment       0x000000000000007b       0x7c Drivers/STM32F2xx_HAL_Driver/Src/stm32f2xx_hal_rcc.o
 .comment       0x000000000000007b       0x7c Drivers/STM32F2xx_HAL_Driver/Src/stm32f2xx_hal_rcc_ex.o
 .comment       0x000000000000007b       0x7c Drivers/STM32F2xx_HAL_Driver/Src/stm32f2xx_hal_rtc.o
 .comment       0x000000000000007b       0x7c Drivers/STM32F2xx_HAL_Driver/Src/stm32f2xx_hal_spi.o
 .comment       0x000000000000007b       0x7c Drivers/STM32F2xx_HAL_Driver/Src/stm32f2xx_hal_tim.o
 .comment       0x000000000000007b       0x7c Drivers/STM32F2xx_HAL_Driver/Src/stm32f2xx_hal_tim_ex.o
 .comment       0x000000000000007b       0x7c Drivers/STM32F2xx_HAL_Driver/Src/stm32f2xx_hal_uart.o

.debug_frame    0x0000000000000000     0x3c5c
 .debug_frame   0x0000000000000000      0x148 Core/Src/main.o
 .debug_frame   0x0000000000000148      0x118 Core/Src/stm32f2xx_hal_msp.o
 .debug_frame   0x0000000000000260       0x74 Core/Src/stm32f2xx_hal_timebase_tim.o
 .debug_frame   0x00000000000002d4      0x124 Core/Src/stm32f2xx_it.o
 .debug_frame   0x00000000000003f8       0x58 Core/Src/system_stm32f2xx.o
 .debug_frame   0x0000000000000450      0x384 Drivers/STM32F2xx_HAL_Driver/Src/stm32f2xx_hal.o
 .debug_frame   0x00000000000007d4      0x498 Drivers/STM32F2xx_HAL_Driver/Src/stm32f2xx_hal_cortex.o
 .debug_frame   0x0000000000000c6c      0x14c Drivers/STM32F2xx_HAL_Driver/Src/stm32f2xx_hal_gpio.o
 .debug_frame   0x0000000000000db8      0x204 Drivers/STM32F2xx_HAL_Driver/Src/stm32f2xx_hal_rcc.o
 .debug_frame   0x0000000000000fbc       0xa4 Drivers/STM32F2xx_HAL_Driver/Src/stm32f2xx_hal_rcc_ex.o
 .debug_frame   0x0000000000001060      0x308 Drivers/STM32F2xx_HAL_Driver/Src/stm32f2xx_hal_rtc.o
 .debug_frame   0x0000000000001368      0x820 Drivers/STM32F2xx_HAL_Driver/Src/stm32f2xx_hal_spi.o
 .debug_frame   0x0000000000001b88     0x11bc Drivers/STM32F2xx_HAL_Driver/Src/stm32f2xx_hal_tim.o
 .debug_frame   0x0000000000002d44      0x638 Drivers/STM32F2xx_HAL_Driver/Src/stm32f2xx_hal_tim_ex.o
 .debug_frame   0x000000000000337c      0x834 Drivers/STM32F2xx_HAL_Driver/Src/stm32f2xx_hal_uart.o
 .debug_frame   0x0000000000003bb0       0x2c /opt/st/stm32cubeide_1.5.1/plugins/com.st.stm32cube.ide.mcu.externaltools.gnu-tools-for-stm32.7-2018-q2-update.linux64_1.5.0.202011040924/tools/bin/../lib/gcc/arm-none-eabi/7.3.1/../../../../arm-none-eabi/lib/thumb/v7-m/libc_nano.a(lib_a-init.o)
 .debug_frame   0x0000000000003bdc       0x20 /opt/st/stm32cubeide_1.5.1/plugins/com.st.stm32cube.ide.mcu.externaltools.gnu-tools-for-stm32.7-2018-q2-update.linux64_1.5.0.202011040924/tools/bin/../lib/gcc/arm-none-eabi/7.3.1/../../../../arm-none-eabi/lib/thumb/v7-m/libc_nano.a(lib_a-memset.o)
 .debug_frame   0x0000000000003bfc       0x2c /opt/st/stm32cubeide_1.5.1/plugins/com.st.stm32cube.ide.mcu.externaltools.gnu-tools-for-stm32.7-2018-q2-update.linux64_1.5.0.202011040924/tools/bin/../lib/gcc/arm-none-eabi/7.3.1/thumb/v7-m/libgcc.a(_aeabi_uldivmod.o)
 .debug_frame   0x0000000000003c28       0x34 /opt/st/stm32cubeide_1.5.1/plugins/com.st.stm32cube.ide.mcu.externaltools.gnu-tools-for-stm32.7-2018-q2-update.linux64_1.5.0.202011040924/tools/bin/../lib/gcc/arm-none-eabi/7.3.1/thumb/v7-m/libgcc.a(_udivmoddi4.o)
