Archive member included to satisfy reference by file (symbol)

c:/st/stm32cubeide_1.6.1/stm32cubeide/plugins/com.st.stm32cube.ide.mcu.externaltools.gnu-tools-for-stm32.9-2020-q2-update.win32_1.5.0.202011040924/tools/bin/../lib/gcc/arm-none-eabi/9.3.1/../../../../arm-none-eabi/lib/thumb/v7-m/nofp\libc_nano.a(lib_a-errno.o)
                              Core/Src/syscalls.o (__errno)
c:/st/stm32cubeide_1.6.1/stm32cubeide/plugins/com.st.stm32cube.ide.mcu.externaltools.gnu-tools-for-stm32.9-2020-q2-update.win32_1.5.0.202011040924/tools/bin/../lib/gcc/arm-none-eabi/9.3.1/../../../../arm-none-eabi/lib/thumb/v7-m/nofp\libc_nano.a(lib_a-exit.o)
                              c:/st/stm32cubeide_1.6.1/stm32cubeide/plugins/com.st.stm32cube.ide.mcu.externaltools.gnu-tools-for-stm32.9-2020-q2-update.win32_1.5.0.202011040924/tools/bin/../lib/gcc/arm-none-eabi/9.3.1/../../../../arm-none-eabi/lib/thumb/v7-m/nofp/crt0.o (exit)
c:/st/stm32cubeide_1.6.1/stm32cubeide/plugins/com.st.stm32cube.ide.mcu.externaltools.gnu-tools-for-stm32.9-2020-q2-update.win32_1.5.0.202011040924/tools/bin/../lib/gcc/arm-none-eabi/9.3.1/../../../../arm-none-eabi/lib/thumb/v7-m/nofp\libc_nano.a(lib_a-impure.o)
                              c:/st/stm32cubeide_1.6.1/stm32cubeide/plugins/com.st.stm32cube.ide.mcu.externaltools.gnu-tools-for-stm32.9-2020-q2-update.win32_1.5.0.202011040924/tools/bin/../lib/gcc/arm-none-eabi/9.3.1/../../../../arm-none-eabi/lib/thumb/v7-m/nofp\libc_nano.a(lib_a-exit.o) (_global_impure_ptr)
c:/st/stm32cubeide_1.6.1/stm32cubeide/plugins/com.st.stm32cube.ide.mcu.externaltools.gnu-tools-for-stm32.9-2020-q2-update.win32_1.5.0.202011040924/tools/bin/../lib/gcc/arm-none-eabi/9.3.1/../../../../arm-none-eabi/lib/thumb/v7-m/nofp\libc_nano.a(lib_a-init.o)
                              c:/st/stm32cubeide_1.6.1/stm32cubeide/plugins/com.st.stm32cube.ide.mcu.externaltools.gnu-tools-for-stm32.9-2020-q2-update.win32_1.5.0.202011040924/tools/bin/../lib/gcc/arm-none-eabi/9.3.1/../../../../arm-none-eabi/lib/thumb/v7-m/nofp/crt0.o (__libc_init_array)
c:/st/stm32cubeide_1.6.1/stm32cubeide/plugins/com.st.stm32cube.ide.mcu.externaltools.gnu-tools-for-stm32.9-2020-q2-update.win32_1.5.0.202011040924/tools/bin/../lib/gcc/arm-none-eabi/9.3.1/../../../../arm-none-eabi/lib/thumb/v7-m/nofp\libc_nano.a(lib_a-memset.o)
                              c:/st/stm32cubeide_1.6.1/stm32cubeide/plugins/com.st.stm32cube.ide.mcu.externaltools.gnu-tools-for-stm32.9-2020-q2-update.win32_1.5.0.202011040924/tools/bin/../lib/gcc/arm-none-eabi/9.3.1/../../../../arm-none-eabi/lib/thumb/v7-m/nofp/crt0.o (memset)
c:/st/stm32cubeide_1.6.1/stm32cubeide/plugins/com.st.stm32cube.ide.mcu.externaltools.gnu-tools-for-stm32.9-2020-q2-update.win32_1.5.0.202011040924/tools/bin/../lib/gcc/arm-none-eabi/9.3.1/thumb/v7-m/nofp\libgcc.a(_aeabi_uldivmod.o)
                              Drivers/STM32F2xx_HAL_Driver/Src/stm32f2xx_hal_rcc.o (__aeabi_uldivmod)
c:/st/stm32cubeide_1.6.1/stm32cubeide/plugins/com.st.stm32cube.ide.mcu.externaltools.gnu-tools-for-stm32.9-2020-q2-update.win32_1.5.0.202011040924/tools/bin/../lib/gcc/arm-none-eabi/9.3.1/thumb/v7-m/nofp\libgcc.a(_udivmoddi4.o)
                              c:/st/stm32cubeide_1.6.1/stm32cubeide/plugins/com.st.stm32cube.ide.mcu.externaltools.gnu-tools-for-stm32.9-2020-q2-update.win32_1.5.0.202011040924/tools/bin/../lib/gcc/arm-none-eabi/9.3.1/thumb/v7-m/nofp\libgcc.a(_aeabi_uldivmod.o) (__udivmoddi4)
c:/st/stm32cubeide_1.6.1/stm32cubeide/plugins/com.st.stm32cube.ide.mcu.externaltools.gnu-tools-for-stm32.9-2020-q2-update.win32_1.5.0.202011040924/tools/bin/../lib/gcc/arm-none-eabi/9.3.1/thumb/v7-m/nofp\libgcc.a(_dvmd_tls.o)
                              c:/st/stm32cubeide_1.6.1/stm32cubeide/plugins/com.st.stm32cube.ide.mcu.externaltools.gnu-tools-for-stm32.9-2020-q2-update.win32_1.5.0.202011040924/tools/bin/../lib/gcc/arm-none-eabi/9.3.1/thumb/v7-m/nofp\libgcc.a(_aeabi_uldivmod.o) (__aeabi_ldiv0)

Allocating common symbols
Common symbol       size              file

uwTick              0x4               Drivers/STM32F2xx_HAL_Driver/Src/stm32f2xx_hal.o
pFlash              0x20              Drivers/STM32F2xx_HAL_Driver/Src/stm32f2xx_hal_flash.o
hspi3               0x58              Core/Src/main.o
huart1              0x40              Core/Src/main.o
hrtc                0x20              Core/Src/main.o
htim1               0x48              Core/Src/main.o
hspi1               0x58              Core/Src/main.o
huart2              0x40              Core/Src/main.o
htim14              0x48              Core/Src/stm32f2xx_hal_timebase_tim.o

Discarded input sections

 .text          0x0000000000000000        0x0 c:/st/stm32cubeide_1.6.1/stm32cubeide/plugins/com.st.stm32cube.ide.mcu.externaltools.gnu-tools-for-stm32.9-2020-q2-update.win32_1.5.0.202011040924/tools/bin/../lib/gcc/arm-none-eabi/9.3.1/thumb/v7-m/nofp/crti.o
[...]
Memory Configuration

Name             Origin             Length             Attributes
RAM              0x0000000020000000 0x0000000000020000 xrw
FLASH            0x0000000008000000 0x0000000000080000 xr
*default*        0x0000000000000000 0xffffffffffffffff

Linker script and memory map

LOAD c:/st/stm32cubeide_1.6.1/stm32cubeide/plugins/com.st.stm32cube.ide.mcu.externaltools.gnu-tools-for-stm32.9-2020-q2-update.win32_1.5.0.202011040924/tools/bin/../lib/gcc/arm-none-eabi/9.3.1/thumb/v7-m/nofp/crti.o
LOAD c:/st/stm32cubeide_1.6.1/stm32cubeide/plugins/com.st.stm32cube.ide.mcu.externaltools.gnu-tools-for-stm32.9-2020-q2-update.win32_1.5.0.202011040924/tools/bin/../lib/gcc/arm-none-eabi/9.3.1/thumb/v7-m/nofp/crtbegin.o
LOAD c:/st/stm32cubeide_1.6.1/stm32cubeide/plugins/com.st.stm32cube.ide.mcu.externaltools.gnu-tools-for-stm32.9-2020-q2-update.win32_1.5.0.202011040924/tools/bin/../lib/gcc/arm-none-eabi/9.3.1/../../../../arm-none-eabi/lib/thumb/v7-m/nofp/crt0.o
LOAD Core/Src/main.o
LOAD Core/Src/stm32f2xx_hal_msp.o
LOAD Core/Src/stm32f2xx_hal_timebase_tim.o
LOAD Core/Src/stm32f2xx_it.o
LOAD Core/Src/syscalls.o
LOAD Core/Src/sysmem.o
LOAD Core/Src/system_stm32f2xx.o
LOAD Core/Startup/startup_stm32f205retx.o
LOAD Drivers/STM32F2xx_HAL_Driver/Src/stm32f2xx_hal.o
LOAD Drivers/STM32F2xx_HAL_Driver/Src/stm32f2xx_hal_cortex.o
LOAD Drivers/STM32F2xx_HAL_Driver/Src/stm32f2xx_hal_dma.o
LOAD Drivers/STM32F2xx_HAL_Driver/Src/stm32f2xx_hal_dma_ex.o
LOAD Drivers/STM32F2xx_HAL_Driver/Src/stm32f2xx_hal_exti.o
LOAD Drivers/STM32F2xx_HAL_Driver/Src/stm32f2xx_hal_flash.o
LOAD Drivers/STM32F2xx_HAL_Driver/Src/stm32f2xx_hal_flash_ex.o
LOAD Drivers/STM32F2xx_HAL_Driver/Src/stm32f2xx_hal_gpio.o
LOAD Drivers/STM32F2xx_HAL_Driver/Src/stm32f2xx_hal_pwr.o
LOAD Drivers/STM32F2xx_HAL_Driver/Src/stm32f2xx_hal_pwr_ex.o
LOAD Drivers/STM32F2xx_HAL_Driver/Src/stm32f2xx_hal_rcc.o
LOAD Drivers/STM32F2xx_HAL_Driver/Src/stm32f2xx_hal_rcc_ex.o
LOAD Drivers/STM32F2xx_HAL_Driver/Src/stm32f2xx_hal_rtc.o
LOAD Drivers/STM32F2xx_HAL_Driver/Src/stm32f2xx_hal_rtc_ex.o
LOAD Drivers/STM32F2xx_HAL_Driver/Src/stm32f2xx_hal_spi.o
LOAD Drivers/STM32F2xx_HAL_Driver/Src/stm32f2xx_hal_tim.o
LOAD Drivers/STM32F2xx_HAL_Driver/Src/stm32f2xx_hal_tim_ex.o
LOAD Drivers/STM32F2xx_HAL_Driver/Src/stm32f2xx_hal_uart.o
START GROUP
LOAD c:/st/stm32cubeide_1.6.1/stm32cubeide/plugins/com.st.stm32cube.ide.mcu.externaltools.gnu-tools-for-stm32.9-2020-q2-update.win32_1.5.0.202011040924/tools/bin/../lib/gcc/arm-none-eabi/9.3.1/../../../../arm-none-eabi/lib/thumb/v7-m/nofp\libstdc++_nano.a
LOAD c:/st/stm32cubeide_1.6.1/stm32cubeide/plugins/com.st.stm32cube.ide.mcu.externaltools.gnu-tools-for-stm32.9-2020-q2-update.win32_1.5.0.202011040924/tools/bin/../lib/gcc/arm-none-eabi/9.3.1/../../../../arm-none-eabi/lib/thumb/v7-m/nofp\libsupc++_nano.a
END GROUP
LOAD c:/st/stm32cubeide_1.6.1/stm32cubeide/plugins/com.st.stm32cube.ide.mcu.externaltools.gnu-tools-for-stm32.9-2020-q2-update.win32_1.5.0.202011040924/tools/bin/../lib/gcc/arm-none-eabi/9.3.1/../../../../arm-none-eabi/lib/thumb/v7-m/nofp\libstdc++_nano.a
LOAD c:/st/stm32cubeide_1.6.1/stm32cubeide/plugins/com.st.stm32cube.ide.mcu.externaltools.gnu-tools-for-stm32.9-2020-q2-update.win32_1.5.0.202011040924/tools/bin/../lib/gcc/arm-none-eabi/9.3.1/../../../../arm-none-eabi/lib/thumb/v7-m/nofp\libm.a
LOAD c:/st/stm32cubeide_1.6.1/stm32cubeide/plugins/com.st.stm32cube.ide.mcu.externaltools.gnu-tools-for-stm32.9-2020-q2-update.win32_1.5.0.202011040924/tools/bin/../lib/gcc/arm-none-eabi/9.3.1/../../../../arm-none-eabi/lib/thumb/v7-m/nofp\libc_nano.a
START GROUP
LOAD c:/st/stm32cubeide_1.6.1/stm32cubeide/plugins/com.st.stm32cube.ide.mcu.externaltools.gnu-tools-for-stm32.9-2020-q2-update.win32_1.5.0.202011040924/tools/bin/../lib/gcc/arm-none-eabi/9.3.1/thumb/v7-m/nofp\libgcc.a
LOAD c:/st/stm32cubeide_1.6.1/stm32cubeide/plugins/com.st.stm32cube.ide.mcu.externaltools.gnu-tools-for-stm32.9-2020-q2-update.win32_1.5.0.202011040924/tools/bin/../lib/gcc/arm-none-eabi/9.3.1/../../../../arm-none-eabi/lib/thumb/v7-m/nofp\libc_nano.a
END GROUP
START GROUP
LOAD c:/st/stm32cubeide_1.6.1/stm32cubeide/plugins/com.st.stm32cube.ide.mcu.externaltools.gnu-tools-for-stm32.9-2020-q2-update.win32_1.5.0.202011040924/tools/bin/../lib/gcc/arm-none-eabi/9.3.1/thumb/v7-m/nofp\libgcc.a
LOAD c:/st/stm32cubeide_1.6.1/stm32cubeide/plugins/com.st.stm32cube.ide.mcu.externaltools.gnu-tools-for-stm32.9-2020-q2-update.win32_1.5.0.202011040924/tools/bin/../lib/gcc/arm-none-eabi/9.3.1/../../../../arm-none-eabi/lib/thumb/v7-m/nofp\libc_nano.a
LOAD c:/st/stm32cubeide_1.6.1/stm32cubeide/plugins/com.st.stm32cube.ide.mcu.externaltools.gnu-tools-for-stm32.9-2020-q2-update.win32_1.5.0.202011040924/tools/bin/../lib/gcc/arm-none-eabi/9.3.1/../../../../arm-none-eabi/lib/thumb/v7-m/nofp\libnosys.a
END GROUP
START GROUP
LOAD c:/st/stm32cubeide_1.6.1/stm32cubeide/plugins/com.st.stm32cube.ide.mcu.externaltools.gnu-tools-for-stm32.9-2020-q2-update.win32_1.5.0.202011040924/tools/bin/../lib/gcc/arm-none-eabi/9.3.1/thumb/v7-m/nofp\libgcc.a
LOAD c:/st/stm32cubeide_1.6.1/stm32cubeide/plugins/com.st.stm32cube.ide.mcu.externaltools.gnu-tools-for-stm32.9-2020-q2-update.win32_1.5.0.202011040924/tools/bin/../lib/gcc/arm-none-eabi/9.3.1/../../../../arm-none-eabi/lib/thumb/v7-m/nofp\libc_nano.a
LOAD c:/st/stm32cubeide_1.6.1/stm32cubeide/plugins/com.st.stm32cube.ide.mcu.externaltools.gnu-tools-for-stm32.9-2020-q2-update.win32_1.5.0.202011040924/tools/bin/../lib/gcc/arm-none-eabi/9.3.1/../../../../arm-none-eabi/lib/thumb/v7-m/nofp\libnosys.a
END GROUP
LOAD c:/st/stm32cubeide_1.6.1/stm32cubeide/plugins/com.st.stm32cube.ide.mcu.externaltools.gnu-tools-for-stm32.9-2020-q2-update.win32_1.5.0.202011040924/tools/bin/../lib/gcc/arm-none-eabi/9.3.1/thumb/v7-m/nofp/crtend.o
LOAD c:/st/stm32cubeide_1.6.1/stm32cubeide/plugins/com.st.stm32cube.ide.mcu.externaltools.gnu-tools-for-stm32.9-2020-q2-update.win32_1.5.0.202011040924/tools/bin/../lib/gcc/arm-none-eabi/9.3.1/thumb/v7-m/nofp/crtn.o
                0x0000000020020000                _estack = (ORIGIN (RAM) + LENGTH (RAM))
                0x0000000000000200                _Min_Heap_Size = 0x200
                0x0000000000000400                _Min_Stack_Size = 0x400

.isr_vector     0x0000000008000000      0x184
                0x0000000008000000                . = ALIGN (0x4)
 *(.isr_vector)
 .isr_vector    0x0000000008000000      0x184 Core/Startup/startup_stm32f205retx.o
                0x0000000008000000                g_pfnVectors
                0x0000000008000184                . = ALIGN (0x4)

.text           0x0000000008000184     0x3e80
                0x0000000008000184                . = ALIGN (0x4)
 *(.text)
 .text          0x0000000008000184       0x40 c:/st/stm32cubeide_1.6.1/stm32cubeide/plugins/com.st.stm32cube.ide.mcu.externaltools.gnu-tools-for-stm32.9-2020-q2-update.win32_1.5.0.202011040924/tools/bin/../lib/gcc/arm-none-eabi/9.3.1/thumb/v7-m/nofp/crtbegin.o
 .text          0x00000000080001c4       0x30 c:/st/stm32cubeide_1.6.1/stm32cubeide/plugins/com.st.stm32cube.ide.mcu.externaltools.gnu-tools-for-stm32.9-2020-q2-update.win32_1.5.0.202011040924/tools/bin/../lib/gcc/arm-none-eabi/9.3.1/thumb/v7-m/nofp\libgcc.a(_aeabi_uldivmod.o)
                0x00000000080001c4                __aeabi_uldivmod
 .text          0x00000000080001f4      0x2c4 c:/st/stm32cubeide_1.6.1/stm32cubeide/plugins/com.st.stm32cube.ide.mcu.externaltools.gnu-tools-for-stm32.9-2020-q2-update.win32_1.5.0.202011040924/tools/bin/../lib/gcc/arm-none-eabi/9.3.1/thumb/v7-m/nofp\libgcc.a(_udivmoddi4.o)
                0x00000000080001f4                __udivmoddi4
 .text          0x00000000080004b8        0x4 c:/st/stm32cubeide_1.6.1/stm32cubeide/plugins/com.st.stm32cube.ide.mcu.externaltools.gnu-tools-for-stm32.9-2020-q2-update.win32_1.5.0.202011040924/tools/bin/../lib/gcc/arm-none-eabi/9.3.1/thumb/v7-m/nofp\libgcc.a(_dvmd_tls.o)
                0x00000000080004b8                __aeabi_idiv0
                0x00000000080004b8                __aeabi_ldiv0
 *(.text*)
 .text.HAL_GPIO_EXTI_Callback
                0x00000000080004bc       0x2c Core/Src/main.o
                0x00000000080004bc                HAL_GPIO_EXTI_Callback
 .text.set_cmd  0x00000000080004e8       0xb4 Core/Src/main.o
                0x00000000080004e8                set_cmd
 .text.set_res  0x000000000800059c       0x24 Core/Src/main.o
                0x000000000800059c                set_res
 .text.main     0x00000000080005c0      0x398 Core/Src/main.o
                0x00000000080005c0                main
 .text.SystemClock_Config
                0x0000000008000958       0xc0 Core/Src/main.o
                0x0000000008000958                SystemClock_Config
 .text.MX_RTC_Init
                0x0000000008000a18       0xb0 Core/Src/main.o
 .text.MX_SPI1_Init
                0x0000000008000ac8       0x6c Core/Src/main.o
 .text.MX_SPI3_Init
                0x0000000008000b34       0x6c Core/Src/main.o
 .text.MX_TIM1_Init
                0x0000000008000ba0       0xa0 Core/Src/main.o
 .text.MX_USART1_UART_Init
                0x0000000008000c40       0x54 Core/Src/main.o
 .text.MX_USART2_UART_Init
                0x0000000008000c94       0x54 Core/Src/main.o
 .text.MX_GPIO_Init
                0x0000000008000ce8      0x154 Core/Src/main.o
 .text.HAL_TIM_PeriodElapsedCallback
                0x0000000008000e3c       0x68 Core/Src/main.o
                0x0000000008000e3c                HAL_TIM_PeriodElapsedCallback
 .text.Error_Handler
                0x0000000008000ea4        0xa Core/Src/main.o
                0x0000000008000ea4                Error_Handler
 *fill*         0x0000000008000eae        0x2 
 .text.HAL_MspInit
                0x0000000008000eb0       0x4c Core/Src/stm32f2xx_hal_msp.o
                0x0000000008000eb0                HAL_MspInit
 .text.HAL_RTC_MspInit
                0x0000000008000efc       0x2c Core/Src/stm32f2xx_hal_msp.o
                0x0000000008000efc                HAL_RTC_MspInit
 .text.HAL_SPI_MspInit
                0x0000000008000f28      0x11c Core/Src/stm32f2xx_hal_msp.o
                0x0000000008000f28                HAL_SPI_MspInit
 .text.HAL_TIM_Base_MspInit
                0x0000000008001044       0x50 Core/Src/stm32f2xx_hal_msp.o
                0x0000000008001044                HAL_TIM_Base_MspInit
 .text.HAL_UART_MspInit
                0x0000000008001094       0xf8 Core/Src/stm32f2xx_hal_msp.o
                0x0000000008001094                HAL_UART_MspInit
 .text.HAL_InitTick
                0x000000000800118c       0xb4 Core/Src/stm32f2xx_hal_timebase_tim.o
                0x000000000800118c                HAL_InitTick
 .text.NMI_Handler
                0x0000000008001240        0x6 Core/Src/stm32f2xx_it.o
                0x0000000008001240                NMI_Handler
 .text.HardFault_Handler
                0x0000000008001246        0x6 Core/Src/stm32f2xx_it.o
                0x0000000008001246                HardFault_Handler
 .text.MemManage_Handler
                0x000000000800124c        0x6 Core/Src/stm32f2xx_it.o
                0x000000000800124c                MemManage_Handler
 .text.BusFault_Handler
                0x0000000008001252        0x6 Core/Src/stm32f2xx_it.o
                0x0000000008001252                BusFault_Handler
 .text.UsageFault_Handler
                0x0000000008001258        0x6 Core/Src/stm32f2xx_it.o
                0x0000000008001258                UsageFault_Handler
 .text.SVC_Handler
                0x000000000800125e        0xc Core/Src/stm32f2xx_it.o
                0x000000000800125e                SVC_Handler
 .text.DebugMon_Handler
                0x000000000800126a        0xc Core/Src/stm32f2xx_it.o
                0x000000000800126a                DebugMon_Handler
 .text.PendSV_Handler
                0x0000000008001276        0xc Core/Src/stm32f2xx_it.o
                0x0000000008001276                PendSV_Handler
 .text.SysTick_Handler
                0x0000000008001282        0xc Core/Src/stm32f2xx_it.o
                0x0000000008001282                SysTick_Handler
 .text.EXTI0_IRQHandler
                0x000000000800128e        0xe Core/Src/stm32f2xx_it.o
                0x000000000800128e                EXTI0_IRQHandler
 .text.TIM1_UP_TIM10_IRQHandler
                0x000000000800129c       0x14 Core/Src/stm32f2xx_it.o
                0x000000000800129c                TIM1_UP_TIM10_IRQHandler
 .text.TIM8_TRG_COM_TIM14_IRQHandler
                0x00000000080012b0       0x14 Core/Src/stm32f2xx_it.o
                0x00000000080012b0                TIM8_TRG_COM_TIM14_IRQHandler
 .text.SystemInit
                0x00000000080012c4        0xc Core/Src/system_stm32f2xx.o
                0x00000000080012c4                SystemInit
 .text.Reset_Handler
                0x00000000080012d0       0x50 Core/Startup/startup_stm32f205retx.o
                0x00000000080012d0                Reset_Handler
 .text.Default_Handler
                0x0000000008001320        0x2 Core/Startup/startup_stm32f205retx.o
                0x0000000008001320                RTC_Alarm_IRQHandler
                0x0000000008001320                HASH_RNG_IRQHandler
                0x0000000008001320                EXTI2_IRQHandler
                0x0000000008001320                TIM8_CC_IRQHandler
                0x0000000008001320                TIM1_CC_IRQHandler
                0x0000000008001320                DMA2_Stream5_IRQHandler
                0x0000000008001320                DMA1_Stream5_IRQHandler
                0x0000000008001320                PVD_IRQHandler
                0x0000000008001320                SDIO_IRQHandler
                0x0000000008001320                TAMP_STAMP_IRQHandler
                0x0000000008001320                CAN2_RX1_IRQHandler
                0x0000000008001320                EXTI3_IRQHandler
                0x0000000008001320                TIM8_UP_TIM13_IRQHandler
                0x0000000008001320                I2C3_ER_IRQHandler
                0x0000000008001320                I2C2_EV_IRQHandler
                0x0000000008001320                DMA1_Stream2_IRQHandler
                0x0000000008001320                CAN1_RX0_IRQHandler
                0x0000000008001320                OTG_HS_WKUP_IRQHandler
                0x0000000008001320                CAN2_SCE_IRQHandler
                0x0000000008001320                DMA2_Stream2_IRQHandler
                0x0000000008001320                SPI1_IRQHandler
                0x0000000008001320                TIM6_DAC_IRQHandler
                0x0000000008001320                TIM1_BRK_TIM9_IRQHandler
                0x0000000008001320                CAN2_RX0_IRQHandler
                0x0000000008001320                DMA2_Stream3_IRQHandler
                0x0000000008001320                USART6_IRQHandler
                0x0000000008001320                USART3_IRQHandler
                0x0000000008001320                CAN1_RX1_IRQHandler
                0x0000000008001320                UART5_IRQHandler
                0x0000000008001320                DMA2_Stream0_IRQHandler
                0x0000000008001320                TIM4_IRQHandler
                0x0000000008001320                I2C1_EV_IRQHandler
                0x0000000008001320                DMA1_Stream6_IRQHandler
                0x0000000008001320                DMA1_Stream1_IRQHandler
                0x0000000008001320                UART4_IRQHandler
                0x0000000008001320                TIM3_IRQHandler
                0x0000000008001320                RCC_IRQHandler
                0x0000000008001320                TIM8_BRK_TIM12_IRQHandler
                0x0000000008001320                Default_Handler
                0x0000000008001320                EXTI15_10_IRQHandler
                0x0000000008001320                ADC_IRQHandler
                0x0000000008001320                DMA1_Stream7_IRQHandler
                0x0000000008001320                TIM7_IRQHandler
                0x0000000008001320                CAN2_TX_IRQHandler
                0x0000000008001320                TIM5_IRQHandler
                0x0000000008001320                DMA2_Stream7_IRQHandler
                0x0000000008001320                I2C3_EV_IRQHandler
                0x0000000008001320                EXTI9_5_IRQHandler
                0x0000000008001320                RTC_WKUP_IRQHandler
                0x0000000008001320                SPI2_IRQHandler
                0x0000000008001320                OTG_HS_EP1_IN_IRQHandler
                0x0000000008001320                DMA1_Stream0_IRQHandler
                0x0000000008001320                CAN1_TX_IRQHandler
                0x0000000008001320                EXTI4_IRQHandler
                0x0000000008001320                FSMC_IRQHandler
                0x0000000008001320                OTG_HS_EP1_OUT_IRQHandler
                0x0000000008001320                WWDG_IRQHandler
                0x0000000008001320                TIM2_IRQHandler
                0x0000000008001320                OTG_FS_WKUP_IRQHandler
                0x0000000008001320                TIM1_TRG_COM_TIM11_IRQHandler
                0x0000000008001320                OTG_HS_IRQHandler
                0x0000000008001320                EXTI1_IRQHandler
                0x0000000008001320                USART2_IRQHandler
                0x0000000008001320                I2C2_ER_IRQHandler
                0x0000000008001320                DMA2_Stream1_IRQHandler
                0x0000000008001320                CAN1_SCE_IRQHandler
                0x0000000008001320                FLASH_IRQHandler
                0x0000000008001320                DMA2_Stream4_IRQHandler
                0x0000000008001320                USART1_IRQHandler
                0x0000000008001320                OTG_FS_IRQHandler
                0x0000000008001320                SPI3_IRQHandler
                0x0000000008001320                DMA1_Stream4_IRQHandler
                0x0000000008001320                I2C1_ER_IRQHandler
                0x0000000008001320                DMA2_Stream6_IRQHandler
                0x0000000008001320                DMA1_Stream3_IRQHandler
 *fill*         0x0000000008001322        0x2 
 .text.HAL_Init
                0x0000000008001324       0x44 Drivers/STM32F2xx_HAL_Driver/Src/stm32f2xx_hal.o
                0x0000000008001324                HAL_Init
 .text.HAL_IncTick
                0x0000000008001368       0x24 Drivers/STM32F2xx_HAL_Driver/Src/stm32f2xx_hal.o
                0x0000000008001368                HAL_IncTick
 .text.HAL_GetTick
                0x000000000800138c       0x14 Drivers/STM32F2xx_HAL_Driver/Src/stm32f2xx_hal.o
                0x000000000800138c                HAL_GetTick
 .text.HAL_Delay
                0x00000000080013a0       0x48 Drivers/STM32F2xx_HAL_Driver/Src/stm32f2xx_hal.o
                0x00000000080013a0                HAL_Delay
 .text.__NVIC_SetPriorityGrouping
                0x00000000080013e8       0x48 Drivers/STM32F2xx_HAL_Driver/Src/stm32f2xx_hal_cortex.o
 .text.__NVIC_GetPriorityGrouping
                0x0000000008001430       0x1c Drivers/STM32F2xx_HAL_Driver/Src/stm32f2xx_hal_cortex.o
 .text.__NVIC_EnableIRQ
                0x000000000800144c       0x38 Drivers/STM32F2xx_HAL_Driver/Src/stm32f2xx_hal_cortex.o
 .text.__NVIC_SetPriority
                0x0000000008001484       0x54 Drivers/STM32F2xx_HAL_Driver/Src/stm32f2xx_hal_cortex.o
 .text.NVIC_EncodePriority
                0x00000000080014d8       0x64 Drivers/STM32F2xx_HAL_Driver/Src/stm32f2xx_hal_cortex.o
 .text.HAL_NVIC_SetPriorityGrouping
                0x000000000800153c       0x16 Drivers/STM32F2xx_HAL_Driver/Src/stm32f2xx_hal_cortex.o
                0x000000000800153c                HAL_NVIC_SetPriorityGrouping
 .text.HAL_NVIC_SetPriority
                0x0000000008001552       0x38 Drivers/STM32F2xx_HAL_Driver/Src/stm32f2xx_hal_cortex.o
                0x0000000008001552                HAL_NVIC_SetPriority
 .text.HAL_NVIC_EnableIRQ
                0x000000000800158a       0x1c Drivers/STM32F2xx_HAL_Driver/Src/stm32f2xx_hal_cortex.o
                0x000000000800158a                HAL_NVIC_EnableIRQ
 *fill*         0x00000000080015a6        0x2 
 .text.HAL_GPIO_Init
                0x00000000080015a8      0x33c Drivers/STM32F2xx_HAL_Driver/Src/stm32f2xx_hal_gpio.o
                0x00000000080015a8                HAL_GPIO_Init
 .text.HAL_GPIO_WritePin
                0x00000000080018e4       0x30 Drivers/STM32F2xx_HAL_Driver/Src/stm32f2xx_hal_gpio.o
                0x00000000080018e4                HAL_GPIO_WritePin
 .text.HAL_GPIO_TogglePin
                0x0000000008001914       0x32 Drivers/STM32F2xx_HAL_Driver/Src/stm32f2xx_hal_gpio.o
                0x0000000008001914                HAL_GPIO_TogglePin
 *fill*         0x0000000008001946        0x2 
 .text.HAL_GPIO_EXTI_IRQHandler
                0x0000000008001948       0x30 Drivers/STM32F2xx_HAL_Driver/Src/stm32f2xx_hal_gpio.o
                0x0000000008001948                HAL_GPIO_EXTI_IRQHandler
 .text.HAL_RCC_OscConfig
                0x0000000008001978      0x4a0 Drivers/STM32F2xx_HAL_Driver/Src/stm32f2xx_hal_rcc.o
                0x0000000008001978                HAL_RCC_OscConfig
 .text.HAL_RCC_ClockConfig
                0x0000000008001e18      0x1d8 Drivers/STM32F2xx_HAL_Driver/Src/stm32f2xx_hal_rcc.o
                0x0000000008001e18                HAL_RCC_ClockConfig
 .text.HAL_RCC_GetSysClockFreq
                0x0000000008001ff0      0x1c0 Drivers/STM32F2xx_HAL_Driver/Src/stm32f2xx_hal_rcc.o
                0x0000000008001ff0                HAL_RCC_GetSysClockFreq
 .text.HAL_RCC_GetHCLKFreq
                0x00000000080021b0       0x14 Drivers/STM32F2xx_HAL_Driver/Src/stm32f2xx_hal_rcc.o
                0x00000000080021b0                HAL_RCC_GetHCLKFreq
 .text.HAL_RCC_GetPCLK1Freq
                0x00000000080021c4       0x44 Drivers/STM32F2xx_HAL_Driver/Src/stm32f2xx_hal_rcc.o
                0x00000000080021c4                HAL_RCC_GetPCLK1Freq
 .text.HAL_RCC_GetPCLK2Freq
                0x0000000008002208       0x44 Drivers/STM32F2xx_HAL_Driver/Src/stm32f2xx_hal_rcc.o
                0x0000000008002208                HAL_RCC_GetPCLK2Freq
 .text.HAL_RCC_GetClockConfig
                0x000000000800224c       0x60 Drivers/STM32F2xx_HAL_Driver/Src/stm32f2xx_hal_rcc.o
                0x000000000800224c                HAL_RCC_GetClockConfig
 .text.HAL_RCCEx_PeriphCLKConfig
                0x00000000080022ac      0x1ec Drivers/STM32F2xx_HAL_Driver/Src/stm32f2xx_hal_rcc_ex.o
                0x00000000080022ac                HAL_RCCEx_PeriphCLKConfig
 .text.HAL_RTC_Init
                0x0000000008002498      0x114 Drivers/STM32F2xx_HAL_Driver/Src/stm32f2xx_hal_rtc.o
                0x0000000008002498                HAL_RTC_Init
 .text.HAL_RTC_SetTime
                0x00000000080025ac      0x16c Drivers/STM32F2xx_HAL_Driver/Src/stm32f2xx_hal_rtc.o
                0x00000000080025ac                HAL_RTC_SetTime
 .text.HAL_RTC_SetDate
                0x0000000008002718      0x140 Drivers/STM32F2xx_HAL_Driver/Src/stm32f2xx_hal_rtc.o
                0x0000000008002718                HAL_RTC_SetDate
 .text.HAL_RTC_WaitForSynchro
                0x0000000008002858       0x50 Drivers/STM32F2xx_HAL_Driver/Src/stm32f2xx_hal_rtc.o
                0x0000000008002858                HAL_RTC_WaitForSynchro
 .text.RTC_EnterInitMode
                0x00000000080028a8       0x58 Drivers/STM32F2xx_HAL_Driver/Src/stm32f2xx_hal_rtc.o
                0x00000000080028a8                RTC_EnterInitMode
 .text.RTC_ByteToBcd2
                0x0000000008002900       0x3a Drivers/STM32F2xx_HAL_Driver/Src/stm32f2xx_hal_rtc.o
                0x0000000008002900                RTC_ByteToBcd2
 .text.HAL_SPI_Init
                0x000000000800293a      0x112 Drivers/STM32F2xx_HAL_Driver/Src/stm32f2xx_hal_spi.o
                0x000000000800293a                HAL_SPI_Init
 .text.HAL_SPI_Transmit
                0x0000000008002a4c      0x278 Drivers/STM32F2xx_HAL_Driver/Src/stm32f2xx_hal_spi.o
                0x0000000008002a4c                HAL_SPI_Transmit
 .text.HAL_SPI_TransmitReceive
                0x0000000008002cc4      0x344 Drivers/STM32F2xx_HAL_Driver/Src/stm32f2xx_hal_spi.o
                0x0000000008002cc4                HAL_SPI_TransmitReceive
 .text.SPI_WaitFlagStateUntilTimeout
                0x0000000008003008      0x110 Drivers/STM32F2xx_HAL_Driver/Src/stm32f2xx_hal_spi.o
 .text.SPI_EndRxTxTransaction
                0x0000000008003118       0x3c Drivers/STM32F2xx_HAL_Driver/Src/stm32f2xx_hal_spi.o
 .text.HAL_TIM_Base_Init
                0x0000000008003154       0x9e Drivers/STM32F2xx_HAL_Driver/Src/stm32f2xx_hal_tim.o
                0x0000000008003154                HAL_TIM_Base_Init
 *fill*         0x00000000080031f2        0x2 
 .text.HAL_TIM_Base_Start_IT
                0x00000000080031f4       0xdc Drivers/STM32F2xx_HAL_Driver/Src/stm32f2xx_hal_tim.o
                0x00000000080031f4                HAL_TIM_Base_Start_IT
 .text.HAL_TIM_IRQHandler
                0x00000000080032d0      0x210 Drivers/STM32F2xx_HAL_Driver/Src/stm32f2xx_hal_tim.o
                0x00000000080032d0                HAL_TIM_IRQHandler
 .text.HAL_TIM_ConfigClockSource
                0x00000000080034e0      0x188 Drivers/STM32F2xx_HAL_Driver/Src/stm32f2xx_hal_tim.o
                0x00000000080034e0                HAL_TIM_ConfigClockSource
 .text.HAL_TIM_OC_DelayElapsedCallback
                0x0000000008003668       0x12 Drivers/STM32F2xx_HAL_Driver/Src/stm32f2xx_hal_tim.o
                0x0000000008003668                HAL_TIM_OC_DelayElapsedCallback
 .text.HAL_TIM_IC_CaptureCallback
                0x000000000800367a       0x12 Drivers/STM32F2xx_HAL_Driver/Src/stm32f2xx_hal_tim.o
                0x000000000800367a                HAL_TIM_IC_CaptureCallback
 .text.HAL_TIM_PWM_PulseFinishedCallback
                0x000000000800368c       0x12 Drivers/STM32F2xx_HAL_Driver/Src/stm32f2xx_hal_tim.o
                0x000000000800368c                HAL_TIM_PWM_PulseFinishedCallback
 .text.HAL_TIM_TriggerCallback
                0x000000000800369e       0x12 Drivers/STM32F2xx_HAL_Driver/Src/stm32f2xx_hal_tim.o
                0x000000000800369e                HAL_TIM_TriggerCallback
 .text.TIM_Base_SetConfig
                0x00000000080036b0      0x13c Drivers/STM32F2xx_HAL_Driver/Src/stm32f2xx_hal_tim.o
                0x00000000080036b0                TIM_Base_SetConfig
 .text.TIM_TI1_ConfigInputStage
                0x00000000080037ec       0x5c Drivers/STM32F2xx_HAL_Driver/Src/stm32f2xx_hal_tim.o
 .text.TIM_TI2_ConfigInputStage
                0x0000000008003848       0x5e Drivers/STM32F2xx_HAL_Driver/Src/stm32f2xx_hal_tim.o
 .text.TIM_ITRx_SetConfig
                0x00000000080038a6       0x34 Drivers/STM32F2xx_HAL_Driver/Src/stm32f2xx_hal_tim.o
 .text.TIM_ETR_SetConfig
                0x00000000080038da       0x3e Drivers/STM32F2xx_HAL_Driver/Src/stm32f2xx_hal_tim.o
                0x00000000080038da                TIM_ETR_SetConfig
 .text.HAL_TIMEx_MasterConfigSynchronization
                0x0000000008003918       0xf4 Drivers/STM32F2xx_HAL_Driver/Src/stm32f2xx_hal_tim_ex.o
                0x0000000008003918                HAL_TIMEx_MasterConfigSynchronization
 .text.HAL_TIMEx_CommutCallback
                0x0000000008003a0c       0x12 Drivers/STM32F2xx_HAL_Driver/Src/stm32f2xx_hal_tim_ex.o
                0x0000000008003a0c                HAL_TIMEx_CommutCallback
 .text.HAL_TIMEx_BreakCallback
                0x0000000008003a1e       0x12 Drivers/STM32F2xx_HAL_Driver/Src/stm32f2xx_hal_tim_ex.o
                0x0000000008003a1e                HAL_TIMEx_BreakCallback
 .text.HAL_UART_Init
                0x0000000008003a30       0x9a Drivers/STM32F2xx_HAL_Driver/Src/stm32f2xx_hal_uart.o
                0x0000000008003a30                HAL_UART_Init
 .text.HAL_UART_Transmit
                0x0000000008003aca      0x124 Drivers/STM32F2xx_HAL_Driver/Src/stm32f2xx_hal_uart.o
                0x0000000008003aca                HAL_UART_Transmit
 .text.HAL_UART_Receive
                0x0000000008003bee      0x13e Drivers/STM32F2xx_HAL_Driver/Src/stm32f2xx_hal_uart.o
                0x0000000008003bee                HAL_UART_Receive
 .text.UART_WaitOnFlagUntilTimeout
                0x0000000008003d2c       0x94 Drivers/STM32F2xx_HAL_Driver/Src/stm32f2xx_hal_uart.o
 .text.UART_SetConfig
                0x0000000008003dc0      0x1d4 Drivers/STM32F2xx_HAL_Driver/Src/stm32f2xx_hal_uart.o
 .text.__libc_init_array
                0x0000000008003f94       0x48 c:/st/stm32cubeide_1.6.1/stm32cubeide/plugins/com.st.stm32cube.ide.mcu.externaltools.gnu-tools-for-stm32.9-2020-q2-update.win32_1.5.0.202011040924/tools/bin/../lib/gcc/arm-none-eabi/9.3.1/../../../../arm-none-eabi/lib/thumb/v7-m/nofp\libc_nano.a(lib_a-init.o)
                0x0000000008003f94                __libc_init_array
 .text.memset   0x0000000008003fdc       0x10 c:/st/stm32cubeide_1.6.1/stm32cubeide/plugins/com.st.stm32cube.ide.mcu.externaltools.gnu-tools-for-stm32.9-2020-q2-update.win32_1.5.0.202011040924/tools/bin/../lib/gcc/arm-none-eabi/9.3.1/../../../../arm-none-eabi/lib/thumb/v7-m/nofp\libc_nano.a(lib_a-memset.o)
                0x0000000008003fdc                memset
 *(.glue_7)
 .glue_7        0x0000000008003fec        0x0 linker stubs
 *(.glue_7t)
 .glue_7t       0x0000000008003fec        0x0 linker stubs
 *(.eh_frame)
 .eh_frame      0x0000000008003fec        0x0 c:/st/stm32cubeide_1.6.1/stm32cubeide/plugins/com.st.stm32cube.ide.mcu.externaltools.gnu-tools-for-stm32.9-2020-q2-update.win32_1.5.0.202011040924/tools/bin/../lib/gcc/arm-none-eabi/9.3.1/thumb/v7-m/nofp/crtbegin.o
 *(.init)
 .init          0x0000000008003fec        0x4 c:/st/stm32cubeide_1.6.1/stm32cubeide/plugins/com.st.stm32cube.ide.mcu.externaltools.gnu-tools-for-stm32.9-2020-q2-update.win32_1.5.0.202011040924/tools/bin/../lib/gcc/arm-none-eabi/9.3.1/thumb/v7-m/nofp/crti.o
                0x0000000008003fec                _init
 .init          0x0000000008003ff0        0x8 c:/st/stm32cubeide_1.6.1/stm32cubeide/plugins/com.st.stm32cube.ide.mcu.externaltools.gnu-tools-for-stm32.9-2020-q2-update.win32_1.5.0.202011040924/tools/bin/../lib/gcc/arm-none-eabi/9.3.1/thumb/v7-m/nofp/crtn.o
 *(.fini)
 .fini          0x0000000008003ff8        0x4 c:/st/stm32cubeide_1.6.1/stm32cubeide/plugins/com.st.stm32cube.ide.mcu.externaltools.gnu-tools-for-stm32.9-2020-q2-update.win32_1.5.0.202011040924/tools/bin/../lib/gcc/arm-none-eabi/9.3.1/thumb/v7-m/nofp/crti.o
                0x0000000008003ff8                _fini
 .fini          0x0000000008003ffc        0x8 c:/st/stm32cubeide_1.6.1/stm32cubeide/plugins/com.st.stm32cube.ide.mcu.externaltools.gnu-tools-for-stm32.9-2020-q2-update.win32_1.5.0.202011040924/tools/bin/../lib/gcc/arm-none-eabi/9.3.1/thumb/v7-m/nofp/crtn.o
                0x0000000008004004                . = ALIGN (0x4)
                0x0000000008004004                _etext = .

.vfp11_veneer   0x0000000008004004        0x0
 .vfp11_veneer  0x0000000008004004        0x0 linker stubs

.v4_bx          0x0000000008004004        0x0
 .v4_bx         0x0000000008004004        0x0 linker stubs

.iplt           0x0000000008004004        0x0
 .iplt          0x0000000008004004        0x0 c:/st/stm32cubeide_1.6.1/stm32cubeide/plugins/com.st.stm32cube.ide.mcu.externaltools.gnu-tools-for-stm32.9-2020-q2-update.win32_1.5.0.202011040924/tools/bin/../lib/gcc/arm-none-eabi/9.3.1/thumb/v7-m/nofp/crtbegin.o

.rodata         0x0000000008004004       0x1c
                0x0000000008004004                . = ALIGN (0x4)
 *(.rodata)
 .rodata        0x0000000008004004        0x3 Core/Src/main.o
 *(.rodata*)
 *fill*         0x0000000008004007        0x1 
 .rodata.AHBPrescTable
                0x0000000008004008       0x10 Core/Src/system_stm32f2xx.o
                0x0000000008004008                AHBPrescTable
 .rodata.APBPrescTable
                0x0000000008004018        0x8 Core/Src/system_stm32f2xx.o
                0x0000000008004018                APBPrescTable
                0x0000000008004020                . = ALIGN (0x4)

.ARM.extab      0x0000000008004020        0x0
                0x0000000008004020                . = ALIGN (0x4)
 *(.ARM.extab* .gnu.linkonce.armextab.*)
                0x0000000008004020                . = ALIGN (0x4)

.ARM            0x0000000008004020        0x8
                0x0000000008004020                . = ALIGN (0x4)
                0x0000000008004020                __exidx_start = .
 *(.ARM.exidx*)
 .ARM.exidx     0x0000000008004020        0x8 c:/st/stm32cubeide_1.6.1/stm32cubeide/plugins/com.st.stm32cube.ide.mcu.externaltools.gnu-tools-for-stm32.9-2020-q2-update.win32_1.5.0.202011040924/tools/bin/../lib/gcc/arm-none-eabi/9.3.1/thumb/v7-m/nofp\libgcc.a(_udivmoddi4.o)
                0x0000000008004028                __exidx_end = .
                0x0000000008004028                . = ALIGN (0x4)

.rel.dyn        0x0000000008004028        0x0
 .rel.iplt      0x0000000008004028        0x0 c:/st/stm32cubeide_1.6.1/stm32cubeide/plugins/com.st.stm32cube.ide.mcu.externaltools.gnu-tools-for-stm32.9-2020-q2-update.win32_1.5.0.202011040924/tools/bin/../lib/gcc/arm-none-eabi/9.3.1/thumb/v7-m/nofp/crtbegin.o

.preinit_array  0x0000000008004028        0x0
                0x0000000008004028                . = ALIGN (0x4)
                0x0000000008004028                PROVIDE (__preinit_array_start = .)
 *(.preinit_array*)
                0x0000000008004028                PROVIDE (__preinit_array_end = .)
                0x0000000008004028                . = ALIGN (0x4)

.init_array     0x0000000008004028        0x4
                0x0000000008004028                . = ALIGN (0x4)
                0x0000000008004028                PROVIDE (__init_array_start = .)
 *(SORT_BY_NAME(.init_array.*))
 *(.init_array*)
 .init_array    0x0000000008004028        0x4 c:/st/stm32cubeide_1.6.1/stm32cubeide/plugins/com.st.stm32cube.ide.mcu.externaltools.gnu-tools-for-stm32.9-2020-q2-update.win32_1.5.0.202011040924/tools/bin/../lib/gcc/arm-none-eabi/9.3.1/thumb/v7-m/nofp/crtbegin.o
                0x000000000800402c                PROVIDE (__init_array_end = .)
                0x000000000800402c                . = ALIGN (0x4)

.fini_array     0x000000000800402c        0x4
                0x000000000800402c                . = ALIGN (0x4)
                [!provide]                        PROVIDE (__fini_array_start = .)
 *(SORT_BY_NAME(.fini_array.*))
 *(.fini_array*)
 .fini_array    0x000000000800402c        0x4 c:/st/stm32cubeide_1.6.1/stm32cubeide/plugins/com.st.stm32cube.ide.mcu.externaltools.gnu-tools-for-stm32.9-2020-q2-update.win32_1.5.0.202011040924/tools/bin/../lib/gcc/arm-none-eabi/9.3.1/thumb/v7-m/nofp/crtbegin.o
                [!provide]                        PROVIDE (__fini_array_end = .)
                0x0000000008004030                . = ALIGN (0x4)
                0x0000000008004030                _sidata = LOADADDR (.data)

.data           0x0000000020000000       0x70 load address 0x0000000008004030
                0x0000000020000000                . = ALIGN (0x4)
                0x0000000020000000                _sdata = .
 *(.data)
 *(.data*)
 .data.board_cnt
                0x0000000020000000        0x1 Core/Src/main.o
                0x0000000020000000                board_cnt
 .data.ex_channels
                0x0000000020000001        0x1 Core/Src/main.o
                0x0000000020000001                ex_channels
 *fill*         0x0000000020000002        0x2 
 .data.Apin     0x0000000020000004       0x10 Core/Src/main.o
                0x0000000020000004                Apin
 .data.Bpin     0x0000000020000014       0x10 Core/Src/main.o
                0x0000000020000014                Bpin
 .data.Aport    0x0000000020000024       0x20 Core/Src/main.o
                0x0000000020000024                Aport
 .data.Bport    0x0000000020000044       0x20 Core/Src/main.o
                0x0000000020000044                Bport
 .data.SystemCoreClock
                0x0000000020000064        0x4 Core/Src/system_stm32f2xx.o
                0x0000000020000064                SystemCoreClock
 .data.uwTickPrio
                0x0000000020000068        0x4 Drivers/STM32F2xx_HAL_Driver/Src/stm32f2xx_hal.o
                0x0000000020000068                uwTickPrio
 .data.uwTickFreq
                0x000000002000006c        0x1 Drivers/STM32F2xx_HAL_Driver/Src/stm32f2xx_hal.o
                0x000000002000006c                uwTickFreq
 *(.RamFunc)
 *(.RamFunc*)
                0x0000000020000070                . = ALIGN (0x4)
 *fill*         0x000000002000006d        0x3 
                0x0000000020000070                _edata = .

.igot.plt       0x0000000020000070        0x0 load address 0x00000000080040a0
 .igot.plt      0x0000000020000070        0x0 c:/st/stm32cubeide_1.6.1/stm32cubeide/plugins/com.st.stm32cube.ide.mcu.externaltools.gnu-tools-for-stm32.9-2020-q2-update.win32_1.5.0.202011040924/tools/bin/../lib/gcc/arm-none-eabi/9.3.1/thumb/v7-m/nofp/crtbegin.o
                0x0000000020000070                . = ALIGN (0x4)

.bss            0x0000000020000070      0x21c load address 0x00000000080040a0
                0x0000000020000070                _sbss = .
                0x0000000020000070                __bss_start__ = _sbss
 *(.bss)
 .bss           0x0000000020000070       0x1c c:/st/stm32cubeide_1.6.1/stm32cubeide/plugins/com.st.stm32cube.ide.mcu.externaltools.gnu-tools-for-stm32.9-2020-q2-update.win32_1.5.0.202011040924/tools/bin/../lib/gcc/arm-none-eabi/9.3.1/thumb/v7-m/nofp/crtbegin.o
 *(.bss*)
 .bss.flags     0x000000002000008c        0x1 Core/Src/main.o
                0x000000002000008c                flags
 .bss.board_num
                0x000000002000008d        0x1 Core/Src/main.o
                0x000000002000008d                board_num
 *fill*         0x000000002000008e        0x2 
 .bss.last_spike
                0x0000000020000090        0x4 Core/Src/main.o
                0x0000000020000090                last_spike
 .bss.spike_wid
                0x0000000020000094        0x1 Core/Src/main.o
                0x0000000020000094                spike_wid
 .bss.spike_wid_rst
                0x0000000020000095        0x1 Core/Src/main.o
                0x0000000020000095                spike_wid_rst
 *fill*         0x0000000020000096        0x2 
 .bss.weights   0x0000000020000098       0x10 Core/Src/main.o
                0x0000000020000098                weights
 *(COMMON)
 COMMON         0x00000000200000a8      0x198 Core/Src/main.o
                0x00000000200000a8                hspi3
                0x0000000020000100                huart1
                0x0000000020000140                hrtc
                0x0000000020000160                htim1
                0x00000000200001a8                hspi1
                0x0000000020000200                huart2
 COMMON         0x0000000020000240       0x48 Core/Src/stm32f2xx_hal_timebase_tim.o
                0x0000000020000240                htim14
 COMMON         0x0000000020000288        0x4 Drivers/STM32F2xx_HAL_Driver/Src/stm32f2xx_hal.o
                0x0000000020000288                uwTick
                0x000000002000028c                . = ALIGN (0x4)
                0x000000002000028c                _ebss = .
                0x000000002000028c                __bss_end__ = _ebss

._user_heap_stack
                0x000000002000028c      0x604 load address 0x00000000080040a0
                0x0000000020000290                . = ALIGN (0x8)
 *fill*         0x000000002000028c        0x4 
                [!provide]                        PROVIDE (end = .)
                0x0000000020000290                PROVIDE (_end = .)
                0x0000000020000490                . = (. + _Min_Heap_Size)
 *fill*         0x0000000020000290      0x200 
                0x0000000020000890                . = (. + _Min_Stack_Size)
 *fill*         0x0000000020000490      0x400 
                0x0000000020000890                . = ALIGN (0x8)

/DISCARD/
 libc.a(*)
 libm.a(*)
 libgcc.a(*)

.ARM.attributes
                0x0000000000000000       0x29
 *(.ARM.attributes)
 .ARM.attributes
                0x0000000000000000       0x1d c:/st/stm32cubeide_1.6.1/stm32cubeide/plugins/com.st.stm32cube.ide.mcu.externaltools.gnu-tools-for-stm32.9-2020-q2-update.win32_1.5.0.202011040924/tools/bin/../lib/gcc/arm-none-eabi/9.3.1/thumb/v7-m/nofp/crti.o
 .ARM.attributes
                0x000000000000001d       0x2d c:/st/stm32cubeide_1.6.1/stm32cubeide/plugins/com.st.stm32cube.ide.mcu.externaltools.gnu-tools-for-stm32.9-2020-q2-update.win32_1.5.0.202011040924/tools/bin/../lib/gcc/arm-none-eabi/9.3.1/thumb/v7-m/nofp/crtbegin.o
 .ARM.attributes
                0x000000000000004a       0x2d Core/Src/main.o
 .ARM.attributes
                0x0000000000000077       0x2d Core/Src/stm32f2xx_hal_msp.o
 .ARM.attributes
                0x00000000000000a4       0x2d Core/Src/stm32f2xx_hal_timebase_tim.o
 .ARM.attributes
                0x00000000000000d1       0x2d Core/Src/stm32f2xx_it.o
 .ARM.attributes
                0x00000000000000fe       0x2d Core/Src/system_stm32f2xx.o
 .ARM.attributes
                0x000000000000012b       0x21 Core/Startup/startup_stm32f205retx.o
 .ARM.attributes
                0x000000000000014c       0x2d Drivers/STM32F2xx_HAL_Driver/Src/stm32f2xx_hal.o
 .ARM.attributes
                0x0000000000000179       0x2d Drivers/STM32F2xx_HAL_Driver/Src/stm32f2xx_hal_cortex.o
 .ARM.attributes
                0x00000000000001a6       0x2d Drivers/STM32F2xx_HAL_Driver/Src/stm32f2xx_hal_gpio.o
 .ARM.attributes
                0x00000000000001d3       0x2d Drivers/STM32F2xx_HAL_Driver/Src/stm32f2xx_hal_rcc.o
 .ARM.attributes
                0x0000000000000200       0x2d Drivers/STM32F2xx_HAL_Driver/Src/stm32f2xx_hal_rcc_ex.o
 .ARM.attributes
                0x000000000000022d       0x2d Drivers/STM32F2xx_HAL_Driver/Src/stm32f2xx_hal_rtc.o
 .ARM.attributes
                0x000000000000025a       0x2d Drivers/STM32F2xx_HAL_Driver/Src/stm32f2xx_hal_spi.o
 .ARM.attributes
                0x0000000000000287       0x2d Drivers/STM32F2xx_HAL_Driver/Src/stm32f2xx_hal_tim.o
 .ARM.attributes
                0x00000000000002b4       0x2d Drivers/STM32F2xx_HAL_Driver/Src/stm32f2xx_hal_tim_ex.o
 .ARM.attributes
                0x00000000000002e1       0x2d Drivers/STM32F2xx_HAL_Driver/Src/stm32f2xx_hal_uart.o
 .ARM.attributes
                0x000000000000030e       0x2d c:/st/stm32cubeide_1.6.1/stm32cubeide/plugins/com.st.stm32cube.ide.mcu.externaltools.gnu-tools-for-stm32.9-2020-q2-update.win32_1.5.0.202011040924/tools/bin/../lib/gcc/arm-none-eabi/9.3.1/../../../../arm-none-eabi/lib/thumb/v7-m/nofp\libc_nano.a(lib_a-init.o)
 .ARM.attributes
                0x000000000000033b       0x2d c:/st/stm32cubeide_1.6.1/stm32cubeide/plugins/com.st.stm32cube.ide.mcu.externaltools.gnu-tools-for-stm32.9-2020-q2-update.win32_1.5.0.202011040924/tools/bin/../lib/gcc/arm-none-eabi/9.3.1/../../../../arm-none-eabi/lib/thumb/v7-m/nofp\libc_nano.a(lib_a-memset.o)
 .ARM.attributes
                0x0000000000000368       0x1d c:/st/stm32cubeide_1.6.1/stm32cubeide/plugins/com.st.stm32cube.ide.mcu.externaltools.gnu-tools-for-stm32.9-2020-q2-update.win32_1.5.0.202011040924/tools/bin/../lib/gcc/arm-none-eabi/9.3.1/thumb/v7-m/nofp\libgcc.a(_aeabi_uldivmod.o)
 .ARM.attributes
                0x0000000000000385       0x2d c:/st/stm32cubeide_1.6.1/stm32cubeide/plugins/com.st.stm32cube.ide.mcu.externaltools.gnu-tools-for-stm32.9-2020-q2-update.win32_1.5.0.202011040924/tools/bin/../lib/gcc/arm-none-eabi/9.3.1/thumb/v7-m/nofp\libgcc.a(_udivmoddi4.o)
 .ARM.attributes
                0x00000000000003b2       0x1d c:/st/stm32cubeide_1.6.1/stm32cubeide/plugins/com.st.stm32cube.ide.mcu.externaltools.gnu-tools-for-stm32.9-2020-q2-update.win32_1.5.0.202011040924/tools/bin/../lib/gcc/arm-none-eabi/9.3.1/thumb/v7-m/nofp\libgcc.a(_dvmd_tls.o)
 .ARM.attributes
                0x00000000000003cf       0x1d c:/st/stm32cubeide_1.6.1/stm32cubeide/plugins/com.st.stm32cube.ide.mcu.externaltools.gnu-tools-for-stm32.9-2020-q2-update.win32_1.5.0.202011040924/tools/bin/../lib/gcc/arm-none-eabi/9.3.1/thumb/v7-m/nofp/crtn.o
OUTPUT(mem_neuro_adv_stm32f205_brd1.elf elf32-littlearm)
LOAD linker stubs
LOAD c:/st/stm32cubeide_1.6.1/stm32cubeide/plugins/com.st.stm32cube.ide.mcu.externaltools.gnu-tools-for-stm32.9-2020-q2-update.win32_1.5.0.202011040924/tools/bin/../lib/gcc/arm-none-eabi/9.3.1/../../../../arm-none-eabi/lib/thumb/v7-m/nofp\libc.a
LOAD c:/st/stm32cubeide_1.6.1/stm32cubeide/plugins/com.st.stm32cube.ide.mcu.externaltools.gnu-tools-for-stm32.9-2020-q2-update.win32_1.5.0.202011040924/tools/bin/../lib/gcc/arm-none-eabi/9.3.1/../../../../arm-none-eabi/lib/thumb/v7-m/nofp\libm.a
LOAD c:/st/stm32cubeide_1.6.1/stm32cubeide/plugins/com.st.stm32cube.ide.mcu.externaltools.gnu-tools-for-stm32.9-2020-q2-update.win32_1.5.0.202011040924/tools/bin/../lib/gcc/arm-none-eabi/9.3.1/thumb/v7-m/nofp\libgcc.a

.debug_info     0x0000000000000000     0xfe49
 .debug_info    0x0000000000000000     0x25bf Core/Src/main.o
 .debug_info    0x00000000000025bf     0x16db Core/Src/stm32f2xx_hal_msp.o
 .debug_info    0x0000000000003c9a      0xc5a Core/Src/stm32f2xx_hal_timebase_tim.o
 .debug_info    0x00000000000048f4      0x849 Core/Src/stm32f2xx_it.o
 .debug_info    0x000000000000513d      0x3e9 Core/Src/system_stm32f2xx.o
 .debug_info    0x0000000000005526       0x22 Core/Startup/startup_stm32f205retx.o
 .debug_info    0x0000000000005548      0xa09 Drivers/STM32F2xx_HAL_Driver/Src/stm32f2xx_hal.o
 .debug_info    0x0000000000005f51      0xec5 Drivers/STM32F2xx_HAL_Driver/Src/stm32f2xx_hal_cortex.o
 .debug_info    0x0000000000006e16      0x804 Drivers/STM32F2xx_HAL_Driver/Src/stm32f2xx_hal_gpio.o
 .debug_info    0x000000000000761a      0xb27 Drivers/STM32F2xx_HAL_Driver/Src/stm32f2xx_hal_rcc.o
 .debug_info    0x0000000000008141      0x669 Drivers/STM32F2xx_HAL_Driver/Src/stm32f2xx_hal_rcc_ex.o
 .debug_info    0x00000000000087aa      0xc1e Drivers/STM32F2xx_HAL_Driver/Src/stm32f2xx_hal_rtc.o
 .debug_info    0x00000000000093c8     0x17a0 Drivers/STM32F2xx_HAL_Driver/Src/stm32f2xx_hal_spi.o
 .debug_info    0x000000000000ab68     0x2a90 Drivers/STM32F2xx_HAL_Driver/Src/stm32f2xx_hal_tim.o
 .debug_info    0x000000000000d5f8     0x14e2 Drivers/STM32F2xx_HAL_Driver/Src/stm32f2xx_hal_tim_ex.o
 .debug_info    0x000000000000eada     0x136f Drivers/STM32F2xx_HAL_Driver/Src/stm32f2xx_hal_uart.o

.debug_abbrev   0x0000000000000000     0x21b9
 .debug_abbrev  0x0000000000000000      0x340 Core/Src/main.o
 .debug_abbrev  0x0000000000000340      0x222 Core/Src/stm32f2xx_hal_msp.o
 .debug_abbrev  0x0000000000000562      0x1bf Core/Src/stm32f2xx_hal_timebase_tim.o
 .debug_abbrev  0x0000000000000721      0x176 Core/Src/stm32f2xx_it.o
 .debug_abbrev  0x0000000000000897      0x145 Core/Src/system_stm32f2xx.o
 .debug_abbrev  0x00000000000009dc       0x12 Core/Startup/startup_stm32f205retx.o
 .debug_abbrev  0x00000000000009ee      0x25d Drivers/STM32F2xx_HAL_Driver/Src/stm32f2xx_hal.o
 .debug_abbrev  0x0000000000000c4b      0x33c Drivers/STM32F2xx_HAL_Driver/Src/stm32f2xx_hal_cortex.o
 .debug_abbrev  0x0000000000000f87      0x1e8 Drivers/STM32F2xx_HAL_Driver/Src/stm32f2xx_hal_gpio.o
 .debug_abbrev  0x000000000000116f      0x293 Drivers/STM32F2xx_HAL_Driver/Src/stm32f2xx_hal_rcc.o
 .debug_abbrev  0x0000000000001402      0x231 Drivers/STM32F2xx_HAL_Driver/Src/stm32f2xx_hal_rcc_ex.o
 .debug_abbrev  0x0000000000001633      0x1e4 Drivers/STM32F2xx_HAL_Driver/Src/stm32f2xx_hal_rtc.o
 .debug_abbrev  0x0000000000001817      0x26e Drivers/STM32F2xx_HAL_Driver/Src/stm32f2xx_hal_spi.o
 .debug_abbrev  0x0000000000001a85      0x25e Drivers/STM32F2xx_HAL_Driver/Src/stm32f2xx_hal_tim.o
 .debug_abbrev  0x0000000000001ce3      0x266 Drivers/STM32F2xx_HAL_Driver/Src/stm32f2xx_hal_tim_ex.o
 .debug_abbrev  0x0000000000001f49      0x270 Drivers/STM32F2xx_HAL_Driver/Src/stm32f2xx_hal_uart.o

.debug_aranges  0x0000000000000000      0xea0
 .debug_aranges
                0x0000000000000000       0x98 Core/Src/main.o
 .debug_aranges
                0x0000000000000098       0x60 Core/Src/stm32f2xx_hal_msp.o
 .debug_aranges
                0x00000000000000f8       0x30 Core/Src/stm32f2xx_hal_timebase_tim.o
 .debug_aranges
                0x0000000000000128       0x78 Core/Src/stm32f2xx_it.o
 .debug_aranges
                0x00000000000001a0       0x28 Core/Src/system_stm32f2xx.o
 .debug_aranges
                0x00000000000001c8       0x28 Core/Startup/startup_stm32f205retx.o
 .debug_aranges
                0x00000000000001f0       0xf0 Drivers/STM32F2xx_HAL_Driver/Src/stm32f2xx_hal.o
 .debug_aranges
                0x00000000000002e0      0x118 Drivers/STM32F2xx_HAL_Driver/Src/stm32f2xx_hal_cortex.o
 .debug_aranges
                0x00000000000003f8       0x58 Drivers/STM32F2xx_HAL_Driver/Src/stm32f2xx_hal_gpio.o
 .debug_aranges
                0x0000000000000450       0x88 Drivers/STM32F2xx_HAL_Driver/Src/stm32f2xx_hal_rcc.o
 .debug_aranges
                0x00000000000004d8       0x38 Drivers/STM32F2xx_HAL_Driver/Src/stm32f2xx_hal_rcc_ex.o
 .debug_aranges
                0x0000000000000510       0xb8 Drivers/STM32F2xx_HAL_Driver/Src/stm32f2xx_hal_rtc.o
 .debug_aranges
                0x00000000000005c8      0x1d0 Drivers/STM32F2xx_HAL_Driver/Src/stm32f2xx_hal_spi.o
 .debug_aranges
                0x0000000000000798      0x3d0 Drivers/STM32F2xx_HAL_Driver/Src/stm32f2xx_hal_tim.o
 .debug_aranges
                0x0000000000000b68      0x168 Drivers/STM32F2xx_HAL_Driver/Src/stm32f2xx_hal_tim_ex.o
 .debug_aranges
                0x0000000000000cd0      0x1d0 Drivers/STM32F2xx_HAL_Driver/Src/stm32f2xx_hal_uart.o

.debug_ranges   0x0000000000000000      0xda8
 .debug_ranges  0x0000000000000000       0x88 Core/Src/main.o
 .debug_ranges  0x0000000000000088       0x50 Core/Src/stm32f2xx_hal_msp.o
 .debug_ranges  0x00000000000000d8       0x20 Core/Src/stm32f2xx_hal_timebase_tim.o
 .debug_ranges  0x00000000000000f8       0x68 Core/Src/stm32f2xx_it.o
 .debug_ranges  0x0000000000000160       0x18 Core/Src/system_stm32f2xx.o
 .debug_ranges  0x0000000000000178       0x20 Core/Startup/startup_stm32f205retx.o
 .debug_ranges  0x0000000000000198       0xe0 Drivers/STM32F2xx_HAL_Driver/Src/stm32f2xx_hal.o
 .debug_ranges  0x0000000000000278      0x108 Drivers/STM32F2xx_HAL_Driver/Src/stm32f2xx_hal_cortex.o
 .debug_ranges  0x0000000000000380       0x48 Drivers/STM32F2xx_HAL_Driver/Src/stm32f2xx_hal_gpio.o
 .debug_ranges  0x00000000000003c8       0x78 Drivers/STM32F2xx_HAL_Driver/Src/stm32f2xx_hal_rcc.o
 .debug_ranges  0x0000000000000440       0x28 Drivers/STM32F2xx_HAL_Driver/Src/stm32f2xx_hal_rcc_ex.o
 .debug_ranges  0x0000000000000468       0xa8 Drivers/STM32F2xx_HAL_Driver/Src/stm32f2xx_hal_rtc.o
 .debug_ranges  0x0000000000000510      0x1c0 Drivers/STM32F2xx_HAL_Driver/Src/stm32f2xx_hal_spi.o
 .debug_ranges  0x00000000000006d0      0x3c0 Drivers/STM32F2xx_HAL_Driver/Src/stm32f2xx_hal_tim.o
 .debug_ranges  0x0000000000000a90      0x158 Drivers/STM32F2xx_HAL_Driver/Src/stm32f2xx_hal_tim_ex.o
 .debug_ranges  0x0000000000000be8      0x1c0 Drivers/STM32F2xx_HAL_Driver/Src/stm32f2xx_hal_uart.o

.debug_macro    0x0000000000000000    0x1ec70
 .debug_macro   0x0000000000000000      0x372 Core/Src/main.o
 .debug_macro   0x0000000000000372      0xa9c Core/Src/main.o
 .debug_macro   0x0000000000000e0e      0x24a Core/Src/main.o
 .debug_macro   0x0000000000001058       0x2e Core/Src/main.o
 .debug_macro   0x0000000000001086       0x22 Core/Src/main.o
 .debug_macro   0x00000000000010a8       0x22 Core/Src/main.o
 .debug_macro   0x00000000000010ca       0x8e Core/Src/main.o
 .debug_macro   0x0000000000001158       0x51 Core/Src/main.o
 .debug_macro   0x00000000000011a9      0x103 Core/Src/main.o
 .debug_macro   0x00000000000012ac       0x6a Core/Src/main.o
 .debug_macro   0x0000000000001316      0x1df Core/Src/main.o
 .debug_macro   0x00000000000014f5       0x1c Core/Src/main.o
 .debug_macro   0x0000000000001511       0x22 Core/Src/main.o
 .debug_macro   0x0000000000001533       0xc3 Core/Src/main.o
 .debug_macro   0x00000000000015f6      0xe49 Core/Src/main.o
 .debug_macro   0x000000000000243f      0x11f Core/Src/main.o
 .debug_macro   0x000000000000255e    0x133f6 Core/Src/main.o
 .debug_macro   0x0000000000015954       0x43 Core/Src/main.o
 .debug_macro   0x0000000000015997     0x3580 Core/Src/main.o
 .debug_macro   0x0000000000018f17      0x174 Core/Src/main.o
 .debug_macro   0x000000000001908b       0x55 Core/Src/main.o
 .debug_macro   0x00000000000190e0     0x1057 Core/Src/main.o
 .debug_macro   0x000000000001a137       0x4a Core/Src/main.o
 .debug_macro   0x000000000001a181      0x170 Core/Src/main.o
 .debug_macro   0x000000000001a2f1      0x117 Core/Src/main.o
 .debug_macro   0x000000000001a408       0xfa Core/Src/main.o
 .debug_macro   0x000000000001a502       0x27 Core/Src/main.o
 .debug_macro   0x000000000001a529      0x16a Core/Src/main.o
 .debug_macro   0x000000000001a693      0x287 Core/Src/main.o
 .debug_macro   0x000000000001a91a       0x5f Core/Src/main.o
 .debug_macro   0x000000000001a979      0x236 Core/Src/main.o
 .debug_macro   0x000000000001abaf      0x126 Core/Src/main.o
 .debug_macro   0x000000000001acd5      0x216 Core/Src/main.o
 .debug_macro   0x000000000001aeeb       0x2e Core/Src/main.o
 .debug_macro   0x000000000001af19      0x113 Core/Src/main.o
 .debug_macro   0x000000000001b02c       0x22 Core/Src/main.o
 .debug_macro   0x000000000001b04e       0x82 Core/Src/main.o
 .debug_macro   0x000000000001b0d0      0x28e Core/Src/main.o
 .debug_macro   0x000000000001b35e      0x2c0 Core/Src/main.o
 .debug_macro   0x000000000001b61e       0xd6 Core/Src/main.o
 .debug_macro   0x000000000001b6f4      0x225 Core/Src/main.o
 .debug_macro   0x000000000001b919      0x8d1 Core/Src/main.o
 .debug_macro   0x000000000001c1ea       0x4c Core/Src/main.o
 .debug_macro   0x000000000001c236      0x287 Core/Src/main.o
 .debug_macro   0x000000000001c4bd      0x12d Core/Src/main.o
 .debug_macro   0x000000000001c5ea      0x130 Core/Src/main.o
 .debug_macro   0x000000000001c71a       0x52 Core/Src/main.o
 .debug_macro   0x000000000001c76c       0x18 Core/Src/main.o
 .debug_macro   0x000000000001c784       0x3c Core/Src/main.o
 .debug_macro   0x000000000001c7c0       0x34 Core/Src/main.o
 .debug_macro   0x000000000001c7f4      0x333 Core/Src/main.o
 .debug_macro   0x000000000001cb27       0x16 Core/Src/main.o
 .debug_macro   0x000000000001cb3d       0x43 Core/Src/main.o
 .debug_macro   0x000000000001cb80       0x34 Core/Src/main.o
 .debug_macro   0x000000000001cbb4       0x10 Core/Src/main.o
 .debug_macro   0x000000000001cbc4       0x58 Core/Src/main.o
 .debug_macro   0x000000000001cc1c       0x71 Core/Src/main.o
 .debug_macro   0x000000000001cc8d       0x1c Core/Src/main.o
 .debug_macro   0x000000000001cca9      0x12a Core/Src/main.o
 .debug_macro   0x000000000001cdd3       0x10 Core/Src/main.o
 .debug_macro   0x000000000001cde3       0x35 Core/Src/main.o
 .debug_macro   0x000000000001ce18       0x10 Core/Src/main.o
 .debug_macro   0x000000000001ce28       0x10 Core/Src/main.o
 .debug_macro   0x000000000001ce38       0x10 Core/Src/main.o
 .debug_macro   0x000000000001ce48       0x1c Core/Src/main.o
 .debug_macro   0x000000000001ce64       0x52 Core/Src/main.o
 .debug_macro   0x000000000001ceb6       0x22 Core/Src/main.o
 .debug_macro   0x000000000001ced8       0x10 Core/Src/main.o
 .debug_macro   0x000000000001cee8       0x40 Core/Src/main.o
 .debug_macro   0x000000000001cf28       0xd5 Core/Src/main.o
 .debug_macro   0x000000000001cffd       0x1c Core/Src/main.o
 .debug_macro   0x000000000001d019       0x3d Core/Src/main.o
 .debug_macro   0x000000000001d056       0x35 Core/Src/main.o
 .debug_macro   0x000000000001d08b       0x16 Core/Src/main.o
 .debug_macro   0x000000000001d0a1       0x20 Core/Src/main.o
 .debug_macro   0x000000000001d0c1      0x1f9 Core/Src/stm32f2xx_hal_msp.o
 .debug_macro   0x000000000001d2ba      0x1ea Core/Src/stm32f2xx_hal_timebase_tim.o
 .debug_macro   0x000000000001d4a4      0x203 Core/Src/stm32f2xx_it.o
 .debug_macro   0x000000000001d6a7      0x1ea Core/Src/system_stm32f2xx.o
 .debug_macro   0x000000000001d891      0x238 Drivers/STM32F2xx_HAL_Driver/Src/stm32f2xx_hal.o
 .debug_macro   0x000000000001dac9      0x1ea Drivers/STM32F2xx_HAL_Driver/Src/stm32f2xx_hal_cortex.o
 .debug_macro   0x000000000001dcb3      0x222 Drivers/STM32F2xx_HAL_Driver/Src/stm32f2xx_hal_gpio.o
 .debug_macro   0x000000000001ded5      0x214 Drivers/STM32F2xx_HAL_Driver/Src/stm32f2xx_hal_rcc.o
 .debug_macro   0x000000000001e0e9      0x1ea Drivers/STM32F2xx_HAL_Driver/Src/stm32f2xx_hal_rcc_ex.o
 .debug_macro   0x000000000001e2d3      0x1eb Drivers/STM32F2xx_HAL_Driver/Src/stm32f2xx_hal_rtc.o
 .debug_macro   0x000000000001e4be      0x1f2 Drivers/STM32F2xx_HAL_Driver/Src/stm32f2xx_hal_spi.o
 .debug_macro   0x000000000001e6b0      0x1eb Drivers/STM32F2xx_HAL_Driver/Src/stm32f2xx_hal_tim.o
 .debug_macro   0x000000000001e89b      0x1ea Drivers/STM32F2xx_HAL_Driver/Src/stm32f2xx_hal_tim_ex.o
 .debug_macro   0x000000000001ea85      0x1eb Drivers/STM32F2xx_HAL_Driver/Src/stm32f2xx_hal_uart.o

.debug_line     0x0000000000000000     0xfc6d
 .debug_line    0x0000000000000000      0xe13 Core/Src/main.o
 .debug_line    0x0000000000000e13      0x86f Core/Src/stm32f2xx_hal_msp.o
 .debug_line    0x0000000000001682      0x74d Core/Src/stm32f2xx_hal_timebase_tim.o
 .debug_line    0x0000000000001dcf      0x7f3 Core/Src/stm32f2xx_it.o
 .debug_line    0x00000000000025c2      0x76a Core/Src/system_stm32f2xx.o
 .debug_line    0x0000000000002d2c       0x85 Core/Startup/startup_stm32f205retx.o
 .debug_line    0x0000000000002db1      0xa01 Drivers/STM32F2xx_HAL_Driver/Src/stm32f2xx_hal.o
 .debug_line    0x00000000000037b2      0xc84 Drivers/STM32F2xx_HAL_Driver/Src/stm32f2xx_hal_cortex.o
 .debug_line    0x0000000000004436      0xb5b Drivers/STM32F2xx_HAL_Driver/Src/stm32f2xx_hal_gpio.o
 .debug_line    0x0000000000004f91      0xe89 Drivers/STM32F2xx_HAL_Driver/Src/stm32f2xx_hal_rcc.o
 .debug_line    0x0000000000005e1a      0x926 Drivers/STM32F2xx_HAL_Driver/Src/stm32f2xx_hal_rcc_ex.o
 .debug_line    0x0000000000006740     0x102e Drivers/STM32F2xx_HAL_Driver/Src/stm32f2xx_hal_rtc.o
 .debug_line    0x000000000000776e     0x1c0b Drivers/STM32F2xx_HAL_Driver/Src/stm32f2xx_hal_spi.o
 .debug_line    0x0000000000009379     0x3601 Drivers/STM32F2xx_HAL_Driver/Src/stm32f2xx_hal_tim.o
 .debug_line    0x000000000000c97a     0x1b24 Drivers/STM32F2xx_HAL_Driver/Src/stm32f2xx_hal_tim_ex.o
 .debug_line    0x000000000000e49e     0x17cf Drivers/STM32F2xx_HAL_Driver/Src/stm32f2xx_hal_uart.o

.debug_str      0x0000000000000000    0xbd50b
 .debug_str     0x0000000000000000    0xba547 Core/Src/main.o
                                      0xba98b (size before relaxing)
 .debug_str     0x00000000000ba547       0xcf Core/Src/stm32f2xx_hal_msp.o
                                      0xb68f4 (size before relaxing)
 .debug_str     0x00000000000ba616       0x99 Core/Src/stm32f2xx_hal_timebase_tim.o
                                      0xb5fa0 (size before relaxing)
 .debug_str     0x00000000000ba6af      0x105 Core/Src/stm32f2xx_it.o
                                      0xb5dfe (size before relaxing)
 .debug_str     0x00000000000ba7b4       0x5b Core/Src/system_stm32f2xx.o
                                      0xb54d9 (size before relaxing)
 .debug_str     0x00000000000ba80f       0x36 Core/Startup/startup_stm32f205retx.o
                                         0x8a (size before relaxing)
 .debug_str     0x00000000000ba845      0x487 Drivers/STM32F2xx_HAL_Driver/Src/stm32f2xx_hal.o
                                      0xb5f50 (size before relaxing)
 .debug_str     0x00000000000baccc      0x3ed Drivers/STM32F2xx_HAL_Driver/Src/stm32f2xx_hal_cortex.o
                                      0xb5de3 (size before relaxing)
 .debug_str     0x00000000000bb0b9      0x1ea Drivers/STM32F2xx_HAL_Driver/Src/stm32f2xx_hal_gpio.o
                                      0xb5770 (size before relaxing)
 .debug_str     0x00000000000bb2a3      0x278 Drivers/STM32F2xx_HAL_Driver/Src/stm32f2xx_hal_rcc.o
                                      0xb5959 (size before relaxing)
 .debug_str     0x00000000000bb51b       0xca Drivers/STM32F2xx_HAL_Driver/Src/stm32f2xx_hal_rcc_ex.o
                                      0xb5644 (size before relaxing)
 .debug_str     0x00000000000bb5e5      0x1ed Drivers/STM32F2xx_HAL_Driver/Src/stm32f2xx_hal_rtc.o
                                      0xb58ca (size before relaxing)
 .debug_str     0x00000000000bb7d2      0x554 Drivers/STM32F2xx_HAL_Driver/Src/stm32f2xx_hal_spi.o
                                      0xb5da4 (size before relaxing)
 .debug_str     0x00000000000bbd26      0xdc8 Drivers/STM32F2xx_HAL_Driver/Src/stm32f2xx_hal_tim.o
                                      0xb6855 (size before relaxing)
 .debug_str     0x00000000000bcaee      0x517 Drivers/STM32F2xx_HAL_Driver/Src/stm32f2xx_hal_tim_ex.o
                                      0xb602f (size before relaxing)
 .debug_str     0x00000000000bd005      0x506 Drivers/STM32F2xx_HAL_Driver/Src/stm32f2xx_hal_uart.o
                                      0xb5d91 (size before relaxing)

.comment        0x0000000000000000       0x53
 .comment       0x0000000000000000       0x53 Core/Src/main.o
                                         0x54 (size before relaxing)
 .comment       0x0000000000000053       0x54 Core/Src/stm32f2xx_hal_msp.o
 .comment       0x0000000000000053       0x54 Core/Src/stm32f2xx_hal_timebase_tim.o
 .comment       0x0000000000000053       0x54 Core/Src/stm32f2xx_it.o
 .comment       0x0000000000000053       0x54 Core/Src/system_stm32f2xx.o
 .comment       0x0000000000000053       0x54 Drivers/STM32F2xx_HAL_Driver/Src/stm32f2xx_hal.o
 .comment       0x0000000000000053       0x54 Drivers/STM32F2xx_HAL_Driver/Src/stm32f2xx_hal_cortex.o
 .comment       0x0000000000000053       0x54 Drivers/STM32F2xx_HAL_Driver/Src/stm32f2xx_hal_gpio.o
 .comment       0x0000000000000053       0x54 Drivers/STM32F2xx_HAL_Driver/Src/stm32f2xx_hal_rcc.o
 .comment       0x0000000000000053       0x54 Drivers/STM32F2xx_HAL_Driver/Src/stm32f2xx_hal_rcc_ex.o
 .comment       0x0000000000000053       0x54 Drivers/STM32F2xx_HAL_Driver/Src/stm32f2xx_hal_rtc.o
 .comment       0x0000000000000053       0x54 Drivers/STM32F2xx_HAL_Driver/Src/stm32f2xx_hal_spi.o
 .comment       0x0000000000000053       0x54 Drivers/STM32F2xx_HAL_Driver/Src/stm32f2xx_hal_tim.o
 .comment       0x0000000000000053       0x54 Drivers/STM32F2xx_HAL_Driver/Src/stm32f2xx_hal_tim_ex.o
 .comment       0x0000000000000053       0x54 Drivers/STM32F2xx_HAL_Driver/Src/stm32f2xx_hal_uart.o

.debug_frame    0x0000000000000000     0x3dc0
 .debug_frame   0x0000000000000000      0x22c Core/Src/main.o
 .debug_frame   0x000000000000022c      0x160 Core/Src/stm32f2xx_hal_msp.o
 .debug_frame   0x000000000000038c       0x74 Core/Src/stm32f2xx_hal_timebase_tim.o
 .debug_frame   0x0000000000000400      0x15c Core/Src/stm32f2xx_it.o
 .debug_frame   0x000000000000055c       0x58 Core/Src/system_stm32f2xx.o
 .debug_frame   0x00000000000005b4      0x384 Drivers/STM32F2xx_HAL_Driver/Src/stm32f2xx_hal.o
 .debug_frame   0x0000000000000938      0x498 Drivers/STM32F2xx_HAL_Driver/Src/stm32f2xx_hal_cortex.o
 .debug_frame   0x0000000000000dd0      0x14c Drivers/STM32F2xx_HAL_Driver/Src/stm32f2xx_hal_gpio.o
 .debug_frame   0x0000000000000f1c      0x204 Drivers/STM32F2xx_HAL_Driver/Src/stm32f2xx_hal_rcc.o
 .debug_frame   0x0000000000001120       0xa4 Drivers/STM32F2xx_HAL_Driver/Src/stm32f2xx_hal_rcc_ex.o
 .debug_frame   0x00000000000011c4      0x308 Drivers/STM32F2xx_HAL_Driver/Src/stm32f2xx_hal_rtc.o
 .debug_frame   0x00000000000014cc      0x820 Drivers/STM32F2xx_HAL_Driver/Src/stm32f2xx_hal_spi.o
 .debug_frame   0x0000000000001cec     0x11bc Drivers/STM32F2xx_HAL_Driver/Src/stm32f2xx_hal_tim.o
 .debug_frame   0x0000000000002ea8      0x638 Drivers/STM32F2xx_HAL_Driver/Src/stm32f2xx_hal_tim_ex.o
 .debug_frame   0x00000000000034e0      0x834 Drivers/STM32F2xx_HAL_Driver/Src/stm32f2xx_hal_uart.o
 .debug_frame   0x0000000000003d14       0x2c c:/st/stm32cubeide_1.6.1/stm32cubeide/plugins/com.st.stm32cube.ide.mcu.externaltools.gnu-tools-for-stm32.9-2020-q2-update.win32_1.5.0.202011040924/tools/bin/../lib/gcc/arm-none-eabi/9.3.1/../../../../arm-none-eabi/lib/thumb/v7-m/nofp\libc_nano.a(lib_a-init.o)
 .debug_frame   0x0000000000003d40       0x20 c:/st/stm32cubeide_1.6.1/stm32cubeide/plugins/com.st.stm32cube.ide.mcu.externaltools.gnu-tools-for-stm32.9-2020-q2-update.win32_1.5.0.202011040924/tools/bin/../lib/gcc/arm-none-eabi/9.3.1/../../../../arm-none-eabi/lib/thumb/v7-m/nofp\libc_nano.a(lib_a-memset.o)
 .debug_frame   0x0000000000003d60       0x2c c:/st/stm32cubeide_1.6.1/stm32cubeide/plugins/com.st.stm32cube.ide.mcu.externaltools.gnu-tools-for-stm32.9-2020-q2-update.win32_1.5.0.202011040924/tools/bin/../lib/gcc/arm-none-eabi/9.3.1/thumb/v7-m/nofp\libgcc.a(_aeabi_uldivmod.o)
 .debug_frame   0x0000000000003d8c       0x34 c:/st/stm32cubeide_1.6.1/stm32cubeide/plugins/com.st.stm32cube.ide.mcu.externaltools.gnu-tools-for-stm32.9-2020-q2-update.win32_1.5.0.202011040924/tools/bin/../lib/gcc/arm-none-eabi/9.3.1/thumb/v7-m/nofp\libgcc.a(_udivmoddi4.o)
