stm32f2xx_hal_rtc.c:237:19:HAL_RTC_Init	16	static
stm32f2xx_hal_rtc.c:348:19:HAL_RTC_DeInit	24	static
stm32f2xx_hal_rtc.c:639:13:HAL_RTC_MspInit	16	static
stm32f2xx_hal_rtc.c:654:13:HAL_RTC_MspDeInit	16	static
stm32f2xx_hal_rtc.c:692:19:HAL_RTC_SetTime	40	static
stm32f2xx_hal_rtc.c:815:19:HAL_RTC_GetTime	32	static
stm32f2xx_hal_rtc.c:854:19:HAL_RTC_SetDate	40	static
stm32f2xx_hal_rtc.c:960:19:HAL_RTC_GetDate	32	static
stm32f2xx_hal_rtc.c:1015:19:HAL_RTC_SetAlarm	40	static
stm32f2xx_hal_rtc.c:1189:19:HAL_RTC_SetAlarm_IT	40	static
stm32f2xx_hal_rtc.c:1364:19:HAL_RTC_DeactivateAlarm	24	static
stm32f2xx_hal_rtc.c:1461:19:HAL_RTC_GetAlarm	32	static
stm32f2xx_hal_rtc.c:1509:6:HAL_RTC_AlarmIRQHandler	16	static
stm32f2xx_hal_rtc.c:1560:13:HAL_RTC_AlarmAEventCallback	16	static
stm32f2xx_hal_rtc.c:1576:19:HAL_RTC_PollForAlarmAEvent	24	static
stm32f2xx_hal_rtc.c:1638:19:HAL_RTC_WaitForSynchro	24	static
stm32f2xx_hal_rtc.c:1684:21:HAL_RTC_GetState	16	static
stm32f2xx_hal_rtc.c:1701:19:RTC_EnterInitMode	24	static
stm32f2xx_hal_rtc.c:1733:9:RTC_ByteToBcd2	24	static
stm32f2xx_hal_rtc.c:1751:9:RTC_Bcd2ToByte	24	static
