stm32f2xx_hal_rtc_ex.c:135:19:HAL_RTCEx_SetTimeStamp	32	static
stm32f2xx_hal_rtc_ex.c:194:19:HAL_RTCEx_SetTimeStamp_IT	32	static
stm32f2xx_hal_rtc_ex.c:251:19:HAL_RTCEx_DeactivateTimeStamp	24	static
stm32f2xx_hal_rtc_ex.c:295:19:HAL_RTCEx_GetTimeStamp	32	static
stm32f2xx_hal_rtc_ex.c:346:19:HAL_RTCEx_SetTamper	24	static
stm32f2xx_hal_rtc_ex.c:382:19:HAL_RTCEx_SetTamper_IT	24	static
stm32f2xx_hal_rtc_ex.c:429:19:HAL_RTCEx_DeactivateTamper	16	static
stm32f2xx_hal_rtc_ex.c:455:6:HAL_RTCEx_TamperTimeStampIRQHandler	16	static
stm32f2xx_hal_rtc_ex.c:506:13:HAL_RTCEx_TimeStampEventCallback	16	static
stm32f2xx_hal_rtc_ex.c:521:13:HAL_RTCEx_Tamper1EventCallback	16	static
stm32f2xx_hal_rtc_ex.c:537:19:HAL_RTCEx_PollForTimeStampEvent	24	static
stm32f2xx_hal_rtc_ex.c:580:19:HAL_RTCEx_PollForTamper1Event	24	static
stm32f2xx_hal_rtc_ex.c:635:19:HAL_RTCEx_SetWakeUpTimer	32	static
stm32f2xx_hal_rtc_ex.c:727:19:HAL_RTCEx_SetWakeUpTimer_IT	32	static
stm32f2xx_hal_rtc_ex.c:827:10:HAL_RTCEx_DeactivateWakeUpTimer	24	static
stm32f2xx_hal_rtc_ex.c:882:10:HAL_RTCEx_GetWakeUpTimer	16	static
stm32f2xx_hal_rtc_ex.c:894:6:HAL_RTCEx_WakeUpTimerIRQHandler	16	static
stm32f2xx_hal_rtc_ex.c:927:13:HAL_RTCEx_WakeUpTimerEventCallback	16	static
stm32f2xx_hal_rtc_ex.c:943:19:HAL_RTCEx_PollForWakeUpTimerEvent	24	static
stm32f2xx_hal_rtc_ex.c:1009:6:HAL_RTCEx_BKUPWrite	32	static
stm32f2xx_hal_rtc_ex.c:1032:10:HAL_RTCEx_BKUPRead	24	static
stm32f2xx_hal_rtc_ex.c:1063:19:HAL_RTCEx_SetCoarseCalib	24	static
stm32f2xx_hal_rtc_ex.c:1121:19:HAL_RTCEx_DeactivateCoarseCalib	16	static
stm32f2xx_hal_rtc_ex.c:1171:19:HAL_RTCEx_SetCalibrationOutPut	16	static
stm32f2xx_hal_rtc_ex.c:1201:19:HAL_RTCEx_DeactivateCalibrationOutPut	16	static
stm32f2xx_hal_rtc_ex.c:1231:19:HAL_RTCEx_SetRefClock	16	static
stm32f2xx_hal_rtc_ex.c:1281:19:HAL_RTCEx_DeactivateRefClock	16	static
stm32f2xx_hal_rtc_ex.c:1350:13:HAL_RTCEx_AlarmBEventCallback	16	static
stm32f2xx_hal_rtc_ex.c:1366:19:HAL_RTCEx_PollForAlarmBEvent	24	static
