main.c:89:6:HAL_GPIO_EXTI_Callback	16	static
main.c:95:6:HAL_UART_RxCpltCallback	16	static
main.c:98:6:set_cmd	40	static
main.c:122:6:set_res	16	static
main.c:125:6:Hebb_weight_update	40	static
main.c:183:5:main	56	dynamic
main.c:340:6:SystemClock_Config	96	static
main.c:389:13:MX_RTC_Init	24	static
main.c:451:13:MX_SPI1_Init	8	static
main.c:489:13:MX_SPI3_Init	8	static
main.c:527:13:MX_TIM1_Init	32	static
main.c:573:13:MX_USART1_UART_Init	8	static
main.c:606:13:MX_USART2_UART_Init	8	static
main.c:639:13:MX_GPIO_Init	48	static
main.c:717:6:HAL_TIM_PeriodElapsedCallback	16	static
main.c:742:6:Error_Handler	4	static,ignoring_inline_asm
