main.c:89:6:HAL_GPIO_EXTI_Callback	16	static
main.c:95:6:HAL_UART_RxCpltCallback	16	static
main.c:98:6:Hebb_weight_update	40	static
main.c:156:5:main	72	dynamic
main.c:329:6:SystemClock_Config	96	static
main.c:378:13:MX_RTC_Init	24	static
main.c:440:13:MX_SPI1_Init	8	static
main.c:478:13:MX_SPI3_Init	8	static
main.c:516:13:MX_TIM1_Init	32	static
main.c:562:13:MX_USART1_UART_Init	8	static
main.c:595:13:MX_USART2_UART_Init	8	static
main.c:628:13:MX_GPIO_Init	48	static
main.c:707:6:HAL_TIM_PeriodElapsedCallback	16	static
main.c:732:6:Error_Handler	4	static,ignoring_inline_asm
